<html>
<body>
<pre>
<h1>µVision Build Log</h1>
<h2>Tool Versions:</h2>
IDE-Version: ¦ÌVision V5.17.0.0
Copyright (C) 2015 ARM Ltd and ARM Germany GmbH. All rights reserved.
License Information: lll Microsoft, Microsoft, LIC=65IBS-L8Q9J-2XSU1-CQBWY-QX6R1-BQUPI
 
Tool Versions:
Toolchain:       MDK-ARM Standard  Version: 5.17
Toolchain Path:  C:\Keil_v5\ARM\ARMCC\Bin
C Compiler:      Armcc.exe V5.06 update 1 (build 61)
Assembler:       Armasm.exe V5.06 update 1 (build 61)
Linker/Locator:  ArmLink.exe V5.06 update 1 (build 61)
Library Manager: ArmAr.exe V5.06 update 1 (build 61)
Hex Converter:   FromElf.exe V5.06 update 1 (build 61)
CPU DLL:         SARMCM3.DLL V5.17
Dialog DLL:      DCM.DLL V1.13.4.0
Target DLL:      Segger\JL2CM3.dll V2.99.16.0
Dialog DLL:      TCM.DLL V1.14.6.0
 
<h2>Project:</h2>
E:\GD32F4\GD32F303RE_project\project\Keil_project\Project.uvprojx
Project File Date:  07/01/2019

<h2>Output:</h2>
*** Using Compiler 'V5.06 update 1 (build 61)', folder: 'C:\Keil_v5\ARM\ARMCC\Bin'
Rebuild target 'GD32F30X_HD'
compiling gd32f30x_it.c...
compiling main.c...
compiling systick.c...
compiling system_gd32f30x.c...
compiling gd32f30x_adc.c...
compiling gd32f30x_bkp.c...
compiling gd32f30x_can.c...
compiling gd32f30x_crc.c...
compiling gd32f30x_ctc.c...
compiling gd32f30x_dac.c...
compiling gd32f30x_dbg.c...
compiling gd32f30x_dma.c...
compiling gd32f30x_enet.c...
compiling gd32f30x_exmc.c...
compiling gd32f30x_exti.c...
compiling gd32f30x_fmc.c...
compiling gd32f30x_fwdgt.c...
compiling gd32f30x_gpio.c...
compiling gd32f30x_i2c.c...
compiling gd32f30x_misc.c...
compiling gd32f30x_pmu.c...
compiling gd32f30x_rcu.c...
compiling gd32f30x_rtc.c...
compiling gd32f30x_sdio.c...
compiling gd32f30x_spi.c...
compiling gd32f30x_timer.c...
compiling gd32f30x_usart.c...
compiling gd32f30x_wwdgt.c...
assembling startup_gd32f30x_hd.s...
compiling gd32f303e_eval.c...
compiling ADC_DMA.c...
compiling UART_DMA.c...
..\..\hardware\MATH\sysType.h(10): warning:  #1-D: last line of file ends without a newline
  #endif
..\..\hardware\UART_DMA\UART_DMA.h(41): warning:  #1-D: last line of file ends without a newline
  #endif
..\..\hardware\UART_DMA\UART_DMA.c(108): warning:  #167-D: argument of type "volatile dma_parameter_struct *" is incompatible with parameter of type "dma_parameter_struct *"
      dma_init(
MA0, DMA_CH4, &DMA_CH1_Tx_InitStruc);
..\..\hardware\UART_DMA\UART_DMA.c(216): warning:  #167-D: argument of type "volatile dma_parameter_struct *" is incompatible with parameter of type "dma_parameter_struct *"
                DMA_SendEn(
MA0, DMA_CH3,&DMA_CH1_Tx_InitStruc,tempLen,SramAdd);
..\..\hardware\UART_DMA\UART_DMA.c(250): warning:  #167-D: argument of type "volatile dma_parameter_struct *" is incompatible with parameter of type "dma_parameter_struct *"
                  DMA_SendEn(
MA0, DMA_CH6,&DMA_CH1_Tx_InitStruc,tempLen,SramAdd);
..\..\hardware\UART_DMA\UART_DMA.c(282): warning:  #940-D: missing return statement at end of non-void function "UartC_read"
  }
..\..\hardware\UART_DMA\UART_DMA.c(303): warning:  #940-D: missing return statement at end of non-void function "UartC_Available"
  }
..\..\hardware\UART_DMA\UART_DMA.c(345): warning:  #167-D: argument of type "volatile dma_parameter_struct *" is incompatible with parameter of type "dma_parameter_struct *"
                                 DMA_SendEn(
MA0, DMA_CH3,&DMA_CH1_Tx_InitStruc,tempLen,SramAdd);
..\..\hardware\UART_DMA\UART_DMA.c(388): warning:  #167-D: argument of type "volatile dma_parameter_struct *" is incompatible with parameter of type "dma_parameter_struct *"
                        DMA_SendEn(
MA0, DMA_CH6,&DMA_CH1_Tx_InitStruc,tempLen,SramAdd);
..\..\hardware\UART_DMA\UART_DMA.c(359): warning:  #177-D: variable "overlap" was declared but never referenced
        static U8 overlap=0;
..\..\hardware\UART_DMA\UART_DMA.c: 10 warnings, 0 errors
linking...
Program Size: Code=4412 RO-data=336 RW-data=156 ZI-data=5220  
FromELF: creating hex file...
".\output\Project.axf" - 0 Error(s), 10 Warning(s).

<h2>Collection of Component include folders:</h2>
  E:\GD32F4\GD32F303RE_project\project\Keil_project\RTE
  C:\Keil_v5\ARM\PACK\GigaDevice\GD32F30x_DFP\1.1.0\Device\Include

<h2>Collection of Component Files used:</h2>
Build Time Elapsed:  00:00:18
</pre>
</body>
</html>
