Component: ARM Compiler 5.06 update 1 (build 61) Tool: armlink [4d35a8]

==============================================================================

Section Cross References

    gd32f30x_it.o(i.SysTick_Handler) refers to systick.o(i.Update_SystemTick) for Update_SystemTick
    main.o(i.fputc) refers to uart_dma.o(i.UartC_write) for UartC_write
    main.o(i.led_spark) refers to gd32f303e_eval.o(i.gd_eval_led_on) for gd_eval_led_on
    main.o(i.led_spark) refers to gd32f303e_eval.o(i.gd_eval_led_off) for gd_eval_led_off
    main.o(i.led_spark) refers to main.o(.data) for .data
    main.o(i.main) refers to systick.o(i.systick_config) for systick_config
    main.o(i.main) refers to gd32f30x_misc.o(i.nvic_priority_group_set) for nvic_priority_group_set
    main.o(i.main) refers to gd32f30x_misc.o(i.nvic_irq_enable) for nvic_irq_enable
    main.o(i.main) refers to gd32f303e_eval.o(i.gd_eval_led_init) for gd_eval_led_init
    main.o(i.main) refers to uart_dma.o(i.UartC_DmaInitial) for UartC_DmaInitial
    main.o(i.main) refers to uart_dma.o(i.UartA_DmaInitial) for UartA_DmaInitial
    main.o(i.main) refers to pwm_ppm_capture.o(i.PWM_PPM_inInitial) for PWM_PPM_inInitial
    main.o(i.main) refers to tle5012b.o(i.TLE5012B_initialise) for TLE5012B_initialise
    main.o(i.main) refers to pwmout.o(i.PWMoutInitial) for PWMoutInitial
    main.o(i.main) refers to timer.o(i.Timerx_Init) for Timerx_Init
    main.o(i.main) refers to gd32f303e_eval.o(i.gd_eval_led_on) for gd_eval_led_on
    main.o(i.main) refers to systick.o(i.delay_1ms) for delay_1ms
    main.o(i.main) refers to gd32f303e_eval.o(i.gd_eval_led_off) for gd_eval_led_off
    main.o(i.main) refers to uart_dma.o(i.UartC_Available) for UartC_Available
    main.o(i.main) refers to uart_dma.o(i.UartA_Available) for UartA_Available
    main.o(i.main) refers to systick.o(i.micros) for micros
    main.o(i.main) refers to f2d.o(x$fpl$f2d) for __aeabi_f2d
    main.o(i.main) refers to uart_dma.o(i.UCprintf) for UCprintf
    main.o(i.main) refers to uart_dma.o(i.UAprintf) for UAprintf
    main.o(i.main) refers to uart_dma.o(i.UartC_read) for UartC_read
    main.o(i.main) refers to uart_dma.o(i.UartA_read) for UartA_read
    main.o(i.main) refers to main.o(.data) for .data
    main.o(i.nvic_config) refers to gd32f30x_misc.o(i.nvic_priority_group_set) for nvic_priority_group_set
    main.o(i.nvic_config) refers to gd32f30x_misc.o(i.nvic_irq_enable) for nvic_irq_enable
    systick.o(i.delay_1ms) refers to systick.o(.data) for .data
    systick.o(i.millis) refers to systick.o(.data) for .data
    systick.o(i.systick_config) refers to system_gd32f30x.o(.data) for SystemCoreClock
    systick.o(i.systick_config) refers to systick.o(.data) for .data
    system_gd32f30x.o(i.SystemCoreClockUpdate) refers to system_gd32f30x.o(.data) for .data
    gd32f30x_adc.o(i.adc_deinit) refers to gd32f30x_rcu.o(i.rcu_periph_reset_enable) for rcu_periph_reset_enable
    gd32f30x_adc.o(i.adc_deinit) refers to gd32f30x_rcu.o(i.rcu_periph_reset_disable) for rcu_periph_reset_disable
    gd32f30x_bkp.o(i.bkp_deinit) refers to gd32f30x_rcu.o(i.rcu_bkp_reset_enable) for rcu_bkp_reset_enable
    gd32f30x_bkp.o(i.bkp_deinit) refers to gd32f30x_rcu.o(i.rcu_bkp_reset_disable) for rcu_bkp_reset_disable
    gd32f30x_can.o(i.can_debug_freeze_disable) refers to gd32f30x_dbg.o(i.dbg_periph_enable) for dbg_periph_enable
    gd32f30x_can.o(i.can_debug_freeze_enable) refers to gd32f30x_dbg.o(i.dbg_periph_enable) for dbg_periph_enable
    gd32f30x_can.o(i.can_deinit) refers to gd32f30x_rcu.o(i.rcu_periph_reset_enable) for rcu_periph_reset_enable
    gd32f30x_can.o(i.can_deinit) refers to gd32f30x_rcu.o(i.rcu_periph_reset_disable) for rcu_periph_reset_disable
    gd32f30x_ctc.o(i.ctc_deinit) refers to gd32f30x_rcu.o(i.rcu_periph_reset_enable) for rcu_periph_reset_enable
    gd32f30x_ctc.o(i.ctc_deinit) refers to gd32f30x_rcu.o(i.rcu_periph_reset_disable) for rcu_periph_reset_disable
    gd32f30x_dac.o(i.dac_deinit) refers to gd32f30x_rcu.o(i.rcu_periph_reset_enable) for rcu_periph_reset_enable
    gd32f30x_dac.o(i.dac_deinit) refers to gd32f30x_rcu.o(i.rcu_periph_reset_disable) for rcu_periph_reset_disable
    gd32f30x_fmc.o(i.fmc_bank0_erase) refers to gd32f30x_fmc.o(i.fmc_bank0_ready_wait) for fmc_bank0_ready_wait
    gd32f30x_fmc.o(i.fmc_bank1_erase) refers to gd32f30x_fmc.o(i.fmc_bank1_ready_wait) for fmc_bank1_ready_wait
    gd32f30x_fmc.o(i.fmc_halfword_program) refers to gd32f30x_fmc.o(i.fmc_bank0_ready_wait) for fmc_bank0_ready_wait
    gd32f30x_fmc.o(i.fmc_halfword_program) refers to gd32f30x_fmc.o(i.fmc_bank1_ready_wait) for fmc_bank1_ready_wait
    gd32f30x_fmc.o(i.fmc_mass_erase) refers to gd32f30x_fmc.o(i.fmc_bank0_ready_wait) for fmc_bank0_ready_wait
    gd32f30x_fmc.o(i.fmc_mass_erase) refers to gd32f30x_fmc.o(i.fmc_bank1_ready_wait) for fmc_bank1_ready_wait
[...]
    Removing gd32f30x_usart.o(i.usart_lin_mode_disable), (10 bytes).
    Removing gd32f30x_usart.o(i.usart_lin_mode_enable), (10 bytes).
    Removing gd32f30x_usart.o(i.usart_mute_mode_disable), (10 bytes).
    Removing gd32f30x_usart.o(i.usart_mute_mode_enable), (10 bytes).
    Removing gd32f30x_usart.o(i.usart_mute_mode_wakeup_config), (16 bytes).
    Removing gd32f30x_usart.o(i.usart_prescaler_config), (16 bytes).
    Removing gd32f30x_usart.o(i.usart_receiver_timeout_disable), (14 bytes).
    Removing gd32f30x_usart.o(i.usart_receiver_timeout_enable), (14 bytes).
    Removing gd32f30x_usart.o(i.usart_receiver_timeout_threshold_config), (24 bytes).
    Removing gd32f30x_usart.o(i.usart_send_break), (10 bytes).
    Removing gd32f30x_usart.o(i.usart_smartcard_autoretry_config), (30 bytes).
    Removing gd32f30x_usart.o(i.usart_smartcard_mode_disable), (10 bytes).
    Removing gd32f30x_usart.o(i.usart_smartcard_mode_enable), (10 bytes).
    Removing gd32f30x_usart.o(i.usart_smartcard_mode_nack_disable), (10 bytes).
    Removing gd32f30x_usart.o(i.usart_smartcard_mode_nack_enable), (10 bytes).
    Removing gd32f30x_usart.o(i.usart_synchronous_clock_config), (32 bytes).
    Removing gd32f30x_usart.o(i.usart_synchronous_clock_disable), (10 bytes).
    Removing gd32f30x_usart.o(i.usart_synchronous_clock_enable), (10 bytes).
    Removing gd32f30x_wwdgt.o(.rev16_text), (4 bytes).
    Removing gd32f30x_wwdgt.o(.revsh_text), (4 bytes).
    Removing gd32f30x_wwdgt.o(i.wwdgt_config), (48 bytes).
    Removing gd32f30x_wwdgt.o(i.wwdgt_counter_update), (24 bytes).
    Removing gd32f30x_wwdgt.o(i.wwdgt_deinit), (22 bytes).
    Removing gd32f30x_wwdgt.o(i.wwdgt_enable), (16 bytes).
    Removing gd32f30x_wwdgt.o(i.wwdgt_flag_clear), (16 bytes).
    Removing gd32f30x_wwdgt.o(i.wwdgt_flag_get), (20 bytes).
    Removing gd32f30x_wwdgt.o(i.wwdgt_interrupt_enable), (16 bytes).
    Removing gd32f303e_eval.o(.rev16_text), (4 bytes).
    Removing gd32f303e_eval.o(.revsh_text), (4 bytes).
    Removing gd32f303e_eval.o(i.gd_eval_com_init), (144 bytes).
    Removing gd32f303e_eval.o(i.gd_eval_key_init), (120 bytes).
    Removing gd32f303e_eval.o(i.gd_eval_key_state_get), (24 bytes).
    Removing gd32f303e_eval.o(i.gd_eval_led_toggle), (48 bytes).
    Removing adc_dma.o(.rev16_text), (4 bytes).
    Removing adc_dma.o(.revsh_text), (4 bytes).
    Removing adc_dma.o(i.adc_DMA_config), (256 bytes).
    Removing adc_dma.o(i.dma_config_forADC0), (92 bytes).
    Removing adc_dma.o(.data), (2 bytes).
    Removing uart_dma.o(.rev16_text), (4 bytes).
    Removing uart_dma.o(.revsh_text), (4 bytes).
    Removing uart_dma.o(i.con_strnlen), (24 bytes).
    Removing uart_dma.o(i.writeOneByte2Buffer), (20 bytes).
    Removing pwmout.o(.rev16_text), (4 bytes).
    Removing pwmout.o(.revsh_text), (4 bytes).
    Removing pwmout.o(i.morotrAWrite), (30 bytes).
    Removing pwmout.o(i.morotrBWrite), (40 bytes).
    Removing pwmout.o(i.morotrCWrite), (40 bytes).
    Removing spi.o(.rev16_text), (4 bytes).
    Removing spi.o(.revsh_text), (4 bytes).
    Removing spi.o(i.SPIX_3wires_initial), (2 bytes).
    Removing pwm_ppm_capture.o(.rev16_text), (4 bytes).
    Removing pwm_ppm_capture.o(.revsh_text), (4 bytes).
    Removing pwm_ppm_capture.o(i.timer_capture_polarity_set), (80 bytes).
    Removing timer.o(.rev16_text), (4 bytes).
    Removing timer.o(.revsh_text), (4 bytes).
    Removing tle5012b.o(.rev16_text), (4 bytes).
    Removing tle5012b.o(.revsh_text), (4 bytes).
    Removing focdriver.o(.rev16_text), (4 bytes).
    Removing focdriver.o(.revsh_text), (4 bytes).
    Removing focdriver.o(i.foc_initialise), (2 bytes).
    Removing uart_dma.o(i.UartB_read), (4 bytes).
    Removing uart_dma.o(i.UartB_Available), (4 bytes).
    Removing uart_dma.o(i.UartB_write), (2 bytes).

641 unused section(s) (total 18960 bytes) removed from the image.

==============================================================================

Image Symbol Table

    Local Symbols

    Symbol Name                              Value     Ov Type        Size  Object(Section)

    ../clib/angel/boardlib.s                 0x00000000   Number         0  boardinit1.o ABSOLUTE
    ../clib/angel/boardlib.s                 0x00000000   Number         0  boardinit2.o ABSOLUTE
    ../clib/angel/boardlib.s                 0x00000000   Number         0  boardinit3.o ABSOLUTE
    ../clib/angel/boardlib.s                 0x00000000   Number         0  boardshut.o ABSOLUTE
    ../clib/angel/handlers.s                 0x00000000   Number         0  __scatter_zi.o ABSOLUTE
    ../clib/angel/handlers.s                 0x00000000   Number         0  __scatter_copy.o ABSOLUTE
    ../clib/angel/kernel.s                   0x00000000   Number         0  rtexit.o ABSOLUTE
    ../clib/angel/kernel.s                   0x00000000   Number         0  __rtentry.o ABSOLUTE
    ../clib/angel/kernel.s                   0x00000000   Number         0  __rtentry2.o ABSOLUTE
    ../clib/angel/kernel.s                   0x00000000   Number         0  __rtentry4.o ABSOLUTE
    ../clib/angel/kernel.s                   0x00000000   Number         0  rtexit2.o ABSOLUTE
    ../clib/angel/rt.s                       0x00000000   Number         0  aeabi_ldiv0.o ABSOLUTE
    ../clib/angel/rt.s                       0x00000000   Number         0  aeabi_ldiv0_sigfpe.o ABSOLUTE
    ../clib/angel/rt.s                       0x00000000   Number         0  rt_div0.o ABSOLUTE
    ../clib/angel/rt.s                       0x00000000   Number         0  rt_raise.o ABSOLUTE
    ../clib/angel/scatter.s                  0x00000000   Number         0  __scatter.o ABSOLUTE
    ../clib/angel/startup.s                  0x00000000   Number         0  __main.o ABSOLUTE
    ../clib/angel/sys.s                      0x00000000   Number         0  use_no_semi.o ABSOLUTE
    ../clib/angel/sys.s                      0x00000000   Number         0  indicate_semi.o ABSOLUTE
    ../clib/angel/sys.s                      0x00000000   Number         0  libspace.o ABSOLUTE
    ../clib/angel/sys.s                      0x00000000   Number         0  sys_stackheap_outer.o ABSOLUTE
    ../clib/angel/sysapp.c                   0x00000000   Number         0  sys_exit.o ABSOLUTE
    ../clib/angel/sysapp.c                   0x00000000   Number         0  sys_wrch.o ABSOLUTE
    ../clib/angel/sysapp.c                   0x00000000   Number         0  sys_command.o ABSOLUTE
    ../clib/armsys.c                         0x00000000   Number         0  argv_veneer.o ABSOLUTE
    ../clib/armsys.c                         0x00000000   Number         0  argv_veneer.o ABSOLUTE
    ../clib/armsys.c                         0x00000000   Number         0  _get_argv_nomalloc.o ABSOLUTE
    ../clib/armsys.c                         0x00000000   Number         0  no_argv.o ABSOLUTE
    ../clib/heapalloc.c                      0x00000000   Number         0  hrguard.o ABSOLUTE
    ../clib/heapaux.c                        0x00000000   Number         0  heapauxi.o ABSOLUTE
    ../clib/libinit.s                        0x00000000   Number         0  libshutdown.o ABSOLUTE
    ../clib/libinit.s                        0x00000000   Number         0  libinit2.o ABSOLUTE
    ../clib/libinit.s                        0x00000000   Number         0  libshutdown2.o ABSOLUTE
    ../clib/libinit.s                        0x00000000   Number         0  libinit.o ABSOLUTE
    ../clib/longlong.s                       0x00000000   Number         0  llsshr.o ABSOLUTE
    ../clib/longlong.s                       0x00000000   Number         0  llsdiv.o ABSOLUTE
    ../clib/longlong.s                       0x00000000   Number         0  lludivv7m.o ABSOLUTE
    ../clib/signal.c                         0x00000000   Number         0  defsig_fpe_outer.o ABSOLUTE
    ../clib/signal.c                         0x00000000   Number         0  defsig_other.o ABSOLUTE
    ../clib/signal.c                         0x00000000   Number         0  defsig_abrt_inner.o ABSOLUTE
    ../clib/signal.c                         0x00000000   Number         0  defsig_segv_inner.o ABSOLUTE
    ../clib/signal.c                         0x00000000   Number         0  defsig_cppl_inner.o ABSOLUTE
    ../clib/signal.c                         0x00000000   Number         0  defsig_pvfn_inner.o ABSOLUTE
    ../clib/signal.c                         0x00000000   Number         0  defsig_stak_inner.o ABSOLUTE
    ../clib/signal.c                         0x00000000   Number         0  defsig_rtmem_inner.o ABSOLUTE
    ../clib/signal.c                         0x00000000   Number         0  defsig_rtred_inner.o ABSOLUTE
    ../clib/signal.c                         0x00000000   Number         0  defsig_rtmem_formal.o ABSOLUTE
    ../clib/signal.c                         0x00000000   Number         0  defsig_rtmem_outer.o ABSOLUTE
    ../clib/signal.c                         0x00000000   Number         0  defsig_general.o ABSOLUTE
    ../clib/signal.c                         0x00000000   Number         0  __raise.o ABSOLUTE
    ../clib/signal.c                         0x00000000   Number         0  defsig_fpe_inner.o ABSOLUTE
    ../clib/signal.c                         0x00000000   Number         0  defsig_exit.o ABSOLUTE
    ../clib/signal.c                         0x00000000   Number         0  defsig_fpe_formal.o ABSOLUTE
    ../clib/signal.s                         0x00000000   Number         0  defsig.o ABSOLUTE
    ../clib/stdlib.c                         0x00000000   Number         0  exit.o ABSOLUTE
    ../fplib/d2f.s                           0x00000000   Number         0  d2f.o ABSOLUTE
    ../fplib/dnaninf.s                       0x00000000   Number         0  dnaninf.o ABSOLUTE
    ../fplib/dretinf.s                       0x00000000   Number         0  dretinf.o ABSOLUTE
    ../fplib/f2d.s                           0x00000000   Number         0  f2d.o ABSOLUTE
    ../fplib/fnaninf.s                       0x00000000   Number         0  fnaninf.o ABSOLUTE
    ../fplib/fpinit.s                        0x00000000   Number         0  fpinit.o ABSOLUTE
    ../fplib/fretinf.s                       0x00000000   Number         0  fretinf.o ABSOLUTE
    ../fplib/usenofp.s                       0x00000000   Number         0  usenofp.o ABSOLUTE
    ..\..\Firmware\CMSIS\GD\GD32F30x\Source\ARM\startup_gd32f30x_hd.s 0x00000000   Number         0  startup_gd32f30x_hd.o ABSOLUTE
    ..\..\Firmware\CMSIS\GD\GD32F30x\Source\system_gd32f30x.c 0x00000000   Number         0  system_gd32f30x.o ABSOLUTE
    ..\..\Firmware\GD32F30x_standard_peripheral\Source\gd32f30x_adc.c 0x00000000   Number         0  gd32f30x_adc.o ABSOLUTE
    ..\..\Firmware\GD32F30x_standard_peripheral\Source\gd32f30x_bkp.c 0x00000000   Number         0  gd32f30x_bkp.o ABSOLUTE
    ..\..\Firmware\GD32F30x_standard_peripheral\Source\gd32f30x_can.c 0x00000000   Number         0  gd32f30x_can.o ABSOLUTE
    ..\..\Firmware\GD32F30x_standard_peripheral\Source\gd32f30x_crc.c 0x00000000   Number         0  gd32f30x_crc.o ABSOLUTE
    ..\..\Firmware\GD32F30x_standard_peripheral\Source\gd32f30x_ctc.c 0x00000000   Number         0  gd32f30x_ctc.o ABSOLUTE
    ..\..\Firmware\GD32F30x_standard_peripheral\Source\gd32f30x_dac.c 0x00000000   Number         0  gd32f30x_dac.o ABSOLUTE
    ..\..\Firmware\GD32F30x_standard_peripheral\Source\gd32f30x_dbg.c 0x00000000   Number         0  gd32f30x_dbg.o ABSOLUTE
    ..\..\Firmware\GD32F30x_standard_peripheral\Source\gd32f30x_dma.c 0x00000000   Number         0  gd32f30x_dma.o ABSOLUTE
    ..\..\Firmware\GD32F30x_standard_peripheral\Source\gd32f30x_enet.c 0x00000000   Number         0  gd32f30x_enet.o ABSOLUTE
    ..\..\Firmware\GD32F30x_standard_peripheral\Source\gd32f30x_exmc.c 0x00000000   Number         0  gd32f30x_exmc.o ABSOLUTE
    ..\..\Firmware\GD32F30x_standard_peripheral\Source\gd32f30x_exti.c 0x00000000   Number         0  gd32f30x_exti.o ABSOLUTE
    ..\..\Firmware\GD32F30x_standard_peripheral\Source\gd32f30x_fmc.c 0x00000000   Number         0  gd32f30x_fmc.o ABSOLUTE
    ..\..\Firmware\GD32F30x_standard_peripheral\Source\gd32f30x_fwdgt.c 0x00000000   Number         0  gd32f30x_fwdgt.o ABSOLUTE
    ..\..\Firmware\GD32F30x_standard_peripheral\Source\gd32f30x_gpio.c 0x00000000   Number         0  gd32f30x_gpio.o ABSOLUTE
    ..\..\Firmware\GD32F30x_standard_peripheral\Source\gd32f30x_i2c.c 0x00000000   Number         0  gd32f30x_i2c.o ABSOLUTE
    ..\..\Firmware\GD32F30x_standard_peripheral\Source\gd32f30x_misc.c 0x00000000   Number         0  gd32f30x_misc.o ABSOLUTE
    ..\..\Firmware\GD32F30x_standard_peripheral\Source\gd32f30x_pmu.c 0x00000000   Number         0  gd32f30x_pmu.o ABSOLUTE
    ..\..\Firmware\GD32F30x_standard_peripheral\Source\gd32f30x_rcu.c 0x00000000   Number         0  gd32f30x_rcu.o ABSOLUTE
    ..\..\Firmware\GD32F30x_standard_peripheral\Source\gd32f30x_rtc.c 0x00000000   Number         0  gd32f30x_rtc.o ABSOLUTE
    ..\..\Firmware\GD32F30x_standard_peripheral\Source\gd32f30x_sdio.c 0x00000000   Number         0  gd32f30x_sdio.o ABSOLUTE
    ..\..\Firmware\GD32F30x_standard_peripheral\Source\gd32f30x_spi.c 0x00000000   Number         0  gd32f30x_spi.o ABSOLUTE
    ..\..\Firmware\GD32F30x_standard_peripheral\Source\gd32f30x_timer.c 0x00000000   Number         0  gd32f30x_timer.o ABSOLUTE
    ..\..\Firmware\GD32F30x_standard_peripheral\Source\gd32f30x_usart.c 0x00000000   Number         0  gd32f30x_usart.o ABSOLUTE
    ..\..\Firmware\GD32F30x_standard_peripheral\Source\gd32f30x_wwdgt.c 0x00000000   Number         0  gd32f30x_wwdgt.o ABSOLUTE
    ..\..\SYSTEM\FOCdriver\FOCdriver.c       0x00000000   Number         0  focdriver.o ABSOLUTE
    ..\..\SYSTEM\TLE5012B\TLE5012B.c         0x00000000   Number         0  tle5012b.o ABSOLUTE
    ..\..\Utilities\gd32f303e_eval.c         0x00000000   Number         0  gd32f303e_eval.o ABSOLUTE
    ..\..\hardware\ADC_DMA\ADC_DMA.c         0x00000000   Number         0  adc_dma.o ABSOLUTE
    ..\..\hardware\PWM_PPM_capture\PWM_PPM_capture.c 0x00000000   Number         0  pwm_ppm_capture.o ABSOLUTE
    ..\..\hardware\PWMout\PWMout.c           0x00000000   Number         0  pwmout.o ABSOLUTE
    ..\..\hardware\SPI\SPI.c                 0x00000000   Number         0  spi.o ABSOLUTE
    ..\..\hardware\TIMER\Timer.c             0x00000000   Number         0  timer.o ABSOLUTE
    ..\..\hardware\UART_DMA\UART_DMA.c       0x00000000   Number         0  uart_dma.o ABSOLUTE
    ..\\..\\Firmware\\CMSIS\\GD\\GD32F30x\\Source\\system_gd32f30x.c 0x00000000   Number         0  system_gd32f30x.o ABSOLUTE
    ..\\..\\Firmware\\GD32F30x_standard_peripheral\\Source\\gd32f30x_adc.c 0x00000000   Number         0  gd32f30x_adc.o ABSOLUTE
    ..\\..\\Firmware\\GD32F30x_standard_peripheral\\Source\\gd32f30x_bkp.c 0x00000000   Number         0  gd32f30x_bkp.o ABSOLUTE
    ..\\..\\Firmware\\GD32F30x_standard_peripheral\\Source\\gd32f30x_can.c 0x00000000   Number         0  gd32f30x_can.o ABSOLUTE
    ..\\..\\Firmware\\GD32F30x_standard_peripheral\\Source\\gd32f30x_crc.c 0x00000000   Number         0  gd32f30x_crc.o ABSOLUTE
    ..\\..\\Firmware\\GD32F30x_standard_peripheral\\Source\\gd32f30x_ctc.c 0x00000000   Number         0  gd32f30x_ctc.o ABSOLUTE
    ..\\..\\Firmware\\GD32F30x_standard_peripheral\\Source\\gd32f30x_dac.c 0x00000000   Number         0  gd32f30x_dac.o ABSOLUTE
    ..\\..\\Firmware\\GD32F30x_standard_peripheral\\Source\\gd32f30x_dbg.c 0x00000000   Number         0  gd32f30x_dbg.o ABSOLUTE
    ..\\..\\Firmware\\GD32F30x_standard_peripheral\\Source\\gd32f30x_dma.c 0x00000000   Number         0  gd32f30x_dma.o ABSOLUTE
    ..\\..\\Firmware\\GD32F30x_standard_peripheral\\Source\\gd32f30x_enet.c 0x00000000   Number         0  gd32f30x_enet.o ABSOLUTE
    ..\\..\\Firmware\\GD32F30x_standard_peripheral\\Source\\gd32f30x_exmc.c 0x00000000   Number         0  gd32f30x_exmc.o ABSOLUTE
    ..\\..\\Firmware\\GD32F30x_standard_peripheral\\Source\\gd32f30x_exti.c 0x00000000   Number         0  gd32f30x_exti.o ABSOLUTE
    ..\\..\\Firmware\\GD32F30x_standard_peripheral\\Source\\gd32f30x_fmc.c 0x00000000   Number         0  gd32f30x_fmc.o ABSOLUTE
    ..\\..\\Firmware\\GD32F30x_standard_peripheral\\Source\\gd32f30x_fwdgt.c 0x00000000   Number         0  gd32f30x_fwdgt.o ABSOLUTE
    ..\\..\\Firmware\\GD32F30x_standard_peripheral\\Source\\gd32f30x_gpio.c 0x00000000   Number         0  gd32f30x_gpio.o ABSOLUTE
    ..\\..\\Firmware\\GD32F30x_standard_peripheral\\Source\\gd32f30x_i2c.c 0x00000000   Number         0  gd32f30x_i2c.o ABSOLUTE
    ..\\..\\Firmware\\GD32F30x_standard_peripheral\\Source\\gd32f30x_misc.c 0x00000000   Number         0  gd32f30x_misc.o ABSOLUTE
    ..\\..\\Firmware\\GD32F30x_standard_peripheral\\Source\\gd32f30x_pmu.c 0x00000000   Number         0  gd32f30x_pmu.o ABSOLUTE
    ..\\..\\Firmware\\GD32F30x_standard_peripheral\\Source\\gd32f30x_rcu.c 0x00000000   Number         0  gd32f30x_rcu.o ABSOLUTE
    ..\\..\\Firmware\\GD32F30x_standard_peripheral\\Source\\gd32f30x_rtc.c 0x00000000   Number         0  gd32f30x_rtc.o ABSOLUTE
    ..\\..\\Firmware\\GD32F30x_standard_peripheral\\Source\\gd32f30x_sdio.c 0x00000000   Number         0  gd32f30x_sdio.o ABSOLUTE
    ..\\..\\Firmware\\GD32F30x_standard_peripheral\\Source\\gd32f30x_spi.c 0x00000000   Number         0  gd32f30x_spi.o ABSOLUTE
    ..\\..\\Firmware\\GD32F30x_standard_peripheral\\Source\\gd32f30x_timer.c 0x00000000   Number         0  gd32f30x_timer.o ABSOLUTE
    ..\\..\\Firmware\\GD32F30x_standard_peripheral\\Source\\gd32f30x_usart.c 0x00000000   Number         0  gd32f30x_usart.o ABSOLUTE
    ..\\..\\Firmware\\GD32F30x_standard_peripheral\\Source\\gd32f30x_wwdgt.c 0x00000000   Number         0  gd32f30x_wwdgt.o ABSOLUTE
    ..\\..\\SYSTEM\\FOCdriver\\FOCdriver.c   0x00000000   Number         0  focdriver.o ABSOLUTE
    ..\\..\\SYSTEM\\TLE5012B\\TLE5012B.c     0x00000000   Number         0  tle5012b.o ABSOLUTE
    ..\\..\\Utilities\\gd32f303e_eval.c      0x00000000   Number         0  gd32f303e_eval.o ABSOLUTE
    ..\\..\\hardware\\ADC_DMA\\ADC_DMA.c     0x00000000   Number         0  adc_dma.o ABSOLUTE
    ..\\..\\hardware\\PWM_PPM_capture\\PWM_PPM_capture.c 0x00000000   Number         0  pwm_ppm_capture.o ABSOLUTE
    ..\\..\\hardware\\PWMout\\PWMout.c       0x00000000   Number         0  pwmout.o ABSOLUTE
    ..\\..\\hardware\\SPI\\SPI.c             0x00000000   Number         0  spi.o ABSOLUTE
    ..\\..\\hardware\\TIMER\\Timer.c         0x00000000   Number         0  timer.o ABSOLUTE
    ..\\..\\hardware\\UART_DMA\\UART_DMA.c   0x00000000   Number         0  uart_dma.o ABSOLUTE
    ..\\gd32f30x_it.c                        0x00000000   Number         0  gd32f30x_it.o ABSOLUTE
    ..\\main.c                               0x00000000   Number         0  main.o ABSOLUTE
    ..\\systick.c                            0x00000000   Number         0  systick.o ABSOLUTE
    ..\gd32f30x_it.c                         0x00000000   Number         0  gd32f30x_it.o ABSOLUTE
    ..\main.c                                0x00000000   Number         0  main.o ABSOLUTE
    ..\systick.c                             0x00000000   Number         0  systick.o ABSOLUTE
    dc.s                                     0x00000000   Number         0  dc.o ABSOLUTE
    RESET                                    0x08000000   Section      304  startup_gd32f30x_hd.o(RESET)
    !!!main                                  0x08000130   Section        8  __main.o(!!!main)
    !!!scatter                               0x08000138   Section       52  __scatter.o(!!!scatter)
    !!handler_copy                           0x0800016c   Section       26  __scatter_copy.o(!!handler_copy)
    !!handler_zi                             0x08000188   Section       28  __scatter_zi.o(!!handler_zi)
    .ARM.Collect$$libinit$$00000000          0x080001a4   Section        2  libinit.o(.ARM.Collect$$libinit$$00000000)
    .ARM.Collect$$libinit$$00000001          0x080001a6   Section        4  libinit2.o(.ARM.Collect$$libinit$$00000001)
    .ARM.Collect$$libinit$$00000004          0x080001aa   Section        0  libinit2.o(.ARM.Collect$$libinit$$00000004)
    .ARM.Collect$$libinit$$0000000A          0x080001aa   Section        0  libinit2.o(.ARM.Collect$$libinit$$0000000A)
    .ARM.Collect$$libinit$$0000000C          0x080001aa   Section        0  libinit2.o(.ARM.Collect$$libinit$$0000000C)
    .ARM.Collect$$libinit$$0000000E          0x080001aa   Section        0  libinit2.o(.ARM.Collect$$libinit$$0000000E)
    .ARM.Collect$$libinit$$00000011          0x080001aa   Section        0  libinit2.o(.ARM.Collect$$libinit$$00000011)
    .ARM.Collect$$libinit$$00000013          0x080001aa   Section        0  libinit2.o(.ARM.Collect$$libinit$$00000013)
    .ARM.Collect$$libinit$$00000015          0x080001aa   Section        0  libinit2.o(.ARM.Collect$$libinit$$00000015)
    .ARM.Collect$$libinit$$00000017          0x080001aa   Section        0  libinit2.o(.ARM.Collect$$libinit$$00000017)
    .ARM.Collect$$libinit$$00000019          0x080001aa   Section        0  libinit2.o(.ARM.Collect$$libinit$$00000019)
    .ARM.Collect$$libinit$$0000001B          0x080001aa   Section        0  libinit2.o(.ARM.Collect$$libinit$$0000001B)
    .ARM.Collect$$libinit$$0000001D          0x080001aa   Section        0  libinit2.o(.ARM.Collect$$libinit$$0000001D)
    .ARM.Collect$$libinit$$0000001F          0x080001aa   Section        0  libinit2.o(.ARM.Collect$$libinit$$0000001F)
    .ARM.Collect$$libinit$$00000021          0x080001aa   Section        0  libinit2.o(.ARM.Collect$$libinit$$00000021)
    .ARM.Collect$$libinit$$00000023          0x080001aa   Section        0  libinit2.o(.ARM.Collect$$libinit$$00000023)
    .ARM.Collect$$libinit$$00000025          0x080001aa   Section        0  libinit2.o(.ARM.Collect$$libinit$$00000025)
    .ARM.Collect$$libinit$$0000002C          0x080001aa   Section        0  libinit2.o(.ARM.Collect$$libinit$$0000002C)
    .ARM.Collect$$libinit$$0000002E          0x080001aa   Section        0  libinit2.o(.ARM.Collect$$libinit$$0000002E)
    .ARM.Collect$$libinit$$00000030          0x080001aa   Section        0  libinit2.o(.ARM.Collect$$libinit$$00000030)
    .ARM.Collect$$libinit$$00000032          0x080001aa   Section        0  libinit2.o(.ARM.Collect$$libinit$$00000032)
    .ARM.Collect$$libinit$$00000033          0x080001aa   Section        2  libinit2.o(.ARM.Collect$$libinit$$00000033)
    .ARM.Collect$$libshutdown$$00000000      0x080001ac   Section        2  libshutdown.o(.ARM.Collect$$libshutdown$$00000000)
    .ARM.Collect$$libshutdown$$00000002      0x080001ae   Section        0  libshutdown2.o(.ARM.Collect$$libshutdown$$00000002)
    .ARM.Collect$$libshutdown$$00000004      0x080001ae   Section        0  libshutdown2.o(.ARM.Collect$$libshutdown$$00000004)
    .ARM.Collect$$libshutdown$$00000007      0x080001ae   Section        0  libshutdown2.o(.ARM.Collect$$libshutdown$$00000007)
    .ARM.Collect$$libshutdown$$0000000A      0x080001ae   Section        0  libshutdown2.o(.ARM.Collect$$libshutdown$$0000000A)
    .ARM.Collect$$libshutdown$$0000000C      0x080001ae   Section        0  libshutdown2.o(.ARM.Collect$$libshutdown$$0000000C)
    .ARM.Collect$$libshutdown$$0000000F      0x080001ae   Section        0  libshutdown2.o(.ARM.Collect$$libshutdown$$0000000F)
    .ARM.Collect$$libshutdown$$00000010      0x080001ae   Section        2  libshutdown2.o(.ARM.Collect$$libshutdown$$00000010)
    .ARM.Collect$$rtentry$$00000000          0x080001b0   Section        0  __rtentry.o(.ARM.Collect$$rtentry$$00000000)
    .ARM.Collect$$rtentry$$00000002          0x080001b0   Section        0  __rtentry2.o(.ARM.Collect$$rtentry$$00000002)
    .ARM.Collect$$rtentry$$00000004          0x080001b0   Section        6  __rtentry4.o(.ARM.Collect$$rtentry$$00000004)
    .ARM.Collect$$rtentry$$00000009          0x080001b6   Section        0  __rtentry2.o(.ARM.Collect$$rtentry$$00000009)
    .ARM.Collect$$rtentry$$0000000A          0x080001b6   Section        4  __rtentry2.o(.ARM.Collect$$rtentry$$0000000A)
    .ARM.Collect$$rtentry$$0000000C          0x080001ba   Section        0  __rtentry2.o(.ARM.Collect$$rtentry$$0000000C)
    .ARM.Collect$$rtentry$$0000000D          0x080001ba   Section        8  __rtentry2.o(.ARM.Collect$$rtentry$$0000000D)
    .ARM.Collect$$rtexit$$00000000           0x080001c2   Section        2  rtexit.o(.ARM.Collect$$rtexit$$00000000)
    .ARM.Collect$$rtexit$$00000002           0x080001c4   Section        0  rtexit2.o(.ARM.Collect$$rtexit$$00000002)
    .ARM.Collect$$rtexit$$00000003           0x080001c4   Section        4  rtexit2.o(.ARM.Collect$$rtexit$$00000003)
    .ARM.Collect$$rtexit$$00000004           0x080001c8   Section        6  rtexit2.o(.ARM.Collect$$rtexit$$00000004)
    .text                                    0x080001d0   Section       64  startup_gd32f30x_hd.o(.text)
    $v0                                      0x080001d0   Number         0  startup_gd32f30x_hd.o(.text)
    .text                                    0x08000210   Section       38  llsshr.o(.text)
    .text                                    0x08000236   Section       72  llsdiv.o(.text)
    .text                                    0x0800027e   Section        0  heapauxi.o(.text)
    .text                                    0x08000284   Section      238  lludivv7m.o(.text)
    .text                                    0x08000372   Section       74  sys_stackheap_outer.o(.text)
    .text                                    0x080003bc   Section        0  exit.o(.text)
    .text                                    0x080003d0   Section        8  libspace.o(.text)
    .text                                    0x080003d8   Section        0  sys_exit.o(.text)
    .text                                    0x080003e4   Section        2  use_no_semi.o(.text)
    .text                                    0x080003e6   Section        0  indicate_semi.o(.text)
    i.BusFault_Handler                       0x080003e6   Section        0  gd32f30x_it.o(i.BusFault_Handler)
    i.DMA0_Channel1_IRQHandler               0x080003e8   Section        0  uart_dma.o(i.DMA0_Channel1_IRQHandler)
    i.DMA0_Channel3_IRQHandler               0x08000478   Section        0  uart_dma.o(i.DMA0_Channel3_IRQHandler)
    i.DMAbufInit                             0x0800050c   Section        0  uart_dma.o(i.DMAbufInit)
    i.DebugMon_Handler                       0x08000544   Section        0  gd32f30x_it.o(i.DebugMon_Handler)
    i.HardFault_Handler                      0x08000546   Section        0  gd32f30x_it.o(i.HardFault_Handler)
    i.MemManage_Handler                      0x08000548   Section        0  gd32f30x_it.o(i.MemManage_Handler)
    i.NMI_Handler                            0x0800054a   Section        0  gd32f30x_it.o(i.NMI_Handler)
    i.PWM_PPM_inInitial                      0x0800054c   Section        0  pwm_ppm_capture.o(i.PWM_PPM_inInitial)
    i.PWMoutInitial                          0x08000550   Section        0  pwmout.o(i.PWMoutInitial)
    i.PendSV_Handler                         0x0800055a   Section        0  gd32f30x_it.o(i.PendSV_Handler)
    i.SPI2_Init                              0x0800055c   Section        0  spi.o(i.SPI2_Init)
    i.SVC_Handler                            0x08000604   Section        0  gd32f30x_it.o(i.SVC_Handler)
    i.SysTick_Handler                        0x08000606   Section        0  gd32f30x_it.o(i.SysTick_Handler)
    i.SystemInit                             0x0800060c   Section        0  system_gd32f30x.o(i.SystemInit)
    i.TIMER4_IRQHandler                      0x08000708   Section        0  focdriver.o(i.TIMER4_IRQHandler)
    i.TIMER7_Channel_IRQHandler              0x08000738   Section        0  pwm_ppm_capture.o(i.TIMER7_Channel_IRQHandler)
    i.TLE5012B_initialise                    0x080007fc   Section        0  tle5012b.o(i.TLE5012B_initialise)
    i.Timerx_Init                            0x08000800   Section        0  timer.o(i.Timerx_Init)
    i.UAprintf                               0x08000880   Section        0  uart_dma.o(i.UAprintf)
    i.UCprintf                               0x08000894   Section        0  uart_dma.o(i.UCprintf)
    i.UartA_Available                        0x080008a8   Section        0  uart_dma.o(i.UartA_Available)
    i.UartA_DmaInitial                       0x080008dc   Section        0  uart_dma.o(i.UartA_DmaInitial)
    i.UartA_read                             0x080009cc   Section        0  uart_dma.o(i.UartA_read)
    i.UartA_write                            0x080009ec   Section        0  uart_dma.o(i.UartA_write)
    i.UartC_Available                        0x08000ac0   Section        0  uart_dma.o(i.UartC_Available)
    i.UartC_DmaInitial                       0x08000af4   Section        0  uart_dma.o(i.UartC_DmaInitial)
    i.UartC_read                             0x08000be4   Section        0  uart_dma.o(i.UartC_read)
    i.UartC_write                            0x08000c04   Section        0  uart_dma.o(i.UartC_write)
    i.Update_SystemTick                      0x08000cd4   Section        0  systick.o(i.Update_SystemTick)
    i.UsageFault_Handler                     0x08000ce4   Section        0  gd32f30x_it.o(i.UsageFault_Handler)
    i.delay_1ms                              0x08000ce8   Section        0  systick.o(i.delay_1ms)
    i.dma_channel_disable                    0x08000d30   Section        0  gd32f30x_dma.o(i.dma_channel_disable)
    i.dma_channel_enable                     0x08000d52   Section        0  gd32f30x_dma.o(i.dma_channel_enable)
    i.dma_circulation_disable                0x08000d74   Section        0  gd32f30x_dma.o(i.dma_circulation_disable)
    i.dma_circulation_enable                 0x08000d96   Section        0  gd32f30x_dma.o(i.dma_circulation_enable)
    i.dma_deinit                             0x08000db8   Section        0  gd32f30x_dma.o(i.dma_deinit)
    i.dma_init                               0x08000df2   Section        0  gd32f30x_dma.o(i.dma_init)
    i.dma_interrupt_enable                   0x08000e6c   Section        0  gd32f30x_dma.o(i.dma_interrupt_enable)
    i.dma_interrupt_flag_clear               0x08000e8c   Section        0  gd32f30x_dma.o(i.dma_interrupt_flag_clear)
    i.dma_interrupt_flag_get                 0x08000e9a   Section        0  gd32f30x_dma.o(i.dma_interrupt_flag_get)
    i.dma_memory_to_memory_disable           0x08000ee4   Section        0  gd32f30x_dma.o(i.dma_memory_to_memory_disable)
    i.dma_transfer_number_get                0x08000f06   Section        0  gd32f30x_dma.o(i.dma_transfer_number_get)
    i.ftoa_engine                            0x08000f24   Section        0  uart_dma.o(i.ftoa_engine)
    i.gd_eval_led_init                       0x080010d0   Section        0  gd32f303e_eval.o(i.gd_eval_led_init)
    i.gd_eval_led_off                        0x08001108   Section        0  gd32f303e_eval.o(i.gd_eval_led_off)
    i.gd_eval_led_on                         0x08001120   Section        0  gd32f303e_eval.o(i.gd_eval_led_on)
    i.gpio_init                              0x08001138   Section        0  gd32f30x_gpio.o(i.gpio_init)
    i.main                                   0x080011d8   Section        0  main.o(i.main)
    i.micros                                 0x080013a4   Section        0  systick.o(i.micros)
    i.nvic_irq_enable                        0x080013d8   Section        0  gd32f30x_misc.o(i.nvic_irq_enable)
    i.nvic_priority_group_set                0x08001494   Section        0  gd32f30x_misc.o(i.nvic_priority_group_set)
    i.print_vprintf                          0x080014a8   Section        0  uart_dma.o(i.print_vprintf)
    i.rcu_clock_freq_get                     0x08001be4   Section        0  gd32f30x_rcu.o(i.rcu_clock_freq_get)
    i.rcu_periph_clock_enable                0x08001d08   Section        0  gd32f30x_rcu.o(i.rcu_periph_clock_enable)
    i.rcu_periph_reset_disable               0x08001d24   Section        0  gd32f30x_rcu.o(i.rcu_periph_reset_disable)
    i.rcu_periph_reset_enable                0x08001d42   Section        0  gd32f30x_rcu.o(i.rcu_periph_reset_enable)
    i.spi_enable                             0x08001d5e   Section        0  gd32f30x_spi.o(i.spi_enable)
    i.spi_init                               0x08001d68   Section        0  gd32f30x_spi.o(i.spi_init)
    i.synchronTim123                         0x08001d98   Section        0  pwmout.o(i.synchronTim123)
    i.systick_config                         0x0800201c   Section        0  systick.o(i.systick_config)
    i.timer_auto_reload_shadow_enable        0x08002060   Section        0  gd32f30x_timer.o(i.timer_auto_reload_shadow_enable)
    i.timer_captur_configuration             0x0800206c   Section        0  pwm_ppm_capture.o(i.timer_captur_configuration)
    i.timer_channel_input_capture_prescaler_config 0x08002114   Section        0  gd32f30x_timer.o(i.timer_channel_input_capture_prescaler_config)
    i.timer_channel_output_config            0x08002164   Section        0  gd32f30x_timer.o(i.timer_channel_output_config)
    i.timer_channel_output_mode_config       0x08002344   Section        0  gd32f30x_timer.o(i.timer_channel_output_mode_config)
    i.timer_channel_output_pulse_value_config 0x08002394   Section        0  gd32f30x_timer.o(i.timer_channel_output_pulse_value_config)
    i.timer_channel_output_shadow_config     0x080023b4   Section        0  gd32f30x_timer.o(i.timer_channel_output_shadow_config)
    i.timer_deinit                           0x08002404   Section        0  gd32f30x_timer.o(i.timer_deinit)
    i.timer_enable                           0x080024e8   Section        0  gd32f30x_timer.o(i.timer_enable)
    i.timer_init                             0x080024f4   Section        0  gd32f30x_timer.o(i.timer_init)
    i.timer_input_capture_config             0x080025a8   Section        0  gd32f30x_timer.o(i.timer_input_capture_config)
    i.timer_input_trigger_source_select      0x080026f0   Section        0  gd32f30x_timer.o(i.timer_input_trigger_source_select)
    i.timer_interrupt_enable                 0x08002700   Section        0  gd32f30x_timer.o(i.timer_interrupt_enable)
    i.timer_interrupt_flag_clear             0x08002708   Section        0  gd32f30x_timer.o(i.timer_interrupt_flag_clear)
    i.timer_interrupt_flag_get               0x08002712   Section        0  gd32f30x_timer.o(i.timer_interrupt_flag_get)
    i.timer_master_output_trigger_source_select 0x08002724   Section        0  gd32f30x_timer.o(i.timer_master_output_trigger_source_select)
    i.timer_master_slave_mode_config         0x08002734   Section        0  gd32f30x_timer.o(i.timer_master_slave_mode_config)
    i.timer_slave_mode_select                0x08002750   Section        0  gd32f30x_timer.o(i.timer_slave_mode_select)
    i.ultoa_invert                           0x08002760   Section        0  uart_dma.o(i.ultoa_invert)
    i.usartAC_config                         0x08002800   Section        0  uart_dma.o(i.usartAC_config)
    i.usart_baudrate_set                     0x080028c8   Section        0  gd32f30x_usart.o(i.usart_baudrate_set)
    i.usart_dma_receive_config               0x08002924   Section        0  gd32f30x_usart.o(i.usart_dma_receive_config)
    i.usart_dma_transmit_config              0x08002930   Section        0  gd32f30x_usart.o(i.usart_dma_transmit_config)
    i.usart_enable                           0x0800293c   Section        0  gd32f30x_usart.o(i.usart_enable)
    i.usart_parity_config                    0x08002946   Section        0  gd32f30x_usart.o(i.usart_parity_config)
    i.usart_receive_config                   0x08002956   Section        0  gd32f30x_usart.o(i.usart_receive_config)
    i.usart_stop_bit_set                     0x08002962   Section        0  gd32f30x_usart.o(i.usart_stop_bit_set)
    i.usart_transmit_config                  0x08002972   Section        0  gd32f30x_usart.o(i.usart_transmit_config)
    i.usart_word_length_set                  0x0800297e   Section        0  gd32f30x_usart.o(i.usart_word_length_set)
    x$fpl$d2f                                0x08002990   Section       98  d2f.o(x$fpl$d2f)
    $v0                                      0x08002990   Number         0  d2f.o(x$fpl$d2f)
    x$fpl$dnaninf                            0x080029f2   Section      156  dnaninf.o(x$fpl$dnaninf)
    $v0                                      0x080029f2   Number         0  dnaninf.o(x$fpl$dnaninf)
    x$fpl$dretinf                            0x08002a8e   Section       12  dretinf.o(x$fpl$dretinf)
    $v0                                      0x08002a8e   Number         0  dretinf.o(x$fpl$dretinf)
    x$fpl$f2d                                0x08002a9c   Section       86  f2d.o(x$fpl$f2d)
    $v0                                      0x08002a9c   Number         0  f2d.o(x$fpl$f2d)
    x$fpl$fnaninf                            0x08002af2   Section      140  fnaninf.o(x$fpl$fnaninf)
    $v0                                      0x08002af2   Number         0  fnaninf.o(x$fpl$fnaninf)
    x$fpl$fpinit                             0x08002b7e   Section       10  fpinit.o(x$fpl$fpinit)
    $v0                                      0x08002b7e   Number         0  fpinit.o(x$fpl$fpinit)
    x$fpl$fretinf                            0x08002b88   Section       10  fretinf.o(x$fpl$fretinf)
    $v0                                      0x08002b88   Number         0  fretinf.o(x$fpl$fretinf)
    x$fpl$usenofp                            0x08002b92   Section        0  usenofp.o(x$fpl$usenofp)
    .constdata                               0x08002b94   Section      160  uart_dma.o(.constdata)
    exponentTable                            0x08002b94   Data          32  uart_dma.o(.constdata)
    factorTable                              0x08002bb4   Data         128  uart_dma.o(.constdata)
    .data                                    0x20000000   Section        8  main.o(.data)
    timingdelaylocal                         0x20000004   Data           4  main.o(.data)
    .data                                    0x20000008   Section        8  systick.o(.data)
    delay                                    0x20000008   Data           4  systick.o(.data)
    .data                                    0x20000010   Section        4  system_gd32f30x.o(.data)
    .data                                    0x20000014   Section      140  gd32f303e_eval.o(.data)
    COM_CLK                                  0x20000014   Data           4  gd32f303e_eval.o(.data)
    COM_GPIO_CLK                             0x20000018   Data           4  gd32f303e_eval.o(.data)
    KEY_PORT_SOURCE                          0x2000001c   Data           4  gd32f303e_eval.o(.data)
    KEY_PIN_SOURCE                           0x20000020   Data           4  gd32f303e_eval.o(.data)
    KEY_IRQn                                 0x20000024   Data           4  gd32f303e_eval.o(.data)
    COM_TX_PIN                               0x20000028   Data           8  gd32f303e_eval.o(.data)
    COM_RX_PIN                               0x20000030   Data           8  gd32f303e_eval.o(.data)
    COM_GPIO_PORT                            0x20000038   Data           8  gd32f303e_eval.o(.data)
    GPIO_CLK                                 0x20000040   Data           8  gd32f303e_eval.o(.data)
    KEY_CLK                                  0x20000048   Data           8  gd32f303e_eval.o(.data)
    GPIO_PORT                                0x20000050   Data          16  gd32f303e_eval.o(.data)
    GPIO_PIN                                 0x20000060   Data          16  gd32f303e_eval.o(.data)
    KEY_PORT                                 0x20000070   Data          16  gd32f303e_eval.o(.data)
    KEY_PIN                                  0x20000080   Data          16  gd32f303e_eval.o(.data)
    KEY_EXTI_LINE                            0x20000090   Data          16  gd32f303e_eval.o(.data)
    .data                                    0x200000a0   Section       10  pwm_ppm_capture.o(.data)
    capflag1                                 0x200000a0   Data           1  pwm_ppm_capture.o(.data)
    capflag2                                 0x200000a1   Data           1  pwm_ppm_capture.o(.data)
    lastPwm1                                 0x200000a6   Data           2  pwm_ppm_capture.o(.data)
    lastPwm2                                 0x200000a8   Data           2  pwm_ppm_capture.o(.data)
    .bss                                     0x200000ac   Section     4192  uart_dma.o(.bss)
    .bss                                     0x2000110c   Section       96  libspace.o(.bss)
    HEAP                                     0x20001170   Section     8192  startup_gd32f30x_hd.o(HEAP)
    Heap_Mem                                 0x20001170   Data        8192  startup_gd32f30x_hd.o(HEAP)
    STACK                                    0x20003170   Section     8192  startup_gd32f30x_hd.o(STACK)
    Stack_Mem                                0x20003170   Data        8192  startup_gd32f30x_hd.o(STACK)
    __initial_sp                             0x20005170   Data           0  startup_gd32f30x_hd.o(STACK)

    Global Symbols

    Symbol Name                              Value     Ov Type        Size  Object(Section)

    BuildAttributes$$THM_ISAv4$E$P$D$K$B$S$7EM$VFPi3$EXTD16$VFPS$VFMA$PE$A:L22UL41UL21$X:L11$S22US41US21$IEEE1$IW$USESV6$~STKCKD$USESV7$~SHL$OTIME$ROPI$EBA8$UX$STANDARDLIB$REQ8$PRES8$EABIv2 0x00000000   Number         0  anon$$obj.o ABSOLUTE
    __ARM_use_no_argv                        0x00000000   Number         0  main.o ABSOLUTE
    __ARM_exceptions_init                     - Undefined Weak Reference
    __alloca_initialize                       - Undefined Weak Reference
    __arm_preinit_                            - Undefined Weak Reference
    __cpp_initialize__aeabi_                  - Undefined Weak Reference
    __cxa_finalize                            - Undefined Weak Reference
    __rt_locale                               - Undefined Weak Reference
    __sigvec_lookup                           - Undefined Weak Reference
    _atexit_init                              - Undefined Weak Reference
    _call_atexit_fns                          - Undefined Weak Reference
    _clock_init                               - Undefined Weak Reference
    _fp_trap_init                             - Undefined Weak Reference
    _fp_trap_shutdown                         - Undefined Weak Reference
    _get_lc_collate                           - Undefined Weak Reference
    _get_lc_ctype                             - Undefined Weak Reference
    _get_lc_monetary                          - Undefined Weak Reference
    _get_lc_numeric                           - Undefined Weak Reference
    _get_lc_time                              - Undefined Weak Reference
    _getenv_init                              - Undefined Weak Reference
    _handle_redirection                       - Undefined Weak Reference
    _init_alloc                               - Undefined Weak Reference
    _init_user_alloc                          - Undefined Weak Reference
    _initio                                   - Undefined Weak Reference
    _rand_init                                - Undefined Weak Reference
    _signal_finish                            - Undefined Weak Reference
    _signal_init                              - Undefined Weak Reference
    _terminate_alloc                          - Undefined Weak Reference
    _terminate_user_alloc                     - Undefined Weak Reference
    _terminateio                              - Undefined Weak Reference
    __Vectors_Size                           0x00000130   Number         0  startup_gd32f30x_hd.o ABSOLUTE
    __Vectors                                0x08000000   Data           4  startup_gd32f30x_hd.o(RESET)
    __Vectors_End                            0x08000130   Data           0  startup_gd32f30x_hd.o(RESET)
    __main                                   0x08000131   Thumb Code     8  __main.o(!!!main)
    __scatterload                            0x08000139   Thumb Code     0  __scatter.o(!!!scatter)
    __scatterload_rt2                        0x08000139   Thumb Code    44  __scatter.o(!!!scatter)
    __scatterload_rt2_thumb_only             0x08000139   Thumb Code     0  __scatter.o(!!!scatter)
    __scatterload_null                       0x08000147   Thumb Code     0  __scatter.o(!!!scatter)
    __scatterload_copy                       0x0800016d   Thumb Code    26  __scatter_copy.o(!!handler_copy)
    __scatterload_zeroinit                   0x08000189   Thumb Code    28  __scatter_zi.o(!!handler_zi)
    __rt_lib_init                            0x080001a5   Thumb Code     0  libinit.o(.ARM.Collect$$libinit$$00000000)
    __rt_lib_init_fp_1                       0x080001a7   Thumb Code     0  libinit2.o(.ARM.Collect$$libinit$$00000001)
    __rt_lib_init_alloca_1                   0x080001ab   Thumb Code     0  libinit2.o(.ARM.Collect$$libinit$$0000002E)
    __rt_lib_init_argv_1                     0x080001ab   Thumb Code     0  libinit2.o(.ARM.Collect$$libinit$$0000002C)
    __rt_lib_init_atexit_1                   0x080001ab   Thumb Code     0  libinit2.o(.ARM.Collect$$libinit$$0000001B)
    __rt_lib_init_clock_1                    0x080001ab   Thumb Code     0  libinit2.o(.ARM.Collect$$libinit$$00000021)
    __rt_lib_init_cpp_1                      0x080001ab   Thumb Code     0  libinit2.o(.ARM.Collect$$libinit$$00000032)
    __rt_lib_init_exceptions_1               0x080001ab   Thumb Code     0  libinit2.o(.ARM.Collect$$libinit$$00000030)
    __rt_lib_init_fp_trap_1                  0x080001ab   Thumb Code     0  libinit2.o(.ARM.Collect$$libinit$$0000001F)
    __rt_lib_init_getenv_1                   0x080001ab   Thumb Code     0  libinit2.o(.ARM.Collect$$libinit$$00000023)
    __rt_lib_init_heap_1                     0x080001ab   Thumb Code     0  libinit2.o(.ARM.Collect$$libinit$$0000000A)
    __rt_lib_init_lc_collate_1               0x080001ab   Thumb Code     0  libinit2.o(.ARM.Collect$$libinit$$00000011)
    __rt_lib_init_lc_ctype_1                 0x080001ab   Thumb Code     0  libinit2.o(.ARM.Collect$$libinit$$00000013)
    __rt_lib_init_lc_monetary_1              0x080001ab   Thumb Code     0  libinit2.o(.ARM.Collect$$libinit$$00000015)
    __rt_lib_init_lc_numeric_1               0x080001ab   Thumb Code     0  libinit2.o(.ARM.Collect$$libinit$$00000017)
    __rt_lib_init_lc_time_1                  0x080001ab   Thumb Code     0  libinit2.o(.ARM.Collect$$libinit$$00000019)
    __rt_lib_init_preinit_1                  0x080001ab   Thumb Code     0  libinit2.o(.ARM.Collect$$libinit$$00000004)
    __rt_lib_init_rand_1                     0x080001ab   Thumb Code     0  libinit2.o(.ARM.Collect$$libinit$$0000000E)
    __rt_lib_init_return                     0x080001ab   Thumb Code     0  libinit2.o(.ARM.Collect$$libinit$$00000033)
    __rt_lib_init_signal_1                   0x080001ab   Thumb Code     0  libinit2.o(.ARM.Collect$$libinit$$0000001D)
    __rt_lib_init_stdio_1                    0x080001ab   Thumb Code     0  libinit2.o(.ARM.Collect$$libinit$$00000025)
    __rt_lib_init_user_alloc_1               0x080001ab   Thumb Code     0  libinit2.o(.ARM.Collect$$libinit$$0000000C)
    __rt_lib_shutdown                        0x080001ad   Thumb Code     0  libshutdown.o(.ARM.Collect$$libshutdown$$00000000)
    __rt_lib_shutdown_cpp_1                  0x080001af   Thumb Code     0  libshutdown2.o(.ARM.Collect$$libshutdown$$00000002)
    __rt_lib_shutdown_fp_trap_1              0x080001af   Thumb Code     0  libshutdown2.o(.ARM.Collect$$libshutdown$$00000007)
    __rt_lib_shutdown_heap_1                 0x080001af   Thumb Code     0  libshutdown2.o(.ARM.Collect$$libshutdown$$0000000F)
    __rt_lib_shutdown_return                 0x080001af   Thumb Code     0  libshutdown2.o(.ARM.Collect$$libshutdown$$00000010)
    __rt_lib_shutdown_signal_1               0x080001af   Thumb Code     0  libshutdown2.o(.ARM.Collect$$libshutdown$$0000000A)
    __rt_lib_shutdown_stdio_1                0x080001af   Thumb Code     0  libshutdown2.o(.ARM.Collect$$libshutdown$$00000004)
    __rt_lib_shutdown_user_alloc_1           0x080001af   Thumb Code     0  libshutdown2.o(.ARM.Collect$$libshutdown$$0000000C)
    __rt_entry                               0x080001b1   Thumb Code     0  __rtentry.o(.ARM.Collect$$rtentry$$00000000)
    __rt_entry_presh_1                       0x080001b1   Thumb Code     0  __rtentry2.o(.ARM.Collect$$rtentry$$00000002)
    __rt_entry_sh                            0x080001b1   Thumb Code     0  __rtentry4.o(.ARM.Collect$$rtentry$$00000004)
    __rt_entry_li                            0x080001b7   Thumb Code     0  __rtentry2.o(.ARM.Collect$$rtentry$$0000000A)
    __rt_entry_postsh_1                      0x080001b7   Thumb Code     0  __rtentry2.o(.ARM.Collect$$rtentry$$00000009)
    __rt_entry_main                          0x080001bb   Thumb Code     0  __rtentry2.o(.ARM.Collect$$rtentry$$0000000D)
    __rt_entry_postli_1                      0x080001bb   Thumb Code     0  __rtentry2.o(.ARM.Collect$$rtentry$$0000000C)
    __rt_exit                                0x080001c3   Thumb Code     0  rtexit.o(.ARM.Collect$$rtexit$$00000000)
    __rt_exit_ls                             0x080001c5   Thumb Code     0  rtexit2.o(.ARM.Collect$$rtexit$$00000003)
    __rt_exit_prels_1                        0x080001c5   Thumb Code     0  rtexit2.o(.ARM.Collect$$rtexit$$00000002)
    __rt_exit_exit                           0x080001c9   Thumb Code     0  rtexit2.o(.ARM.Collect$$rtexit$$00000004)
    Reset_Handler                            0x080001d1   Thumb Code     8  startup_gd32f30x_hd.o(.text)
    ADC0_1_IRQHandler                        0x080001eb   Thumb Code     0  startup_gd32f30x_hd.o(.text)
    ADC2_IRQHandler                          0x080001eb   Thumb Code     0  startup_gd32f30x_hd.o(.text)
    CAN0_EWMC_IRQHandler                     0x080001eb   Thumb Code     0  startup_gd32f30x_hd.o(.text)
    CAN0_RX1_IRQHandler                      0x080001eb   Thumb Code     0  startup_gd32f30x_hd.o(.text)
    DMA0_Channel0_IRQHandler                 0x080001eb   Thumb Code     0  startup_gd32f30x_hd.o(.text)
    DMA0_Channel2_IRQHandler                 0x080001eb   Thumb Code     0  startup_gd32f30x_hd.o(.text)
    DMA0_Channel4_IRQHandler                 0x080001eb   Thumb Code     0  startup_gd32f30x_hd.o(.text)
    DMA0_Channel5_IRQHandler                 0x080001eb   Thumb Code     0  startup_gd32f30x_hd.o(.text)
    DMA0_Channel6_IRQHandler                 0x080001eb   Thumb Code     0  startup_gd32f30x_hd.o(.text)
    DMA1_Channel0_IRQHandler                 0x080001eb   Thumb Code     0  startup_gd32f30x_hd.o(.text)
    DMA1_Channel1_IRQHandler                 0x080001eb   Thumb Code     0  startup_gd32f30x_hd.o(.text)
    DMA1_Channel2_IRQHandler                 0x080001eb   Thumb Code     0  startup_gd32f30x_hd.o(.text)
    DMA1_Channel3_4_IRQHandler               0x080001eb   Thumb Code     0  startup_gd32f30x_hd.o(.text)
    EXMC_IRQHandler                          0x080001eb   Thumb Code     0  startup_gd32f30x_hd.o(.text)
    EXTI0_IRQHandler                         0x080001eb   Thumb Code     0  startup_gd32f30x_hd.o(.text)
    EXTI10_15_IRQHandler                     0x080001eb   Thumb Code     0  startup_gd32f30x_hd.o(.text)
    EXTI1_IRQHandler                         0x080001eb   Thumb Code     0  startup_gd32f30x_hd.o(.text)
    EXTI2_IRQHandler                         0x080001eb   Thumb Code     0  startup_gd32f30x_hd.o(.text)
    EXTI3_IRQHandler                         0x080001eb   Thumb Code     0  startup_gd32f30x_hd.o(.text)
    EXTI4_IRQHandler                         0x080001eb   Thumb Code     0  startup_gd32f30x_hd.o(.text)
    EXTI5_9_IRQHandler                       0x080001eb   Thumb Code     0  startup_gd32f30x_hd.o(.text)
    FMC_IRQHandler                           0x080001eb   Thumb Code     0  startup_gd32f30x_hd.o(.text)
    I2C0_ER_IRQHandler                       0x080001eb   Thumb Code     0  startup_gd32f30x_hd.o(.text)
    I2C0_EV_IRQHandler                       0x080001eb   Thumb Code     0  startup_gd32f30x_hd.o(.text)
    I2C1_ER_IRQHandler                       0x080001eb   Thumb Code     0  startup_gd32f30x_hd.o(.text)
    I2C1_EV_IRQHandler                       0x080001eb   Thumb Code     0  startup_gd32f30x_hd.o(.text)
    LVD_IRQHandler                           0x080001eb   Thumb Code     0  startup_gd32f30x_hd.o(.text)
    RCU_CTC_IRQHandler                       0x080001eb   Thumb Code     0  startup_gd32f30x_hd.o(.text)
    RTC_Alarm_IRQHandler                     0x080001eb   Thumb Code     0  startup_gd32f30x_hd.o(.text)
    RTC_IRQHandler                           0x080001eb   Thumb Code     0  startup_gd32f30x_hd.o(.text)
    SDIO_IRQHandler                          0x080001eb   Thumb Code     0  startup_gd32f30x_hd.o(.text)
    SPI0_IRQHandler                          0x080001eb   Thumb Code     0  startup_gd32f30x_hd.o(.text)
    SPI1_IRQHandler                          0x080001eb   Thumb Code     0  startup_gd32f30x_hd.o(.text)
    SPI2_IRQHandler                          0x080001eb   Thumb Code     0  startup_gd32f30x_hd.o(.text)
    TAMPER_IRQHandler                        0x080001eb   Thumb Code     0  startup_gd32f30x_hd.o(.text)
    TIMER0_BRK_IRQHandler                    0x080001eb   Thumb Code     0  startup_gd32f30x_hd.o(.text)
    TIMER0_Channel_IRQHandler                0x080001eb   Thumb Code     0  startup_gd32f30x_hd.o(.text)
    TIMER0_TRG_CMT_IRQHandler                0x080001eb   Thumb Code     0  startup_gd32f30x_hd.o(.text)
    TIMER0_UP_IRQHandler                     0x080001eb   Thumb Code     0  startup_gd32f30x_hd.o(.text)
    TIMER1_IRQHandler                        0x080001eb   Thumb Code     0  startup_gd32f30x_hd.o(.text)
    TIMER2_IRQHandler                        0x080001eb   Thumb Code     0  startup_gd32f30x_hd.o(.text)
    TIMER3_IRQHandler                        0x080001eb   Thumb Code     0  startup_gd32f30x_hd.o(.text)
    TIMER5_IRQHandler                        0x080001eb   Thumb Code     0  startup_gd32f30x_hd.o(.text)
    TIMER6_IRQHandler                        0x080001eb   Thumb Code     0  startup_gd32f30x_hd.o(.text)
    TIMER7_BRK_IRQHandler                    0x080001eb   Thumb Code     0  startup_gd32f30x_hd.o(.text)
    TIMER7_TRG_CMT_IRQHandler                0x080001eb   Thumb Code     0  startup_gd32f30x_hd.o(.text)
    TIMER7_UP_IRQHandler                     0x080001eb   Thumb Code     0  startup_gd32f30x_hd.o(.text)
    UART3_IRQHandler                         0x080001eb   Thumb Code     0  startup_gd32f30x_hd.o(.text)
    UART4_IRQHandler                         0x080001eb   Thumb Code     0  startup_gd32f30x_hd.o(.text)
    USART0_IRQHandler                        0x080001eb   Thumb Code     0  startup_gd32f30x_hd.o(.text)
    USART1_IRQHandler                        0x080001eb   Thumb Code     0  startup_gd32f30x_hd.o(.text)
    USART2_IRQHandler                        0x080001eb   Thumb Code     0  startup_gd32f30x_hd.o(.text)
    USBD_HP_CAN0_TX_IRQHandler               0x080001eb   Thumb Code     0  startup_gd32f30x_hd.o(.text)
    USBD_LP_CAN0_RX0_IRQHandler              0x080001eb   Thumb Code     0  startup_gd32f30x_hd.o(.text)
    USBD_WKUP_IRQHandler                     0x080001eb   Thumb Code     0  startup_gd32f30x_hd.o(.text)
    WWDGT_IRQHandler                         0x080001eb   Thumb Code     0  startup_gd32f30x_hd.o(.text)
    __user_initial_stackheap                 0x080001ed   Thumb Code    10  startup_gd32f30x_hd.o(.text)
    __aeabi_lasr                             0x08000211   Thumb Code     0  llsshr.o(.text)
    _ll_sshift_r                             0x08000211   Thumb Code    38  llsshr.o(.text)
    __aeabi_ldivmod                          0x08000237   Thumb Code     0  llsdiv.o(.text)
    _ll_sdiv                                 0x08000237   Thumb Code    72  llsdiv.o(.text)
    __use_two_region_memory                  0x0800027f   Thumb Code     2  heapauxi.o(.text)
    __rt_heap_escrow$2region                 0x08000281   Thumb Code     2  heapauxi.o(.text)
    __rt_heap_expand$2region                 0x08000283   Thumb Code     2  heapauxi.o(.text)
    __aeabi_uldivmod                         0x08000285   Thumb Code     0  lludivv7m.o(.text)
    _ll_udiv                                 0x08000285   Thumb Code   238  lludivv7m.o(.text)
    __user_setup_stackheap                   0x08000373   Thumb Code    74  sys_stackheap_outer.o(.text)
    exit                                     0x080003bd   Thumb Code    18  exit.o(.text)
    __user_libspace                          0x080003d1   Thumb Code     8  libspace.o(.text)
    __user_perproc_libspace                  0x080003d1   Thumb Code     0  libspace.o(.text)
    __user_perthread_libspace                0x080003d1   Thumb Code     0  libspace.o(.text)
    _sys_exit                                0x080003d9   Thumb Code     8  sys_exit.o(.text)
    __I$use$semihosting                      0x080003e5   Thumb Code     0  use_no_semi.o(.text)
    __use_no_semihosting_swi                 0x080003e5   Thumb Code     2  use_no_semi.o(.text)
    BusFault_Handler                         0x080003e7   Thumb Code     2  gd32f30x_it.o(i.BusFault_Handler)
    __semihosting_library_function           0x080003e7   Thumb Code     0  indicate_semi.o(.text)
    DMA0_Channel1_IRQHandler                 0x080003e9   Thumb Code   130  uart_dma.o(i.DMA0_Channel1_IRQHandler)
    DMA0_Channel3_IRQHandler                 0x08000479   Thumb Code   134  uart_dma.o(i.DMA0_Channel3_IRQHandler)
    DMAbufInit                               0x0800050d   Thumb Code    52  uart_dma.o(i.DMAbufInit)
    DebugMon_Handler                         0x08000545   Thumb Code     2  gd32f30x_it.o(i.DebugMon_Handler)
    HardFault_Handler                        0x08000547   Thumb Code     2  gd32f30x_it.o(i.HardFault_Handler)
    MemManage_Handler                        0x08000549   Thumb Code     2  gd32f30x_it.o(i.MemManage_Handler)
    NMI_Handler                              0x0800054b   Thumb Code     2  gd32f30x_it.o(i.NMI_Handler)
    PWM_PPM_inInitial                        0x0800054d   Thumb Code     4  pwm_ppm_capture.o(i.PWM_PPM_inInitial)
    PWMoutInitial                            0x08000551   Thumb Code    10  pwmout.o(i.PWMoutInitial)
    PendSV_Handler                           0x0800055b   Thumb Code     2  gd32f30x_it.o(i.PendSV_Handler)
    SPI2_Init                                0x0800055d   Thumb Code   148  spi.o(i.SPI2_Init)
    SVC_Handler                              0x08000605   Thumb Code     2  gd32f30x_it.o(i.SVC_Handler)
    SysTick_Handler                          0x08000607   Thumb Code     4  gd32f30x_it.o(i.SysTick_Handler)
    SystemInit                               0x0800060d   Thumb Code   238  system_gd32f30x.o(i.SystemInit)
    TIMER4_IRQHandler                        0x08000709   Thumb Code    38  focdriver.o(i.TIMER4_IRQHandler)
    TIMER7_Channel_IRQHandler                0x08000739   Thumb Code   176  pwm_ppm_capture.o(i.TIMER7_Channel_IRQHandler)
    TLE5012B_initialise                      0x080007fd   Thumb Code     4  tle5012b.o(i.TLE5012B_initialise)
    Timerx_Init                              0x08000801   Thumb Code   114  timer.o(i.Timerx_Init)
    UAprintf                                 0x08000881   Thumb Code    20  uart_dma.o(i.UAprintf)
    UCprintf                                 0x08000895   Thumb Code    20  uart_dma.o(i.UCprintf)
    UartA_Available                          0x080008a9   Thumb Code    42  uart_dma.o(i.UartA_Available)
    UartA_DmaInitial                         0x080008dd   Thumb Code   222  uart_dma.o(i.UartA_DmaInitial)
    UartA_read                               0x080009cd   Thumb Code    28  uart_dma.o(i.UartA_read)
    UartA_write                              0x080009ed   Thumb Code   198  uart_dma.o(i.UartA_write)
    UartC_Available                          0x08000ac1   Thumb Code    42  uart_dma.o(i.UartC_Available)
    UartC_DmaInitial                         0x08000af5   Thumb Code   222  uart_dma.o(i.UartC_DmaInitial)
    UartC_read                               0x08000be5   Thumb Code    28  uart_dma.o(i.UartC_read)
    UartC_write                              0x08000c05   Thumb Code   196  uart_dma.o(i.UartC_write)
    Update_SystemTick                        0x08000cd5   Thumb Code    10  systick.o(i.Update_SystemTick)
    UsageFault_Handler                       0x08000ce5   Thumb Code     2  gd32f30x_it.o(i.UsageFault_Handler)
    delay_1ms                                0x08000ce9   Thumb Code    66  systick.o(i.delay_1ms)
    dma_channel_disable                      0x08000d31   Thumb Code    34  gd32f30x_dma.o(i.dma_channel_disable)
    dma_channel_enable                       0x08000d53   Thumb Code    34  gd32f30x_dma.o(i.dma_channel_enable)
    dma_circulation_disable                  0x08000d75   Thumb Code    34  gd32f30x_dma.o(i.dma_circulation_disable)
    dma_circulation_enable                   0x08000d97   Thumb Code    34  gd32f30x_dma.o(i.dma_circulation_enable)
    dma_deinit                               0x08000db9   Thumb Code    58  gd32f30x_dma.o(i.dma_deinit)
    dma_init                                 0x08000df3   Thumb Code   122  gd32f30x_dma.o(i.dma_init)
    dma_interrupt_enable                     0x08000e6d   Thumb Code    32  gd32f30x_dma.o(i.dma_interrupt_enable)
    dma_interrupt_flag_clear                 0x08000e8d   Thumb Code    14  gd32f30x_dma.o(i.dma_interrupt_flag_clear)
    dma_interrupt_flag_get                   0x08000e9b   Thumb Code    74  gd32f30x_dma.o(i.dma_interrupt_flag_get)
    dma_memory_to_memory_disable             0x08000ee5   Thumb Code    34  gd32f30x_dma.o(i.dma_memory_to_memory_disable)
    dma_transfer_number_get                  0x08000f07   Thumb Code    28  gd32f30x_dma.o(i.dma_transfer_number_get)
    ftoa_engine                              0x08000f25   Thumb Code   418  uart_dma.o(i.ftoa_engine)
    gd_eval_led_init                         0x080010d1   Thumb Code    48  gd32f303e_eval.o(i.gd_eval_led_init)
    gd_eval_led_off                          0x08001109   Thumb Code    16  gd32f303e_eval.o(i.gd_eval_led_off)
    gd_eval_led_on                           0x08001121   Thumb Code    16  gd32f303e_eval.o(i.gd_eval_led_on)
    gpio_init                                0x08001139   Thumb Code   160  gd32f30x_gpio.o(i.gpio_init)
    main                                     0x080011d9   Thumb Code   394  main.o(i.main)
    micros                                   0x080013a5   Thumb Code    42  systick.o(i.micros)
    nvic_irq_enable                          0x080013d9   Thumb Code   180  gd32f30x_misc.o(i.nvic_irq_enable)
    nvic_priority_group_set                  0x08001495   Thumb Code    14  gd32f30x_misc.o(i.nvic_priority_group_set)
    print_vprintf                            0x080014a9   Thumb Code  1852  uart_dma.o(i.print_vprintf)
    rcu_clock_freq_get                       0x08001be5   Thumb Code   258  gd32f30x_rcu.o(i.rcu_clock_freq_get)
    rcu_periph_clock_enable                  0x08001d09   Thumb Code    28  gd32f30x_rcu.o(i.rcu_periph_clock_enable)
    rcu_periph_reset_disable                 0x08001d25   Thumb Code    30  gd32f30x_rcu.o(i.rcu_periph_reset_disable)
    rcu_periph_reset_enable                  0x08001d43   Thumb Code    28  gd32f30x_rcu.o(i.rcu_periph_reset_enable)
    spi_enable                               0x08001d5f   Thumb Code    10  gd32f30x_spi.o(i.spi_enable)
    spi_init                                 0x08001d69   Thumb Code    46  gd32f30x_spi.o(i.spi_init)
    synchronTim123                           0x08001d99   Thumb Code   628  pwmout.o(i.synchronTim123)
    systick_config                           0x0800201d   Thumb Code    54  systick.o(i.systick_config)
    timer_auto_reload_shadow_enable          0x08002061   Thumb Code    10  gd32f30x_timer.o(i.timer_auto_reload_shadow_enable)
    timer_captur_configuration               0x0800206d   Thumb Code   158  pwm_ppm_capture.o(i.timer_captur_configuration)
    timer_channel_input_capture_prescaler_config 0x08002115   Thumb Code    80  gd32f30x_timer.o(i.timer_channel_input_capture_prescaler_config)
    timer_channel_output_config              0x08002165   Thumb Code   472  gd32f30x_timer.o(i.timer_channel_output_config)
    timer_channel_output_mode_config         0x08002345   Thumb Code    80  gd32f30x_timer.o(i.timer_channel_output_mode_config)
    timer_channel_output_pulse_value_config  0x08002395   Thumb Code    32  gd32f30x_timer.o(i.timer_channel_output_pulse_value_config)
    timer_channel_output_shadow_config       0x080023b5   Thumb Code    80  gd32f30x_timer.o(i.timer_channel_output_shadow_config)
    timer_deinit                             0x08002405   Thumb Code   222  gd32f30x_timer.o(i.timer_deinit)
    timer_enable                             0x080024e9   Thumb Code    10  gd32f30x_timer.o(i.timer_enable)
    timer_init                               0x080024f5   Thumb Code   170  gd32f30x_timer.o(i.timer_init)
    timer_input_capture_config               0x080025a9   Thumb Code   328  gd32f30x_timer.o(i.timer_input_capture_config)
    timer_input_trigger_source_select        0x080026f1   Thumb Code    16  gd32f30x_timer.o(i.timer_input_trigger_source_select)
    timer_interrupt_enable                   0x08002701   Thumb Code     8  gd32f30x_timer.o(i.timer_interrupt_enable)
    timer_interrupt_flag_clear               0x08002709   Thumb Code    10  gd32f30x_timer.o(i.timer_interrupt_flag_clear)
    timer_interrupt_flag_get                 0x08002713   Thumb Code    18  gd32f30x_timer.o(i.timer_interrupt_flag_get)
    timer_master_output_trigger_source_select 0x08002725   Thumb Code    16  gd32f30x_timer.o(i.timer_master_output_trigger_source_select)
    timer_master_slave_mode_config           0x08002735   Thumb Code    28  gd32f30x_timer.o(i.timer_master_slave_mode_config)
    timer_slave_mode_select                  0x08002751   Thumb Code    16  gd32f30x_timer.o(i.timer_slave_mode_select)
    ultoa_invert                             0x08002761   Thumb Code   160  uart_dma.o(i.ultoa_invert)
    usartAC_config                           0x08002801   Thumb Code   192  uart_dma.o(i.usartAC_config)
    usart_baudrate_set                       0x080028c9   Thumb Code    88  gd32f30x_usart.o(i.usart_baudrate_set)
    usart_dma_receive_config                 0x08002925   Thumb Code    12  gd32f30x_usart.o(i.usart_dma_receive_config)
    usart_dma_transmit_config                0x08002931   Thumb Code    12  gd32f30x_usart.o(i.usart_dma_transmit_config)
    usart_enable                             0x0800293d   Thumb Code    10  gd32f30x_usart.o(i.usart_enable)
    usart_parity_config                      0x08002947   Thumb Code    16  gd32f30x_usart.o(i.usart_parity_config)
    usart_receive_config                     0x08002957   Thumb Code    12  gd32f30x_usart.o(i.usart_receive_config)
    usart_stop_bit_set                       0x08002963   Thumb Code    16  gd32f30x_usart.o(i.usart_stop_bit_set)
    usart_transmit_config                    0x08002973   Thumb Code    12  gd32f30x_usart.o(i.usart_transmit_config)
    usart_word_length_set                    0x0800297f   Thumb Code    16  gd32f30x_usart.o(i.usart_word_length_set)
    __aeabi_d2f                              0x08002991   Thumb Code     0  d2f.o(x$fpl$d2f)
    _d2f                                     0x08002991   Thumb Code    98  d2f.o(x$fpl$d2f)
    __fpl_dnaninf                            0x080029f3   Thumb Code   156  dnaninf.o(x$fpl$dnaninf)
    __fpl_dretinf                            0x08002a8f   Thumb Code    12  dretinf.o(x$fpl$dretinf)
    __aeabi_f2d                              0x08002a9d   Thumb Code     0  f2d.o(x$fpl$f2d)
    _f2d                                     0x08002a9d   Thumb Code    86  f2d.o(x$fpl$f2d)
    __fpl_fnaninf                            0x08002af3   Thumb Code   140  fnaninf.o(x$fpl$fnaninf)
    _fp_init                                 0x08002b7f   Thumb Code    10  fpinit.o(x$fpl$fpinit)
    __fplib_config_fpu_vfp                   0x08002b87   Thumb Code     0  fpinit.o(x$fpl$fpinit)
    __fplib_config_pureend_doubles           0x08002b87   Thumb Code     0  fpinit.o(x$fpl$fpinit)
    __fpl_fretinf                            0x08002b89   Thumb Code    10  fretinf.o(x$fpl$fretinf)
    __I$use$fp                               0x08002b92   Number         0  usenofp.o(x$fpl$usenofp)
    Region$$Table$$Base                      0x08002c34   Number         0  anon$$obj.o(Region$$Table)
    Region$$Table$$Limit                     0x08002c54   Number         0  anon$$obj.o(Region$$Table)
    tmp                                      0x20000000   Data           4  main.o(.data)
    systemTickMs                             0x2000000c   Data           4  systick.o(.data)
    SystemCoreClock                          0x20000010   Data           4  system_gd32f30x.o(.data)
    PWM1Value                                0x200000a2   Data           2  pwm_ppm_capture.o(.data)
    PWM2Value                                0x200000a4   Data           2  pwm_ppm_capture.o(.data)
    Uart1DMAbuf                              0x200000ac   Data          20  uart_dma.o(.bss)
    Uart2DMAbuf                              0x200000c0   Data          20  uart_dma.o(.bss)
    DMA_CH1_Tx_InitStruc                     0x200000d4   Data          28  uart_dma.o(.bss)
    DMA_CH2_Tx_InitStruc                     0x200000f0   Data          28  uart_dma.o(.bss)
    Com1RX                                   0x2000010c   Data        1024  uart_dma.o(.bss)
    Com1TX                                   0x2000050c   Data        1024  uart_dma.o(.bss)
    Com2RX                                   0x2000090c   Data        1024  uart_dma.o(.bss)
    Com2TX                                   0x20000d0c   Data        1024  uart_dma.o(.bss)
    __libspace_start                         0x2000110c   Data          96  libspace.o(.bss)
    __temporary_stack_top$libspace           0x2000116c   Data           0  libspace.o(.bss)



==============================================================================

Memory Map of the image

  Image Entry point : 0x08000131

  Load Region LR_IROM1 (Base: 0x08000000, Size: 0x00002d00, Max: 0x00080000, ABSOLUTE)

    Execution Region ER_IROM1 (Base: 0x08000000, Size: 0x00002c54, Max: 0x00080000, ABSOLUTE)

    Base Addr    Size         Type   Attr      Idx    E Section Name        Object

    0x08000000   0x00000130   Data   RO         4372    RESET               startup_gd32f30x_hd.o
    0x08000130   0x00000008   Code   RO         4815  * !!!main             c_w.l(__main.o)
    0x08000138   0x00000034   Code   RO         4997    !!!scatter          c_w.l(__scatter.o)
    0x0800016c   0x0000001a   Code   RO         4999    !!handler_copy      c_w.l(__scatter_copy.o)
    0x08000186   0x00000002   PAD
    0x08000188   0x0000001c   Code   RO         5001    !!handler_zi        c_w.l(__scatter_zi.o)
    0x080001a4   0x00000002   Code   RO         4863    .ARM.Collect$$libinit$$00000000  c_w.l(libinit.o)
    0x080001a6   0x00000004   Code   RO         4873    .ARM.Collect$$libinit$$00000001  c_w.l(libinit2.o)
    0x080001aa   0x00000000   Code   RO         4876    .ARM.Collect$$libinit$$00000004  c_w.l(libinit2.o)
    0x080001aa   0x00000000   Code   RO         4879    .ARM.Collect$$libinit$$0000000A  c_w.l(libinit2.o)
    0x080001aa   0x00000000   Code   RO         4881    .ARM.Collect$$libinit$$0000000C  c_w.l(libinit2.o)
    0x080001aa   0x00000000   Code   RO         4883    .ARM.Collect$$libinit$$0000000E  c_w.l(libinit2.o)
    0x080001aa   0x00000000   Code   RO         4886    .ARM.Collect$$libinit$$00000011  c_w.l(libinit2.o)
    0x080001aa   0x00000000   Code   RO         4888    .ARM.Collect$$libinit$$00000013  c_w.l(libinit2.o)
    0x080001aa   0x00000000   Code   RO         4890    .ARM.Collect$$libinit$$00000015  c_w.l(libinit2.o)
    0x080001aa   0x00000000   Code   RO         4892    .ARM.Collect$$libinit$$00000017  c_w.l(libinit2.o)
    0x080001aa   0x00000000   Code   RO         4894    .ARM.Collect$$libinit$$00000019  c_w.l(libinit2.o)
    0x080001aa   0x00000000   Code   RO         4896    .ARM.Collect$$libinit$$0000001B  c_w.l(libinit2.o)
    0x080001aa   0x00000000   Code   RO         4898    .ARM.Collect$$libinit$$0000001D  c_w.l(libinit2.o)
    0x080001aa   0x00000000   Code   RO         4900    .ARM.Collect$$libinit$$0000001F  c_w.l(libinit2.o)
    0x080001aa   0x00000000   Code   RO         4902    .ARM.Collect$$libinit$$00000021  c_w.l(libinit2.o)
    0x080001aa   0x00000000   Code   RO         4904    .ARM.Collect$$libinit$$00000023  c_w.l(libinit2.o)
    0x080001aa   0x00000000   Code   RO         4906    .ARM.Collect$$libinit$$00000025  c_w.l(libinit2.o)
    0x080001aa   0x00000000   Code   RO         4910    .ARM.Collect$$libinit$$0000002C  c_w.l(libinit2.o)
    0x080001aa   0x00000000   Code   RO         4912    .ARM.Collect$$libinit$$0000002E  c_w.l(libinit2.o)
    0x080001aa   0x00000000   Code   RO         4914    .ARM.Collect$$libinit$$00000030  c_w.l(libinit2.o)
    0x080001aa   0x00000000   Code   RO         4916    .ARM.Collect$$libinit$$00000032  c_w.l(libinit2.o)
    0x080001aa   0x00000002   Code   RO         4917    .ARM.Collect$$libinit$$00000033  c_w.l(libinit2.o)
    0x080001ac   0x00000002   Code   RO         4947    .ARM.Collect$$libshutdown$$00000000  c_w.l(libshutdown.o)
    0x080001ae   0x00000000   Code   RO         4964    .ARM.Collect$$libshutdown$$00000002  c_w.l(libshutdown2.o)
    0x080001ae   0x00000000   Code   RO         4966    .ARM.Collect$$libshutdown$$00000004  c_w.l(libshutdown2.o)
    0x080001ae   0x00000000   Code   RO         4969    .ARM.Collect$$libshutdown$$00000007  c_w.l(libshutdown2.o)
    0x080001ae   0x00000000   Code   RO         4972    .ARM.Collect$$libshutdown$$0000000A  c_w.l(libshutdown2.o)
    0x080001ae   0x00000000   Code   RO         4974    .ARM.Collect$$libshutdown$$0000000C  c_w.l(libshutdown2.o)
    0x080001ae   0x00000000   Code   RO         4977    .ARM.Collect$$libshutdown$$0000000F  c_w.l(libshutdown2.o)
    0x080001ae   0x00000002   Code   RO         4978    .ARM.Collect$$libshutdown$$00000010  c_w.l(libshutdown2.o)
    0x080001b0   0x00000000   Code   RO         4821    .ARM.Collect$$rtentry$$00000000  c_w.l(__rtentry.o)
    0x080001b0   0x00000000   Code   RO         4834    .ARM.Collect$$rtentry$$00000002  c_w.l(__rtentry2.o)
    0x080001b0   0x00000006   Code   RO         4846    .ARM.Collect$$rtentry$$00000004  c_w.l(__rtentry4.o)
    0x080001b6   0x00000000   Code   RO         4836    .ARM.Collect$$rtentry$$00000009  c_w.l(__rtentry2.o)
    0x080001b6   0x00000004   Code   RO         4837    .ARM.Collect$$rtentry$$0000000A  c_w.l(__rtentry2.o)
    0x080001ba   0x00000000   Code   RO         4839    .ARM.Collect$$rtentry$$0000000C  c_w.l(__rtentry2.o)
    0x080001ba   0x00000008   Code   RO         4840    .ARM.Collect$$rtentry$$0000000D  c_w.l(__rtentry2.o)
    0x080001c2   0x00000002   Code   RO         4867    .ARM.Collect$$rtexit$$00000000  c_w.l(rtexit.o)
    0x080001c4   0x00000000   Code   RO         4919    .ARM.Collect$$rtexit$$00000002  c_w.l(rtexit2.o)
    0x080001c4   0x00000004   Code   RO         4920    .ARM.Collect$$rtexit$$00000003  c_w.l(rtexit2.o)
    0x080001c8   0x00000006   Code   RO         4921    .ARM.Collect$$rtexit$$00000004  c_w.l(rtexit2.o)
    0x080001ce   0x00000002   PAD
    0x080001d0   0x00000040   Code   RO         4373    .text               startup_gd32f30x_hd.o
    0x08000210   0x00000026   Code   RO         4809    .text               c_w.l(llsshr.o)
    0x08000236   0x00000048   Code   RO         4811    .text               c_w.l(llsdiv.o)
    0x0800027e   0x00000006   Code   RO         4813    .text               c_w.l(heapauxi.o)
    0x08000284   0x000000ee   Code   RO         4822    .text               c_w.l(lludivv7m.o)
    0x08000372   0x0000004a   Code   RO         4852    .text               c_w.l(sys_stackheap_outer.o)
    0x080003bc   0x00000012   Code   RO         4856    .text               c_w.l(exit.o)
    0x080003ce   0x00000002   PAD
    0x080003d0   0x00000008   Code   RO         4864    .text               c_w.l(libspace.o)
    0x080003d8   0x0000000c   Code   RO         4935    .text               c_w.l(sys_exit.o)
    0x080003e4   0x00000002   Code   RO         4952    .text               c_w.l(use_no_semi.o)
    0x080003e6   0x00000000   Code   RO         4954    .text               c_w.l(indicate_semi.o)
    0x080003e6   0x00000002   Code   RO            3    i.BusFault_Handler  gd32f30x_it.o
    0x080003e8   0x00000090   Code   RO         4469    i.DMA0_Channel1_IRQHandler  uart_dma.o
    0x08000478   0x00000094   Code   RO         4470    i.DMA0_Channel3_IRQHandler  uart_dma.o
    0x0800050c   0x00000038   Code   RO         4471    i.DMAbufInit        uart_dma.o
    0x08000544   0x00000002   Code   RO            4    i.DebugMon_Handler  gd32f30x_it.o
    0x08000546   0x00000002   Code   RO            5    i.HardFault_Handler  gd32f30x_it.o
    0x08000548   0x00000002   Code   RO            6    i.MemManage_Handler  gd32f30x_it.o
    0x0800054a   0x00000002   Code   RO            7    i.NMI_Handler       gd32f30x_it.o
    0x0800054c   0x00000004   Code   RO         4699    i.PWM_PPM_inInitial  pwm_ppm_capture.o
    0x08000550   0x0000000a   Code   RO         4628    i.PWMoutInitial     pwmout.o
    0x0800055a   0x00000002   Code   RO            8    i.PendSV_Handler    gd32f30x_it.o
    0x0800055c   0x000000a8   Code   RO         4672    i.SPI2_Init         spi.o
    0x08000604   0x00000002   Code   RO            9    i.SVC_Handler       gd32f30x_it.o
    0x08000606   0x00000004   Code   RO           10    i.SysTick_Handler   gd32f30x_it.o
    0x0800060a   0x00000002   PAD
    0x0800060c   0x000000fc   Code   RO          355    i.SystemInit        system_gd32f30x.o
    0x08000708   0x00000030   Code   RO         4783    i.TIMER4_IRQHandler  focdriver.o
    0x08000738   0x000000c4   Code   RO         4700    i.TIMER7_Channel_IRQHandler  pwm_ppm_capture.o
    0x080007fc   0x00000004   Code   RO         4763    i.TLE5012B_initialise  tle5012b.o
    0x08000800   0x00000080   Code   RO         4743    i.Timerx_Init       timer.o
    0x08000880   0x00000014   Code   RO         4472    i.UAprintf          uart_dma.o
    0x08000894   0x00000014   Code   RO         4473    i.UCprintf          uart_dma.o
    0x080008a8   0x00000034   Code   RO         4575    i.UartA_Available   uart_dma.o
    0x080008dc   0x000000f0   Code   RO         4474    i.UartA_DmaInitial  uart_dma.o
    0x080009cc   0x00000020   Code   RO         4557    i.UartA_read        uart_dma.o
    0x080009ec   0x000000d4   Code   RO         4593    i.UartA_write       uart_dma.o
    0x08000ac0   0x00000034   Code   RO         4587    i.UartC_Available   uart_dma.o
    0x08000af4   0x000000f0   Code   RO         4475    i.UartC_DmaInitial  uart_dma.o
    0x08000be4   0x00000020   Code   RO         4569    i.UartC_read        uart_dma.o
    0x08000c04   0x000000d0   Code   RO         4604    i.UartC_write       uart_dma.o
    0x08000cd4   0x00000010   Code   RO          330    i.Update_SystemTick  systick.o
    0x08000ce4   0x00000002   Code   RO           11    i.UsageFault_Handler  gd32f30x_it.o
    0x08000ce6   0x00000002   PAD
    0x08000ce8   0x00000048   Code   RO          300    i.delay_1ms         systick.o
    0x08000d30   0x00000022   Code   RO         1429    i.dma_channel_disable  gd32f30x_dma.o
    0x08000d52   0x00000022   Code   RO         1430    i.dma_channel_enable  gd32f30x_dma.o
    0x08000d74   0x00000022   Code   RO         1431    i.dma_circulation_disable  gd32f30x_dma.o
    0x08000d96   0x00000022   Code   RO         1432    i.dma_circulation_enable  gd32f30x_dma.o
    0x08000db8   0x0000003a   Code   RO         1433    i.dma_deinit        gd32f30x_dma.o
    0x08000df2   0x0000007a   Code   RO         1436    i.dma_init          gd32f30x_dma.o
    0x08000e6c   0x00000020   Code   RO         1438    i.dma_interrupt_enable  gd32f30x_dma.o
    0x08000e8c   0x0000000e   Code   RO         1439    i.dma_interrupt_flag_clear  gd32f30x_dma.o
    0x08000e9a   0x0000004a   Code   RO         1440    i.dma_interrupt_flag_get  gd32f30x_dma.o
    0x08000ee4   0x00000022   Code   RO         1444    i.dma_memory_to_memory_disable  gd32f30x_dma.o
    0x08000f06   0x0000001c   Code   RO         1455    i.dma_transfer_number_get  gd32f30x_dma.o
    0x08000f22   0x00000002   PAD
    0x08000f24   0x000001ac   Code   RO         4477    i.ftoa_engine       uart_dma.o
    0x080010d0   0x00000038   Code   RO         4382    i.gd_eval_led_init  gd32f303e_eval.o
    0x08001108   0x00000018   Code   RO         4383    i.gd_eval_led_off   gd32f303e_eval.o
    0x08001120   0x00000018   Code   RO         4384    i.gd_eval_led_on    gd32f303e_eval.o
    0x08001138   0x000000a0   Code   RO         2161    i.gpio_init         gd32f30x_gpio.o
    0x080011d8   0x000001cc   Code   RO          200    i.main              main.o
    0x080013a4   0x00000034   Code   RO          336    i.micros            systick.o
    0x080013d8   0x000000bc   Code   RO         2479    i.nvic_irq_enable   gd32f30x_misc.o
    0x08001494   0x00000014   Code   RO         2480    i.nvic_priority_group_set  gd32f30x_misc.o
    0x080014a8   0x0000073c   Code   RO         4478    i.print_vprintf     uart_dma.o
    0x08001be4   0x00000124   Code   RO         2677    i.rcu_clock_freq_get  gd32f30x_rcu.o
    0x08001d08   0x0000001c   Code   RO         2695    i.rcu_periph_clock_enable  gd32f30x_rcu.o
    0x08001d24   0x0000001e   Code   RO         2698    i.rcu_periph_reset_disable  gd32f30x_rcu.o
    0x08001d42   0x0000001c   Code   RO         2699    i.rcu_periph_reset_enable  gd32f30x_rcu.o
    0x08001d5e   0x0000000a   Code   RO         3321    i.spi_enable        gd32f30x_spi.o
    0x08001d68   0x0000002e   Code   RO         3330    i.spi_init          gd32f30x_spi.o
    0x08001d96   0x00000002   PAD
    0x08001d98   0x00000284   Code   RO         4632    i.synchronTim123    pwmout.o
    0x0800201c   0x00000044   Code   RO          302    i.systick_config    systick.o
    0x08002060   0x0000000a   Code   RO         3558    i.timer_auto_reload_shadow_enable  gd32f30x_timer.o
    0x0800206a   0x00000002   PAD
    0x0800206c   0x000000a8   Code   RO         4701    i.timer_captur_configuration  pwm_ppm_capture.o
    0x08002114   0x00000050   Code   RO         3572    i.timer_channel_input_capture_prescaler_config  gd32f30x_timer.o
    0x08002164   0x000001e0   Code   RO         3575    i.timer_channel_output_config  gd32f30x_timer.o
    0x08002344   0x00000050   Code   RO         3577    i.timer_channel_output_mode_config  gd32f30x_timer.o
    0x08002394   0x00000020   Code   RO         3579    i.timer_channel_output_pulse_value_config  gd32f30x_timer.o
    0x080023b4   0x00000050   Code   RO         3580    i.timer_channel_output_shadow_config  gd32f30x_timer.o
    0x08002404   0x000000e4   Code   RO         3588    i.timer_deinit      gd32f30x_timer.o
    0x080024e8   0x0000000a   Code   RO         3593    i.timer_enable      gd32f30x_timer.o
    0x080024f2   0x00000002   PAD
    0x080024f4   0x000000b4   Code   RO         3603    i.timer_init        gd32f30x_timer.o
    0x080025a8   0x00000148   Code   RO         3604    i.timer_input_capture_config  gd32f30x_timer.o
    0x080026f0   0x00000010   Code   RO         3606    i.timer_input_trigger_source_select  gd32f30x_timer.o
    0x08002700   0x00000008   Code   RO         3610    i.timer_interrupt_enable  gd32f30x_timer.o
    0x08002708   0x0000000a   Code   RO         3611    i.timer_interrupt_flag_clear  gd32f30x_timer.o
    0x08002712   0x00000012   Code   RO         3612    i.timer_interrupt_flag_get  gd32f30x_timer.o
    0x08002724   0x00000010   Code   RO         3613    i.timer_master_output_trigger_source_select  gd32f30x_timer.o
    0x08002734   0x0000001c   Code   RO         3614    i.timer_master_slave_mode_config  gd32f30x_timer.o
    0x08002750   0x00000010   Code   RO         3622    i.timer_slave_mode_select  gd32f30x_timer.o
    0x08002760   0x000000a0   Code   RO         4479    i.ultoa_invert      uart_dma.o
    0x08002800   0x000000c8   Code   RO         4480    i.usartAC_config    uart_dma.o
    0x080028c8   0x0000005c   Code   RO         4000    i.usart_baudrate_set  gd32f30x_usart.o
    0x08002924   0x0000000c   Code   RO         4007    i.usart_dma_receive_config  gd32f30x_usart.o
    0x08002930   0x0000000c   Code   RO         4008    i.usart_dma_transmit_config  gd32f30x_usart.o
    0x0800293c   0x0000000a   Code   RO         4009    i.usart_enable      gd32f30x_usart.o
    0x08002946   0x00000010   Code   RO         4031    i.usart_parity_config  gd32f30x_usart.o
    0x08002956   0x0000000c   Code   RO         4033    i.usart_receive_config  gd32f30x_usart.o
    0x08002962   0x00000010   Code   RO         4043    i.usart_stop_bit_set  gd32f30x_usart.o
    0x08002972   0x0000000c   Code   RO         4047    i.usart_transmit_config  gd32f30x_usart.o
    0x0800297e   0x00000010   Code   RO         4048    i.usart_word_length_set  gd32f30x_usart.o
    0x0800298e   0x00000002   PAD
    0x08002990   0x00000062   Code   RO         4817    x$fpl$d2f           fz_wm.l(d2f.o)
    0x080029f2   0x0000009c   Code   RO         4824    x$fpl$dnaninf       fz_wm.l(dnaninf.o)
    0x08002a8e   0x0000000c   Code   RO         4826    x$fpl$dretinf       fz_wm.l(dretinf.o)
    0x08002a9a   0x00000002   PAD
    0x08002a9c   0x00000056   Code   RO         4819    x$fpl$f2d           fz_wm.l(f2d.o)
    0x08002af2   0x0000008c   Code   RO         4828    x$fpl$fnaninf       fz_wm.l(fnaninf.o)
    0x08002b7e   0x0000000a   Code   RO         4933    x$fpl$fpinit        fz_wm.l(fpinit.o)
    0x08002b88   0x0000000a   Code   RO         4830    x$fpl$fretinf       fz_wm.l(fretinf.o)
    0x08002b92   0x00000000   Code   RO         4832    x$fpl$usenofp       fz_wm.l(usenofp.o)
    0x08002b92   0x00000002   PAD
    0x08002b94   0x000000a0   Data   RO         4483    .constdata          uart_dma.o
    0x08002c34   0x00000020   Data   RO         4995    Region$$Table       anon$$obj.o


    Execution Region RW_IRAM1 (Base: 0x20000000, Size: 0x00005170, Max: 0x00010000, ABSOLUTE)

    Base Addr    Size         Type   Attr      Idx    E Section Name        Object

    0x20000000   0x00000008   Data   RW          202    .data               main.o
    0x20000008   0x00000008   Data   RW          303    .data               systick.o
    0x20000010   0x00000004   Data   RW          356    .data               system_gd32f30x.o
    0x20000014   0x0000008c   Data   RW         4386    .data               gd32f303e_eval.o
    0x200000a0   0x0000000a   Data   RW         4703    .data               pwm_ppm_capture.o
    0x200000aa   0x00000002   PAD
    0x200000ac   0x00001060   Zero   RW         4482    .bss                uart_dma.o
    0x2000110c   0x00000060   Zero   RW         4865    .bss                c_w.l(libspace.o)
    0x2000116c   0x00000004   PAD
    0x20001170   0x00002000   Zero   RW         4371    HEAP                startup_gd32f30x_hd.o
    0x20003170   0x00002000   Zero   RW         4370    STACK               startup_gd32f30x_hd.o


==============================================================================

Image component sizes


      Code (inc. data)   RO Data    RW Data    ZI Data      Debug   Object Name

        48         10          0          0          0        540   focdriver.o
       104         24          0        140          0       2782   gd32f303e_eval.o
       498          0          0          0          0      13782   gd32f30x_dma.o
       160          0          0          0          0       1068   gd32f30x_gpio.o
        20          0          0          0          0      58694   gd32f30x_it.o
       208         14          0          0          0       2300   gd32f30x_misc.o
       378         34          0          0          0      20656   gd32f30x_rcu.o
        56          0          0          0          0       7816   gd32f30x_spi.o
      1620         24          0          0          0      29115   gd32f30x_timer.o
       198          4          0          0          0       6081   gd32f30x_usart.o
       460         66          0          8          0       9839   main.o
       368         30          0         10          0       3027   pwm_ppm_capture.o
       654         16          0          0          0       1453   pwmout.o
       168         20          0          0          0        604   spi.o
        64         26        304          0      16384        952   startup_gd32f30x_hd.o
       252         14          0          4          0       1859   system_gd32f30x.o
       208         36          0          8          0      29404   systick.o
       128         14          0          0          0        838   timer.o
         4          0          0          0          0        490   tle5012b.o
      4096        152        160          0       4192      22332   uart_dma.o

    ----------------------------------------------------------------------
      9706        484        496        172      20576     213632   Object Totals
         0          0         32          0          0          0   (incl. Generated)
        14          0          0          2          0          0   (incl. Padding)

    ----------------------------------------------------------------------

      Code (inc. data)   RO Data    RW Data    ZI Data      Debug   Library Member Name

         8          0          0          0          0         68   __main.o
         0          0          0          0          0          0   __rtentry.o
        12          0          0          0          0          0   __rtentry2.o
         6          0          0          0          0          0   __rtentry4.o
        52          8          0          0          0          0   __scatter.o
        26          0          0          0          0          0   __scatter_copy.o
        28          0          0          0          0          0   __scatter_zi.o
        18          0          0          0          0         80   exit.o
         6          0          0          0          0        152   heapauxi.o
         0          0          0          0          0          0   indicate_semi.o
         2          0          0          0          0          0   libinit.o
         6          0          0          0          0          0   libinit2.o
         2          0          0          0          0          0   libshutdown.o
         2          0          0          0          0          0   libshutdown2.o
         8          4          0          0         96         68   libspace.o
        72          0          0          0          0         76   llsdiv.o
        38          0          0          0          0         68   llsshr.o
       238          0          0          0          0        100   lludivv7m.o
         2          0          0          0          0          0   rtexit.o
        10          0          0          0          0          0   rtexit2.o
        12          4          0          0          0         68   sys_exit.o
        74          0          0          0          0         80   sys_stackheap_outer.o
         2          0          0          0          0         68   use_no_semi.o
        98          4          0          0          0        140   d2f.o
       156          4          0          0          0        140   dnaninf.o
        12          0          0          0          0        116   dretinf.o
        86          4          0          0          0        132   f2d.o
       140          4          0          0          0        132   fnaninf.o
        10          0          0          0          0        116   fpinit.o
        10          0          0          0          0        116   fretinf.o
         0          0          0          0          0          0   usenofp.o

    ----------------------------------------------------------------------
      1146         32          0          0        100       1720   Library Totals
        10          0          0          0          4          0   (incl. Padding)

    ----------------------------------------------------------------------

      Code (inc. data)   RO Data    RW Data    ZI Data      Debug   Library Name

       624         16          0          0         96        828   c_w.l
       512         16          0          0          0        892   fz_wm.l

    ----------------------------------------------------------------------
      1146         32          0          0        100       1720   Library Totals

    ----------------------------------------------------------------------

==============================================================================


      Code (inc. data)   RO Data    RW Data    ZI Data      Debug   

     10852        516        496        172      20676     206040   Grand Totals
     10852        516        496        172      20676     206040   ELF Image Totals
     10852        516        496        172          0          0   ROM Totals

==============================================================================

    Total RO  Size (Code + RO Data)                11348 (  11.08kB)
    Total RW  Size (RW Data + ZI Data)             20848 (  20.36kB)
    Total ROM Size (Code + RO Data + RW Data)      11520 (  11.25kB)

==============================================================================

