Component: ARM Compiler 5.06 update 1 (build 61) Tool: armlink [4d35a8]

==============================================================================

Section Cross References

    gd32f30x_it.o(i.SysTick_Handler) refers to systick.o(i.Update_SystemTick) for Update_SystemTick
    main.o(i.fputc) refers to uart_dma.o(i.UartC_write) for UartC_write
    main.o(i.gloable_led_initial) refers to gd32f30x_rcu.o(i.rcu_periph_clock_enable) for rcu_periph_clock_enable
    main.o(i.gloable_led_initial) refers to gd32f30x_gpio.o(i.gpio_init) for gpio_init
    main.o(i.led_spark) refers to gd32f303e_eval.o(i.gd_eval_led_on) for gd_eval_led_on
    main.o(i.led_spark) refers to gd32f303e_eval.o(i.gd_eval_led_off) for gd_eval_led_off
    main.o(i.led_spark) refers to main.o(.data) for .data
    main.o(i.main) refers to systick.o(i.systick_config) for systick_config
    main.o(i.main) refers to gd32f30x_misc.o(i.nvic_priority_group_set) for nvic_priority_group_set
    main.o(i.main) refers to gd32f30x_misc.o(i.nvic_irq_enable) for nvic_irq_enable
    main.o(i.main) refers to gd32f30x_rcu.o(i.rcu_periph_clock_enable) for rcu_periph_clock_enable
    main.o(i.main) refers to gd32f30x_gpio.o(i.gpio_init) for gpio_init
    main.o(i.main) refers to uart_dma.o(i.UartC_DmaInitial) for UartC_DmaInitial
    main.o(i.main) refers to uart_dma.o(i.UartA_DmaInitial) for UartA_DmaInitial
    main.o(i.main) refers to pwm_ppm_capture.o(i.PWM_PPM_inInitial) for PWM_PPM_inInitial
    main.o(i.main) refers to focdriver.o(i.foc_initialise) for foc_initialise
    main.o(i.main) refers to timer.o(i.Timerx_Init) for Timerx_Init
    main.o(i.main) refers to systick.o(i.micros) for micros
    main.o(i.main) refers to systick.o(i.delay_1ms) for delay_1ms
    main.o(i.main) refers to uart_dma.o(i.UartC_Available) for UartC_Available
    main.o(i.main) refers to uart_dma.o(i.UartA_Available) for UartA_Available
    main.o(i.main) refers to f2d.o(x$fpl$f2d) for __aeabi_f2d
    main.o(i.main) refers to uart_dma.o(i.UCprintf) for UCprintf
    main.o(i.main) refers to uart_dma.o(i.UAprintf) for UAprintf
    main.o(i.main) refers to uart_dma.o(i.UartC_read) for UartC_read
    main.o(i.main) refers to uart_dma.o(i.UartA_read) for UartA_read
    main.o(i.main) refers to main.o(.data) for .data
    main.o(i.main) refers to focdriver.o(.data) for Frequs
    main.o(i.main) refers to pwm_ppm_capture.o(.data) for PWM2Value
    main.o(i.nvic_config) refers to gd32f30x_misc.o(i.nvic_priority_group_set) for nvic_priority_group_set
    main.o(i.nvic_config) refers to gd32f30x_misc.o(i.nvic_irq_enable) for nvic_irq_enable
    systick.o(i.delay_1ms) refers to systick.o(.data) for .data
    systick.o(i.millis) refers to systick.o(.data) for .data
    systick.o(i.systick_config) refers to system_gd32f30x.o(.data) for SystemCoreClock
    systick.o(i.systick_config) refers to systick.o(.data) for .data
    system_gd32f30x.o(i.SystemCoreClockUpdate) refers to system_gd32f30x.o(.data) for .data
    gd32f30x_adc.o(i.adc_deinit) refers to gd32f30x_rcu.o(i.rcu_periph_reset_enable) for rcu_periph_reset_enable
    gd32f30x_adc.o(i.adc_deinit) refers to gd32f30x_rcu.o(i.rcu_periph_reset_disable) for rcu_periph_reset_disable
    gd32f30x_bkp.o(i.bkp_deinit) refers to gd32f30x_rcu.o(i.rcu_bkp_reset_enable) for rcu_bkp_reset_enable
    gd32f30x_bkp.o(i.bkp_deinit) refers to gd32f30x_rcu.o(i.rcu_bkp_reset_disable) for rcu_bkp_reset_disable
    gd32f30x_can.o(i.can_debug_freeze_disable) refers to gd32f30x_dbg.o(i.dbg_periph_enable) for dbg_periph_enable
    gd32f30x_can.o(i.can_debug_freeze_enable) refers to gd32f30x_dbg.o(i.dbg_periph_enable) for dbg_periph_enable
    gd32f30x_can.o(i.can_deinit) refers to gd32f30x_rcu.o(i.rcu_periph_reset_enable) for rcu_periph_reset_enable
    gd32f30x_can.o(i.can_deinit) refers to gd32f30x_rcu.o(i.rcu_periph_reset_disable) for rcu_periph_reset_disable
    gd32f30x_ctc.o(i.ctc_deinit) refers to gd32f30x_rcu.o(i.rcu_periph_reset_enable) for rcu_periph_reset_enable
    gd32f30x_ctc.o(i.ctc_deinit) refers to gd32f30x_rcu.o(i.rcu_periph_reset_disable) for rcu_periph_reset_disable
    gd32f30x_dac.o(i.dac_deinit) refers to gd32f30x_rcu.o(i.rcu_periph_reset_enable) for rcu_periph_reset_enable
    gd32f30x_dac.o(i.dac_deinit) refers to gd32f30x_rcu.o(i.rcu_periph_reset_disable) for rcu_periph_reset_disable
    gd32f30x_fmc.o(i.fmc_bank0_erase) refers to gd32f30x_fmc.o(i.fmc_bank0_ready_wait) for fmc_bank0_ready_wait
    gd32f30x_fmc.o(i.fmc_bank1_erase) refers to gd32f30x_fmc.o(i.fmc_bank1_ready_wait) for fmc_bank1_ready_wait
    gd32f30x_fmc.o(i.fmc_halfword_program) refers to gd32f30x_fmc.o(i.fmc_bank0_ready_wait) for fmc_bank0_ready_wait
    gd32f30x_fmc.o(i.fmc_halfword_program) refers to gd32f30x_fmc.o(i.fmc_bank1_ready_wait) for fmc_bank1_ready_wait
    gd32f30x_fmc.o(i.fmc_mass_erase) refers to gd32f30x_fmc.o(i.fmc_bank0_ready_wait) for fmc_bank0_ready_wait
[...]
    ../clib/libinit.s                        0x00000000   Number         0  libshutdown2.o ABSOLUTE
    ../clib/libinit.s                        0x00000000   Number         0  libshutdown.o ABSOLUTE
    ../clib/libinit.s                        0x00000000   Number         0  libinit2.o ABSOLUTE
    ../clib/libinit.s                        0x00000000   Number         0  libinit.o ABSOLUTE
    ../clib/longlong.s                       0x00000000   Number         0  llsshr.o ABSOLUTE
    ../clib/longlong.s                       0x00000000   Number         0  llsdiv.o ABSOLUTE
    ../clib/longlong.s                       0x00000000   Number         0  lludivv7m.o ABSOLUTE
    ../clib/signal.c                         0x00000000   Number         0  __raise.o ABSOLUTE
    ../clib/signal.c                         0x00000000   Number         0  defsig_general.o ABSOLUTE
    ../clib/signal.c                         0x00000000   Number         0  defsig_rtmem_outer.o ABSOLUTE
    ../clib/signal.c                         0x00000000   Number         0  defsig_exit.o ABSOLUTE
    ../clib/signal.c                         0x00000000   Number         0  defsig_abrt_inner.o ABSOLUTE
    ../clib/signal.c                         0x00000000   Number         0  defsig_cppl_inner.o ABSOLUTE
    ../clib/signal.c                         0x00000000   Number         0  defsig_pvfn_inner.o ABSOLUTE
    ../clib/signal.c                         0x00000000   Number         0  defsig_segv_inner.o ABSOLUTE
    ../clib/signal.c                         0x00000000   Number         0  defsig_other.o ABSOLUTE
    ../clib/signal.c                         0x00000000   Number         0  defsig_fpe_formal.o ABSOLUTE
    ../clib/signal.c                         0x00000000   Number         0  defsig_rtred_inner.o ABSOLUTE
    ../clib/signal.c                         0x00000000   Number         0  defsig_rtmem_inner.o ABSOLUTE
    ../clib/signal.c                         0x00000000   Number         0  defsig_stak_inner.o ABSOLUTE
    ../clib/signal.c                         0x00000000   Number         0  defsig_fpe_outer.o ABSOLUTE
    ../clib/signal.c                         0x00000000   Number         0  defsig_rtmem_formal.o ABSOLUTE
    ../clib/signal.c                         0x00000000   Number         0  defsig_fpe_inner.o ABSOLUTE
    ../clib/signal.s                         0x00000000   Number         0  defsig.o ABSOLUTE
    ../clib/stdlib.c                         0x00000000   Number         0  exit.o ABSOLUTE
    ../fplib/d2f.s                           0x00000000   Number         0  d2f.o ABSOLUTE
    ../fplib/dnaninf.s                       0x00000000   Number         0  dnaninf.o ABSOLUTE
    ../fplib/dretinf.s                       0x00000000   Number         0  dretinf.o ABSOLUTE
    ../fplib/f2d.s                           0x00000000   Number         0  f2d.o ABSOLUTE
    ../fplib/fnaninf.s                       0x00000000   Number         0  fnaninf.o ABSOLUTE
    ../fplib/fpinit.s                        0x00000000   Number         0  fpinit.o ABSOLUTE
    ../fplib/fretinf.s                       0x00000000   Number         0  fretinf.o ABSOLUTE
    ../fplib/usenofp.s                       0x00000000   Number         0  usenofp.o ABSOLUTE
    ..\..\Firmware\CMSIS\GD\GD32F30x\Source\ARM\startup_gd32f30x_hd.s 0x00000000   Number         0  startup_gd32f30x_hd.o ABSOLUTE
    ..\..\Firmware\CMSIS\GD\GD32F30x\Source\system_gd32f30x.c 0x00000000   Number         0  system_gd32f30x.o ABSOLUTE
    ..\..\Firmware\GD32F30x_standard_peripheral\Source\gd32f30x_adc.c 0x00000000   Number         0  gd32f30x_adc.o ABSOLUTE
    ..\..\Firmware\GD32F30x_standard_peripheral\Source\gd32f30x_bkp.c 0x00000000   Number         0  gd32f30x_bkp.o ABSOLUTE
    ..\..\Firmware\GD32F30x_standard_peripheral\Source\gd32f30x_can.c 0x00000000   Number         0  gd32f30x_can.o ABSOLUTE
    ..\..\Firmware\GD32F30x_standard_peripheral\Source\gd32f30x_crc.c 0x00000000   Number         0  gd32f30x_crc.o ABSOLUTE
    ..\..\Firmware\GD32F30x_standard_peripheral\Source\gd32f30x_ctc.c 0x00000000   Number         0  gd32f30x_ctc.o ABSOLUTE
    ..\..\Firmware\GD32F30x_standard_peripheral\Source\gd32f30x_dac.c 0x00000000   Number         0  gd32f30x_dac.o ABSOLUTE
    ..\..\Firmware\GD32F30x_standard_peripheral\Source\gd32f30x_dbg.c 0x00000000   Number         0  gd32f30x_dbg.o ABSOLUTE
    ..\..\Firmware\GD32F30x_standard_peripheral\Source\gd32f30x_dma.c 0x00000000   Number         0  gd32f30x_dma.o ABSOLUTE
    ..\..\Firmware\GD32F30x_standard_peripheral\Source\gd32f30x_enet.c 0x00000000   Number         0  gd32f30x_enet.o ABSOLUTE
    ..\..\Firmware\GD32F30x_standard_peripheral\Source\gd32f30x_exmc.c 0x00000000   Number         0  gd32f30x_exmc.o ABSOLUTE
    ..\..\Firmware\GD32F30x_standard_peripheral\Source\gd32f30x_exti.c 0x00000000   Number         0  gd32f30x_exti.o ABSOLUTE
    ..\..\Firmware\GD32F30x_standard_peripheral\Source\gd32f30x_fmc.c 0x00000000   Number         0  gd32f30x_fmc.o ABSOLUTE
    ..\..\Firmware\GD32F30x_standard_peripheral\Source\gd32f30x_fwdgt.c 0x00000000   Number         0  gd32f30x_fwdgt.o ABSOLUTE
    ..\..\Firmware\GD32F30x_standard_peripheral\Source\gd32f30x_gpio.c 0x00000000   Number         0  gd32f30x_gpio.o ABSOLUTE
    ..\..\Firmware\GD32F30x_standard_peripheral\Source\gd32f30x_i2c.c 0x00000000   Number         0  gd32f30x_i2c.o ABSOLUTE
    ..\..\Firmware\GD32F30x_standard_peripheral\Source\gd32f30x_misc.c 0x00000000   Number         0  gd32f30x_misc.o ABSOLUTE
    ..\..\Firmware\GD32F30x_standard_peripheral\Source\gd32f30x_pmu.c 0x00000000   Number         0  gd32f30x_pmu.o ABSOLUTE
    ..\..\Firmware\GD32F30x_standard_peripheral\Source\gd32f30x_rcu.c 0x00000000   Number         0  gd32f30x_rcu.o ABSOLUTE
    ..\..\Firmware\GD32F30x_standard_peripheral\Source\gd32f30x_rtc.c 0x00000000   Number         0  gd32f30x_rtc.o ABSOLUTE
    ..\..\Firmware\GD32F30x_standard_peripheral\Source\gd32f30x_sdio.c 0x00000000   Number         0  gd32f30x_sdio.o ABSOLUTE
    ..\..\Firmware\GD32F30x_standard_peripheral\Source\gd32f30x_spi.c 0x00000000   Number         0  gd32f30x_spi.o ABSOLUTE
    ..\..\Firmware\GD32F30x_standard_peripheral\Source\gd32f30x_timer.c 0x00000000   Number         0  gd32f30x_timer.o ABSOLUTE
    ..\..\Firmware\GD32F30x_standard_peripheral\Source\gd32f30x_usart.c 0x00000000   Number         0  gd32f30x_usart.o ABSOLUTE
    ..\..\Firmware\GD32F30x_standard_peripheral\Source\gd32f30x_wwdgt.c 0x00000000   Number         0  gd32f30x_wwdgt.o ABSOLUTE
    ..\..\SYSTEM\FOCdriver\FOCdriver.c       0x00000000   Number         0  focdriver.o ABSOLUTE
    ..\..\SYSTEM\TLE5012B\TLE5012B.c         0x00000000   Number         0  tle5012b.o ABSOLUTE
    ..\..\SYSTEM\flash_para\flash_para.c     0x00000000   Number         0  flash_para.o ABSOLUTE
    ..\..\Utilities\gd32f303e_eval.c         0x00000000   Number         0  gd32f303e_eval.o ABSOLUTE
    ..\..\hardware\ADC_DMA\ADC_DMA.c         0x00000000   Number         0  adc_dma.o ABSOLUTE
    ..\..\hardware\MATH\MyMath.c             0x00000000   Number         0  mymath.o ABSOLUTE
    ..\..\hardware\PWM_PPM_capture\PWM_PPM_capture.c 0x00000000   Number         0  pwm_ppm_capture.o ABSOLUTE
    ..\..\hardware\PWMout\PWMout.c           0x00000000   Number         0  pwmout.o ABSOLUTE
    ..\..\hardware\SPI\SPI.c                 0x00000000   Number         0  spi.o ABSOLUTE
    ..\..\hardware\TIMER\Timer.c             0x00000000   Number         0  timer.o ABSOLUTE
    ..\..\hardware\UART_DMA\UART_DMA.c       0x00000000   Number         0  uart_dma.o ABSOLUTE
    ..\\..\\Firmware\\CMSIS\\GD\\GD32F30x\\Source\\system_gd32f30x.c 0x00000000   Number         0  system_gd32f30x.o ABSOLUTE
    ..\\..\\Firmware\\GD32F30x_standard_peripheral\\Source\\gd32f30x_adc.c 0x00000000   Number         0  gd32f30x_adc.o ABSOLUTE
    ..\\..\\Firmware\\GD32F30x_standard_peripheral\\Source\\gd32f30x_bkp.c 0x00000000   Number         0  gd32f30x_bkp.o ABSOLUTE
    ..\\..\\Firmware\\GD32F30x_standard_peripheral\\Source\\gd32f30x_can.c 0x00000000   Number         0  gd32f30x_can.o ABSOLUTE
    ..\\..\\Firmware\\GD32F30x_standard_peripheral\\Source\\gd32f30x_crc.c 0x00000000   Number         0  gd32f30x_crc.o ABSOLUTE
    ..\\..\\Firmware\\GD32F30x_standard_peripheral\\Source\\gd32f30x_ctc.c 0x00000000   Number         0  gd32f30x_ctc.o ABSOLUTE
    ..\\..\\Firmware\\GD32F30x_standard_peripheral\\Source\\gd32f30x_dac.c 0x00000000   Number         0  gd32f30x_dac.o ABSOLUTE
    ..\\..\\Firmware\\GD32F30x_standard_peripheral\\Source\\gd32f30x_dbg.c 0x00000000   Number         0  gd32f30x_dbg.o ABSOLUTE
    ..\\..\\Firmware\\GD32F30x_standard_peripheral\\Source\\gd32f30x_dma.c 0x00000000   Number         0  gd32f30x_dma.o ABSOLUTE
    ..\\..\\Firmware\\GD32F30x_standard_peripheral\\Source\\gd32f30x_enet.c 0x00000000   Number         0  gd32f30x_enet.o ABSOLUTE
    ..\\..\\Firmware\\GD32F30x_standard_peripheral\\Source\\gd32f30x_exmc.c 0x00000000   Number         0  gd32f30x_exmc.o ABSOLUTE
    ..\\..\\Firmware\\GD32F30x_standard_peripheral\\Source\\gd32f30x_exti.c 0x00000000   Number         0  gd32f30x_exti.o ABSOLUTE
    ..\\..\\Firmware\\GD32F30x_standard_peripheral\\Source\\gd32f30x_fmc.c 0x00000000   Number         0  gd32f30x_fmc.o ABSOLUTE
    ..\\..\\Firmware\\GD32F30x_standard_peripheral\\Source\\gd32f30x_fwdgt.c 0x00000000   Number         0  gd32f30x_fwdgt.o ABSOLUTE
    ..\\..\\Firmware\\GD32F30x_standard_peripheral\\Source\\gd32f30x_gpio.c 0x00000000   Number         0  gd32f30x_gpio.o ABSOLUTE
    ..\\..\\Firmware\\GD32F30x_standard_peripheral\\Source\\gd32f30x_i2c.c 0x00000000   Number         0  gd32f30x_i2c.o ABSOLUTE
    ..\\..\\Firmware\\GD32F30x_standard_peripheral\\Source\\gd32f30x_misc.c 0x00000000   Number         0  gd32f30x_misc.o ABSOLUTE
    ..\\..\\Firmware\\GD32F30x_standard_peripheral\\Source\\gd32f30x_pmu.c 0x00000000   Number         0  gd32f30x_pmu.o ABSOLUTE
    ..\\..\\Firmware\\GD32F30x_standard_peripheral\\Source\\gd32f30x_rcu.c 0x00000000   Number         0  gd32f30x_rcu.o ABSOLUTE
    ..\\..\\Firmware\\GD32F30x_standard_peripheral\\Source\\gd32f30x_rtc.c 0x00000000   Number         0  gd32f30x_rtc.o ABSOLUTE
    ..\\..\\Firmware\\GD32F30x_standard_peripheral\\Source\\gd32f30x_sdio.c 0x00000000   Number         0  gd32f30x_sdio.o ABSOLUTE
    ..\\..\\Firmware\\GD32F30x_standard_peripheral\\Source\\gd32f30x_spi.c 0x00000000   Number         0  gd32f30x_spi.o ABSOLUTE
    ..\\..\\Firmware\\GD32F30x_standard_peripheral\\Source\\gd32f30x_timer.c 0x00000000   Number         0  gd32f30x_timer.o ABSOLUTE
    ..\\..\\Firmware\\GD32F30x_standard_peripheral\\Source\\gd32f30x_usart.c 0x00000000   Number         0  gd32f30x_usart.o ABSOLUTE
    ..\\..\\Firmware\\GD32F30x_standard_peripheral\\Source\\gd32f30x_wwdgt.c 0x00000000   Number         0  gd32f30x_wwdgt.o ABSOLUTE
    ..\\..\\SYSTEM\\FOCdriver\\FOCdriver.c   0x00000000   Number         0  focdriver.o ABSOLUTE
    ..\\..\\SYSTEM\\TLE5012B\\TLE5012B.c     0x00000000   Number         0  tle5012b.o ABSOLUTE
    ..\\..\\SYSTEM\\flash_para\\flash_para.c 0x00000000   Number         0  flash_para.o ABSOLUTE
    ..\\..\\Utilities\\gd32f303e_eval.c      0x00000000   Number         0  gd32f303e_eval.o ABSOLUTE
    ..\\..\\hardware\\ADC_DMA\\ADC_DMA.c     0x00000000   Number         0  adc_dma.o ABSOLUTE
    ..\\..\\hardware\\MATH\\MyMath.c         0x00000000   Number         0  mymath.o ABSOLUTE
    ..\\..\\hardware\\PWM_PPM_capture\\PWM_PPM_capture.c 0x00000000   Number         0  pwm_ppm_capture.o ABSOLUTE
    ..\\..\\hardware\\PWMout\\PWMout.c       0x00000000   Number         0  pwmout.o ABSOLUTE
    ..\\..\\hardware\\SPI\\SPI.c             0x00000000   Number         0  spi.o ABSOLUTE
    ..\\..\\hardware\\TIMER\\Timer.c         0x00000000   Number         0  timer.o ABSOLUTE
    ..\\..\\hardware\\UART_DMA\\UART_DMA.c   0x00000000   Number         0  uart_dma.o ABSOLUTE
    ..\\gd32f30x_it.c                        0x00000000   Number         0  gd32f30x_it.o ABSOLUTE
    ..\\main.c                               0x00000000   Number         0  main.o ABSOLUTE
    ..\\systick.c                            0x00000000   Number         0  systick.o ABSOLUTE
    ..\gd32f30x_it.c                         0x00000000   Number         0  gd32f30x_it.o ABSOLUTE
    ..\main.c                                0x00000000   Number         0  main.o ABSOLUTE
    ..\systick.c                             0x00000000   Number         0  systick.o ABSOLUTE
    dc.s                                     0x00000000   Number         0  dc.o ABSOLUTE
    RESET                                    0x08000000   Section      304  startup_gd32f30x_hd.o(RESET)
    !!!main                                  0x08000130   Section        8  __main.o(!!!main)
    !!!scatter                               0x08000138   Section       52  __scatter.o(!!!scatter)
    !!handler_copy                           0x0800016c   Section       26  __scatter_copy.o(!!handler_copy)
    !!handler_zi                             0x08000188   Section       28  __scatter_zi.o(!!handler_zi)
    .ARM.Collect$$libinit$$00000000          0x080001a4   Section        2  libinit.o(.ARM.Collect$$libinit$$00000000)
    .ARM.Collect$$libinit$$00000001          0x080001a6   Section        4  libinit2.o(.ARM.Collect$$libinit$$00000001)
    .ARM.Collect$$libinit$$00000004          0x080001aa   Section        0  libinit2.o(.ARM.Collect$$libinit$$00000004)
    .ARM.Collect$$libinit$$0000000A          0x080001aa   Section        0  libinit2.o(.ARM.Collect$$libinit$$0000000A)
    .ARM.Collect$$libinit$$0000000C          0x080001aa   Section        0  libinit2.o(.ARM.Collect$$libinit$$0000000C)
    .ARM.Collect$$libinit$$0000000E          0x080001aa   Section        0  libinit2.o(.ARM.Collect$$libinit$$0000000E)
    .ARM.Collect$$libinit$$00000011          0x080001aa   Section        0  libinit2.o(.ARM.Collect$$libinit$$00000011)
    .ARM.Collect$$libinit$$00000013          0x080001aa   Section        0  libinit2.o(.ARM.Collect$$libinit$$00000013)
    .ARM.Collect$$libinit$$00000015          0x080001aa   Section        0  libinit2.o(.ARM.Collect$$libinit$$00000015)
    .ARM.Collect$$libinit$$00000017          0x080001aa   Section        0  libinit2.o(.ARM.Collect$$libinit$$00000017)
    .ARM.Collect$$libinit$$00000019          0x080001aa   Section        0  libinit2.o(.ARM.Collect$$libinit$$00000019)
    .ARM.Collect$$libinit$$0000001B          0x080001aa   Section        0  libinit2.o(.ARM.Collect$$libinit$$0000001B)
    .ARM.Collect$$libinit$$0000001D          0x080001aa   Section        0  libinit2.o(.ARM.Collect$$libinit$$0000001D)
    .ARM.Collect$$libinit$$0000001F          0x080001aa   Section        0  libinit2.o(.ARM.Collect$$libinit$$0000001F)
    .ARM.Collect$$libinit$$00000021          0x080001aa   Section        0  libinit2.o(.ARM.Collect$$libinit$$00000021)
    .ARM.Collect$$libinit$$00000023          0x080001aa   Section        0  libinit2.o(.ARM.Collect$$libinit$$00000023)
    .ARM.Collect$$libinit$$00000025          0x080001aa   Section        0  libinit2.o(.ARM.Collect$$libinit$$00000025)
    .ARM.Collect$$libinit$$0000002C          0x080001aa   Section        0  libinit2.o(.ARM.Collect$$libinit$$0000002C)
    .ARM.Collect$$libinit$$0000002E          0x080001aa   Section        0  libinit2.o(.ARM.Collect$$libinit$$0000002E)
    .ARM.Collect$$libinit$$00000030          0x080001aa   Section        0  libinit2.o(.ARM.Collect$$libinit$$00000030)
    .ARM.Collect$$libinit$$00000032          0x080001aa   Section        0  libinit2.o(.ARM.Collect$$libinit$$00000032)
    .ARM.Collect$$libinit$$00000033          0x080001aa   Section        2  libinit2.o(.ARM.Collect$$libinit$$00000033)
    .ARM.Collect$$libshutdown$$00000000      0x080001ac   Section        2  libshutdown.o(.ARM.Collect$$libshutdown$$00000000)
    .ARM.Collect$$libshutdown$$00000002      0x080001ae   Section        0  libshutdown2.o(.ARM.Collect$$libshutdown$$00000002)
    .ARM.Collect$$libshutdown$$00000004      0x080001ae   Section        0  libshutdown2.o(.ARM.Collect$$libshutdown$$00000004)
    .ARM.Collect$$libshutdown$$00000007      0x080001ae   Section        0  libshutdown2.o(.ARM.Collect$$libshutdown$$00000007)
    .ARM.Collect$$libshutdown$$0000000A      0x080001ae   Section        0  libshutdown2.o(.ARM.Collect$$libshutdown$$0000000A)
    .ARM.Collect$$libshutdown$$0000000C      0x080001ae   Section        0  libshutdown2.o(.ARM.Collect$$libshutdown$$0000000C)
    .ARM.Collect$$libshutdown$$0000000F      0x080001ae   Section        0  libshutdown2.o(.ARM.Collect$$libshutdown$$0000000F)
    .ARM.Collect$$libshutdown$$00000010      0x080001ae   Section        2  libshutdown2.o(.ARM.Collect$$libshutdown$$00000010)
    .ARM.Collect$$rtentry$$00000000          0x080001b0   Section        0  __rtentry.o(.ARM.Collect$$rtentry$$00000000)
    .ARM.Collect$$rtentry$$00000002          0x080001b0   Section        0  __rtentry2.o(.ARM.Collect$$rtentry$$00000002)
    .ARM.Collect$$rtentry$$00000004          0x080001b0   Section        6  __rtentry4.o(.ARM.Collect$$rtentry$$00000004)
    .ARM.Collect$$rtentry$$00000009          0x080001b6   Section        0  __rtentry2.o(.ARM.Collect$$rtentry$$00000009)
    .ARM.Collect$$rtentry$$0000000A          0x080001b6   Section        4  __rtentry2.o(.ARM.Collect$$rtentry$$0000000A)
    .ARM.Collect$$rtentry$$0000000C          0x080001ba   Section        0  __rtentry2.o(.ARM.Collect$$rtentry$$0000000C)
    .ARM.Collect$$rtentry$$0000000D          0x080001ba   Section        8  __rtentry2.o(.ARM.Collect$$rtentry$$0000000D)
    .ARM.Collect$$rtexit$$00000000           0x080001c2   Section        2  rtexit.o(.ARM.Collect$$rtexit$$00000000)
    .ARM.Collect$$rtexit$$00000002           0x080001c4   Section        0  rtexit2.o(.ARM.Collect$$rtexit$$00000002)
    .ARM.Collect$$rtexit$$00000003           0x080001c4   Section        4  rtexit2.o(.ARM.Collect$$rtexit$$00000003)
    .ARM.Collect$$rtexit$$00000004           0x080001c8   Section        6  rtexit2.o(.ARM.Collect$$rtexit$$00000004)
    .text                                    0x080001d0   Section       64  startup_gd32f30x_hd.o(.text)
    $v0                                      0x080001d0   Number         0  startup_gd32f30x_hd.o(.text)
    .text                                    0x08000210   Section       38  llsshr.o(.text)
    .text                                    0x08000236   Section       72  llsdiv.o(.text)
    .text                                    0x0800027e   Section        0  heapauxi.o(.text)
    .text                                    0x08000284   Section      238  lludivv7m.o(.text)
    .text                                    0x08000372   Section       74  sys_stackheap_outer.o(.text)
    .text                                    0x080003bc   Section        0  exit.o(.text)
    .text                                    0x080003d0   Section        8  libspace.o(.text)
    .text                                    0x080003d8   Section        0  sys_exit.o(.text)
    .text                                    0x080003e4   Section        2  use_no_semi.o(.text)
    .text                                    0x080003e6   Section        0  indicate_semi.o(.text)
    i.ANO_DT_Send_Status                     0x080003e8   Section        0  uart_dma.o(i.ANO_DT_Send_Status)
    i.BusFault_Handler                       0x080004b8   Section        0  gd32f30x_it.o(i.BusFault_Handler)
    i.DMA0_Channel1_IRQHandler               0x080004bc   Section        0  uart_dma.o(i.DMA0_Channel1_IRQHandler)
    i.DMA0_Channel3_IRQHandler               0x0800054c   Section        0  uart_dma.o(i.DMA0_Channel3_IRQHandler)
    i.DMAbufInit                             0x080005e0   Section        0  uart_dma.o(i.DMAbufInit)
    i.DebugMon_Handler                       0x08000618   Section        0  gd32f30x_it.o(i.DebugMon_Handler)
    i.HardFault_Handler                      0x0800061a   Section        0  gd32f30x_it.o(i.HardFault_Handler)
    i.InvSqrt                                0x0800061c   Section        0  mymath.o(i.InvSqrt)
    i.MemManage_Handler                      0x08000670   Section        0  gd32f30x_it.o(i.MemManage_Handler)
    i.NMI_Handler                            0x08000672   Section        0  gd32f30x_it.o(i.NMI_Handler)
    i.PWM_PPM_inInitial                      0x08000674   Section        0  pwm_ppm_capture.o(i.PWM_PPM_inInitial)
    i.PendSV_Handler                         0x08000680   Section        0  gd32f30x_it.o(i.PendSV_Handler)
    i.SPI2_Init                              0x08000684   Section        0  spi.o(i.SPI2_Init)
    i.SVC_Handler                            0x0800072c   Section        0  gd32f30x_it.o(i.SVC_Handler)
    i.SysTick_Handler                        0x0800072e   Section        0  gd32f30x_it.o(i.SysTick_Handler)
    i.SystemInit                             0x08000734   Section        0  system_gd32f30x.o(i.SystemInit)
    i.TIMER4_IRQHandler                      0x08000830   Section        0  focdriver.o(i.TIMER4_IRQHandler)
    i.TIMER7_Channel_IRQHandler              0x08000870   Section        0  pwm_ppm_capture.o(i.TIMER7_Channel_IRQHandler)
    i.TLE5012B_initialise                    0x0800092c   Section        0  tle5012b.o(i.TLE5012B_initialise)
    i.TimerxPrescalerOverflowCal             0x08000930   Section        0  pwmout.o(i.TimerxPrescalerOverflowCal)
    i.Timerx_Init                            0x08000968   Section        0  timer.o(i.Timerx_Init)
    i.UAprintf                               0x08000a08   Section        0  uart_dma.o(i.UAprintf)
    i.UCprintf                               0x08000a1c   Section        0  uart_dma.o(i.UCprintf)
    i.UartA_Available                        0x08000a30   Section        0  uart_dma.o(i.UartA_Available)
    i.UartA_DmaInitial                       0x08000a64   Section        0  uart_dma.o(i.UartA_DmaInitial)
    i.UartA_read                             0x08000b54   Section        0  uart_dma.o(i.UartA_read)
    i.UartA_write                            0x08000b74   Section        0  uart_dma.o(i.UartA_write)
    i.UartC_Available                        0x08000c48   Section        0  uart_dma.o(i.UartC_Available)
    i.UartC_DmaInitial                       0x08000c7c   Section        0  uart_dma.o(i.UartC_DmaInitial)
    i.UartC_read                             0x08000d6c   Section        0  uart_dma.o(i.UartC_read)
    i.UartC_write                            0x08000d8c   Section        0  uart_dma.o(i.UartC_write)
    i.Update_SystemTick                      0x08000e5c   Section        0  systick.o(i.Update_SystemTick)
    i.UsageFault_Handler                     0x08000e6c   Section        0  gd32f30x_it.o(i.UsageFault_Handler)
    i.delay_1ms                              0x08000e70   Section        0  systick.o(i.delay_1ms)
    i.dma_channel_disable                    0x08000eb8   Section        0  gd32f30x_dma.o(i.dma_channel_disable)
    i.dma_channel_enable                     0x08000eda   Section        0  gd32f30x_dma.o(i.dma_channel_enable)
    i.dma_circulation_disable                0x08000efc   Section        0  gd32f30x_dma.o(i.dma_circulation_disable)
    i.dma_circulation_enable                 0x08000f1e   Section        0  gd32f30x_dma.o(i.dma_circulation_enable)
    i.dma_deinit                             0x08000f40   Section        0  gd32f30x_dma.o(i.dma_deinit)
    i.dma_init                               0x08000f7a   Section        0  gd32f30x_dma.o(i.dma_init)
    i.dma_interrupt_enable                   0x08000ff4   Section        0  gd32f30x_dma.o(i.dma_interrupt_enable)
    i.dma_interrupt_flag_clear               0x08001014   Section        0  gd32f30x_dma.o(i.dma_interrupt_flag_clear)
    i.dma_interrupt_flag_get                 0x08001022   Section        0  gd32f30x_dma.o(i.dma_interrupt_flag_get)
    i.dma_memory_to_memory_disable           0x0800106c   Section        0  gd32f30x_dma.o(i.dma_memory_to_memory_disable)
    i.dma_transfer_number_get                0x0800108e   Section        0  gd32f30x_dma.o(i.dma_transfer_number_get)
    i.f32cos                                 0x080010ac   Section        0  mymath.o(i.f32cos)
    i.f32sin                                 0x08001180   Section        0  mymath.o(i.f32sin)
    i.fast_atan2                             0x08001248   Section        0  mymath.o(i.fast_atan2)
    i.fmc_bank0_ready_wait                   0x0800131c   Section        0  gd32f30x_fmc.o(i.fmc_bank0_ready_wait)
    i.fmc_bank1_ready_wait                   0x08001358   Section        0  gd32f30x_fmc.o(i.fmc_bank1_ready_wait)
    i.fmc_flag_clear                         0x08001394   Section        0  gd32f30x_fmc.o(i.fmc_flag_clear)
    i.fmc_lock                               0x080013b0   Section        0  gd32f30x_fmc.o(i.fmc_lock)
    i.fmc_page_erase                         0x080013d8   Section        0  gd32f30x_fmc.o(i.fmc_page_erase)
    i.fmc_program_Bytes                      0x08001474   Section        0  flash_para.o(i.fmc_program_Bytes)
    i.fmc_unlock                             0x080014ec   Section        0  gd32f30x_fmc.o(i.fmc_unlock)
    i.fmc_word_program                       0x08001528   Section        0  gd32f30x_fmc.o(i.fmc_word_program)
    i.foc_initialise                         0x080015ac   Section        0  focdriver.o(i.foc_initialise)
    i.ftoa_engine                            0x08001648   Section        0  uart_dma.o(i.ftoa_engine)
    i.gSVPWM_F4_DQ_speed2PostionA            0x080017f4   Section        0  focdriver.o(i.gSVPWM_F4_DQ_speed2PostionA)
    i.gSVPWM_F4_DQ_speed2PostionB            0x08001d94   Section        0  focdriver.o(i.gSVPWM_F4_DQ_speed2PostionB)
    i.gpio_init                              0x080022f0   Section        0  gd32f30x_gpio.o(i.gpio_init)
    i.main                                   0x08002390   Section        0  main.o(i.main)
    i.micros                                 0x080025cc   Section        0  systick.o(i.micros)
    i.morotrAWrite                           0x08002600   Section        0  pwmout.o(i.morotrAWrite)
    i.morotrBWrite                           0x08002620   Section        0  pwmout.o(i.morotrBWrite)
    i.nvic_irq_enable                        0x08002648   Section        0  gd32f30x_misc.o(i.nvic_irq_enable)
    i.nvic_priority_group_set                0x08002704   Section        0  gd32f30x_misc.o(i.nvic_priority_group_set)
    i.parameter_checkANDset                  0x08002718   Section        0  flash_para.o(i.parameter_checkANDset)
    i.print_vprintf                          0x080027fc   Section        0  uart_dma.o(i.print_vprintf)
    i.rcu_clock_freq_get                     0x08002f38   Section        0  gd32f30x_rcu.o(i.rcu_clock_freq_get)
    i.rcu_periph_clock_enable                0x0800305c   Section        0  gd32f30x_rcu.o(i.rcu_periph_clock_enable)
    i.rcu_periph_reset_disable               0x08003078   Section        0  gd32f30x_rcu.o(i.rcu_periph_reset_disable)
    i.rcu_periph_reset_enable                0x08003096   Section        0  gd32f30x_rcu.o(i.rcu_periph_reset_enable)
    i.spi_enable                             0x080030b2   Section        0  gd32f30x_spi.o(i.spi_enable)
    i.spi_init                               0x080030bc   Section        0  gd32f30x_spi.o(i.spi_init)
    i.synchronTim123                         0x080030ec   Section        0  pwmout.o(i.synchronTim123)
    i.systick_config                         0x080033e8   Section        0  systick.o(i.systick_config)
    i.timer_auto_reload_shadow_enable        0x0800342c   Section        0  gd32f30x_timer.o(i.timer_auto_reload_shadow_enable)
    i.timer_captur_configuration             0x08003438   Section        0  pwm_ppm_capture.o(i.timer_captur_configuration)
    i.timer_channel_input_capture_prescaler_config 0x080034ec   Section        0  gd32f30x_timer.o(i.timer_channel_input_capture_prescaler_config)
    i.timer_channel_output_config            0x0800353c   Section        0  gd32f30x_timer.o(i.timer_channel_output_config)
    i.timer_channel_output_mode_config       0x0800371c   Section        0  gd32f30x_timer.o(i.timer_channel_output_mode_config)
    i.timer_channel_output_pulse_value_config 0x0800376c   Section        0  gd32f30x_timer.o(i.timer_channel_output_pulse_value_config)
    i.timer_channel_output_shadow_config     0x0800378c   Section        0  gd32f30x_timer.o(i.timer_channel_output_shadow_config)
    i.timer_deinit                           0x080037dc   Section        0  gd32f30x_timer.o(i.timer_deinit)
    i.timer_enable                           0x080038c0   Section        0  gd32f30x_timer.o(i.timer_enable)
    i.timer_init                             0x080038cc   Section        0  gd32f30x_timer.o(i.timer_init)
    i.timer_input_capture_config             0x08003980   Section        0  gd32f30x_timer.o(i.timer_input_capture_config)
    i.timer_input_trigger_source_select      0x08003ac8   Section        0  gd32f30x_timer.o(i.timer_input_trigger_source_select)
    i.timer_interrupt_enable                 0x08003ad8   Section        0  gd32f30x_timer.o(i.timer_interrupt_enable)
    i.timer_interrupt_flag_clear             0x08003ae0   Section        0  gd32f30x_timer.o(i.timer_interrupt_flag_clear)
    i.timer_interrupt_flag_get               0x08003aea   Section        0  gd32f30x_timer.o(i.timer_interrupt_flag_get)
    i.timer_master_output_trigger_source_select 0x08003afc   Section        0  gd32f30x_timer.o(i.timer_master_output_trigger_source_select)
    i.timer_master_slave_mode_config         0x08003b0c   Section        0  gd32f30x_timer.o(i.timer_master_slave_mode_config)
    i.timer_slave_mode_select                0x08003b28   Section        0  gd32f30x_timer.o(i.timer_slave_mode_select)
    i.timer_update_event_enable              0x08003b38   Section        0  gd32f30x_timer.o(i.timer_update_event_enable)
    i.ultoa_invert                           0x08003b42   Section        0  uart_dma.o(i.ultoa_invert)
    i.usartAC_config                         0x08003be4   Section        0  uart_dma.o(i.usartAC_config)
    i.usart_baudrate_set                     0x08003cac   Section        0  gd32f30x_usart.o(i.usart_baudrate_set)
    i.usart_dma_receive_config               0x08003d08   Section        0  gd32f30x_usart.o(i.usart_dma_receive_config)
    i.usart_dma_transmit_config              0x08003d14   Section        0  gd32f30x_usart.o(i.usart_dma_transmit_config)
    i.usart_enable                           0x08003d20   Section        0  gd32f30x_usart.o(i.usart_enable)
    i.usart_parity_config                    0x08003d2a   Section        0  gd32f30x_usart.o(i.usart_parity_config)
    i.usart_receive_config                   0x08003d3a   Section        0  gd32f30x_usart.o(i.usart_receive_config)
    i.usart_stop_bit_set                     0x08003d46   Section        0  gd32f30x_usart.o(i.usart_stop_bit_set)
    i.usart_transmit_config                  0x08003d56   Section        0  gd32f30x_usart.o(i.usart_transmit_config)
    i.usart_word_length_set                  0x08003d62   Section        0  gd32f30x_usart.o(i.usart_word_length_set)
    x$fpl$d2f                                0x08003d74   Section       98  d2f.o(x$fpl$d2f)
    $v0                                      0x08003d74   Number         0  d2f.o(x$fpl$d2f)
    x$fpl$dnaninf                            0x08003dd6   Section      156  dnaninf.o(x$fpl$dnaninf)
    $v0                                      0x08003dd6   Number         0  dnaninf.o(x$fpl$dnaninf)
    x$fpl$dretinf                            0x08003e72   Section       12  dretinf.o(x$fpl$dretinf)
    $v0                                      0x08003e72   Number         0  dretinf.o(x$fpl$dretinf)
    x$fpl$f2d                                0x08003e80   Section       86  f2d.o(x$fpl$f2d)
    $v0                                      0x08003e80   Number         0  f2d.o(x$fpl$f2d)
    x$fpl$fnaninf                            0x08003ed6   Section      140  fnaninf.o(x$fpl$fnaninf)
    $v0                                      0x08003ed6   Number         0  fnaninf.o(x$fpl$fnaninf)
    x$fpl$fpinit                             0x08003f62   Section       10  fpinit.o(x$fpl$fpinit)
    $v0                                      0x08003f62   Number         0  fpinit.o(x$fpl$fpinit)
    x$fpl$fretinf                            0x08003f6c   Section       10  fretinf.o(x$fpl$fretinf)
    $v0                                      0x08003f6c   Number         0  fretinf.o(x$fpl$fretinf)
    x$fpl$usenofp                            0x08003f76   Section        0  usenofp.o(x$fpl$usenofp)
    .constdata                               0x08003f78   Section      160  uart_dma.o(.constdata)
    exponentTable                            0x08003f78   Data          32  uart_dma.o(.constdata)
    factorTable                              0x08003f98   Data         128  uart_dma.o(.constdata)
    .data                                    0x20000000   Section       12  main.o(.data)
    timingdelaylocal                         0x20000004   Data           4  main.o(.data)
    .data                                    0x2000000c   Section        8  systick.o(.data)
    delay                                    0x2000000c   Data           4  systick.o(.data)
    .data                                    0x20000014   Section        4  system_gd32f30x.o(.data)
    .data                                    0x20000018   Section       10  pwm_ppm_capture.o(.data)
    capflag1                                 0x20000018   Data           1  pwm_ppm_capture.o(.data)
    capflag2                                 0x20000019   Data           1  pwm_ppm_capture.o(.data)
    lastPwm1                                 0x2000001e   Data           2  pwm_ppm_capture.o(.data)
    lastPwm2                                 0x20000020   Data           2  pwm_ppm_capture.o(.data)
    .data                                    0x20000024   Section       72  focdriver.o(.data)
    lastTimer                                0x20000028   Data           4  focdriver.o(.data)
    lastError                                0x2000002c   Data           4  focdriver.o(.data)
    Integrator                               0x20000030   Data           4  focdriver.o(.data)
    lastAngle                                0x20000034   Data           4  focdriver.o(.data)
    Vd                                       0x20000038   Data           4  focdriver.o(.data)
    Vq                                       0x2000003c   Data           4  focdriver.o(.data)
    lastDervation                            0x20000040   Data           4  focdriver.o(.data)
    lastUs                                   0x20000044   Data           4  focdriver.o(.data)
    cunt                                     0x20000048   Data           4  focdriver.o(.data)
    lastError                                0x2000004c   Data           4  focdriver.o(.data)
    Integrator                               0x20000050   Data           4  focdriver.o(.data)
    Vd                                       0x20000054   Data           4  focdriver.o(.data)
    Vq                                       0x20000058   Data           4  focdriver.o(.data)
    lastAngle                                0x2000005c   Data           4  focdriver.o(.data)
    lastDervation                            0x20000060   Data           4  focdriver.o(.data)
    lastUs                                   0x20000064   Data           4  focdriver.o(.data)
    cunt                                     0x20000068   Data           4  focdriver.o(.data)
    .data                                    0x2000006c   Section        4  flash_para.o(.data)
    .bss                                     0x20000070   Section     4192  uart_dma.o(.bss)
    .bss                                     0x200010d0   Section      153  focdriver.o(.bss)
    .bss                                     0x20001169   Section       86  flash_para.o(.bss)
    .bss                                     0x200011c0   Section       96  libspace.o(.bss)
    HEAP                                     0x20001220   Section     8192  startup_gd32f30x_hd.o(HEAP)
    Heap_Mem                                 0x20001220   Data        8192  startup_gd32f30x_hd.o(HEAP)
    STACK                                    0x20003220   Section     8192  startup_gd32f30x_hd.o(STACK)
    Stack_Mem                                0x20003220   Data        8192  startup_gd32f30x_hd.o(STACK)
    __initial_sp                             0x20005220   Data           0  startup_gd32f30x_hd.o(STACK)

    Global Symbols

    Symbol Name                              Value     Ov Type        Size  Object(Section)

    BuildAttributes$$THM_ISAv4$E$P$D$K$B$S$7EM$VFPi3$EXTD16$VFPS$VFMA$PE$A:L22UL41UL21$X:L11$S22US41US21$IEEE1$IW$USESV6$~STKCKD$USESV7$~SHL$OTIME$ROPI$EBA8$UX$STANDARDLIB$REQ8$PRES8$EABIv2 0x00000000   Number         0  anon$$obj.o ABSOLUTE
    __ARM_use_no_argv                        0x00000000   Number         0  main.o ABSOLUTE
    __ARM_exceptions_init                     - Undefined Weak Reference
    __alloca_initialize                       - Undefined Weak Reference
    __arm_preinit_                            - Undefined Weak Reference
    __cpp_initialize__aeabi_                  - Undefined Weak Reference
    __cxa_finalize                            - Undefined Weak Reference
    __rt_locale                               - Undefined Weak Reference
    __sigvec_lookup                           - Undefined Weak Reference
    _atexit_init                              - Undefined Weak Reference
    _call_atexit_fns                          - Undefined Weak Reference
    _clock_init                               - Undefined Weak Reference
    _fp_trap_init                             - Undefined Weak Reference
    _fp_trap_shutdown                         - Undefined Weak Reference
    _get_lc_collate                           - Undefined Weak Reference
    _get_lc_ctype                             - Undefined Weak Reference
    _get_lc_monetary                          - Undefined Weak Reference
    _get_lc_numeric                           - Undefined Weak Reference
    _get_lc_time                              - Undefined Weak Reference
    _getenv_init                              - Undefined Weak Reference
    _handle_redirection                       - Undefined Weak Reference
    _init_alloc                               - Undefined Weak Reference
    _init_user_alloc                          - Undefined Weak Reference
    _initio                                   - Undefined Weak Reference
    _rand_init                                - Undefined Weak Reference
    _signal_finish                            - Undefined Weak Reference
    _signal_init                              - Undefined Weak Reference
    _terminate_alloc                          - Undefined Weak Reference
    _terminate_user_alloc                     - Undefined Weak Reference
    _terminateio                              - Undefined Weak Reference
    __Vectors_Size                           0x00000130   Number         0  startup_gd32f30x_hd.o ABSOLUTE
    __Vectors                                0x08000000   Data           4  startup_gd32f30x_hd.o(RESET)
    __Vectors_End                            0x08000130   Data           0  startup_gd32f30x_hd.o(RESET)
    __main                                   0x08000131   Thumb Code     8  __main.o(!!!main)
    __scatterload                            0x08000139   Thumb Code     0  __scatter.o(!!!scatter)
    __scatterload_rt2                        0x08000139   Thumb Code    44  __scatter.o(!!!scatter)
    __scatterload_rt2_thumb_only             0x08000139   Thumb Code     0  __scatter.o(!!!scatter)
    __scatterload_null                       0x08000147   Thumb Code     0  __scatter.o(!!!scatter)
    __scatterload_copy                       0x0800016d   Thumb Code    26  __scatter_copy.o(!!handler_copy)
    __scatterload_zeroinit                   0x08000189   Thumb Code    28  __scatter_zi.o(!!handler_zi)
    __rt_lib_init                            0x080001a5   Thumb Code     0  libinit.o(.ARM.Collect$$libinit$$00000000)
    __rt_lib_init_fp_1                       0x080001a7   Thumb Code     0  libinit2.o(.ARM.Collect$$libinit$$00000001)
    __rt_lib_init_alloca_1                   0x080001ab   Thumb Code     0  libinit2.o(.ARM.Collect$$libinit$$0000002E)
    __rt_lib_init_argv_1                     0x080001ab   Thumb Code     0  libinit2.o(.ARM.Collect$$libinit$$0000002C)
    __rt_lib_init_atexit_1                   0x080001ab   Thumb Code     0  libinit2.o(.ARM.Collect$$libinit$$0000001B)
    __rt_lib_init_clock_1                    0x080001ab   Thumb Code     0  libinit2.o(.ARM.Collect$$libinit$$00000021)
    __rt_lib_init_cpp_1                      0x080001ab   Thumb Code     0  libinit2.o(.ARM.Collect$$libinit$$00000032)
    __rt_lib_init_exceptions_1               0x080001ab   Thumb Code     0  libinit2.o(.ARM.Collect$$libinit$$00000030)
    __rt_lib_init_fp_trap_1                  0x080001ab   Thumb Code     0  libinit2.o(.ARM.Collect$$libinit$$0000001F)
    __rt_lib_init_getenv_1                   0x080001ab   Thumb Code     0  libinit2.o(.ARM.Collect$$libinit$$00000023)
    __rt_lib_init_heap_1                     0x080001ab   Thumb Code     0  libinit2.o(.ARM.Collect$$libinit$$0000000A)
    __rt_lib_init_lc_collate_1               0x080001ab   Thumb Code     0  libinit2.o(.ARM.Collect$$libinit$$00000011)
    __rt_lib_init_lc_ctype_1                 0x080001ab   Thumb Code     0  libinit2.o(.ARM.Collect$$libinit$$00000013)
    __rt_lib_init_lc_monetary_1              0x080001ab   Thumb Code     0  libinit2.o(.ARM.Collect$$libinit$$00000015)
    __rt_lib_init_lc_numeric_1               0x080001ab   Thumb Code     0  libinit2.o(.ARM.Collect$$libinit$$00000017)
    __rt_lib_init_lc_time_1                  0x080001ab   Thumb Code     0  libinit2.o(.ARM.Collect$$libinit$$00000019)
    __rt_lib_init_preinit_1                  0x080001ab   Thumb Code     0  libinit2.o(.ARM.Collect$$libinit$$00000004)
    __rt_lib_init_rand_1                     0x080001ab   Thumb Code     0  libinit2.o(.ARM.Collect$$libinit$$0000000E)
    __rt_lib_init_return                     0x080001ab   Thumb Code     0  libinit2.o(.ARM.Collect$$libinit$$00000033)
    __rt_lib_init_signal_1                   0x080001ab   Thumb Code     0  libinit2.o(.ARM.Collect$$libinit$$0000001D)
    __rt_lib_init_stdio_1                    0x080001ab   Thumb Code     0  libinit2.o(.ARM.Collect$$libinit$$00000025)
    __rt_lib_init_user_alloc_1               0x080001ab   Thumb Code     0  libinit2.o(.ARM.Collect$$libinit$$0000000C)
    __rt_lib_shutdown                        0x080001ad   Thumb Code     0  libshutdown.o(.ARM.Collect$$libshutdown$$00000000)
    __rt_lib_shutdown_cpp_1                  0x080001af   Thumb Code     0  libshutdown2.o(.ARM.Collect$$libshutdown$$00000002)
    __rt_lib_shutdown_fp_trap_1              0x080001af   Thumb Code     0  libshutdown2.o(.ARM.Collect$$libshutdown$$00000007)
    __rt_lib_shutdown_heap_1                 0x080001af   Thumb Code     0  libshutdown2.o(.ARM.Collect$$libshutdown$$0000000F)
    __rt_lib_shutdown_return                 0x080001af   Thumb Code     0  libshutdown2.o(.ARM.Collect$$libshutdown$$00000010)
    __rt_lib_shutdown_signal_1               0x080001af   Thumb Code     0  libshutdown2.o(.ARM.Collect$$libshutdown$$0000000A)
    __rt_lib_shutdown_stdio_1                0x080001af   Thumb Code     0  libshutdown2.o(.ARM.Collect$$libshutdown$$00000004)
    __rt_lib_shutdown_user_alloc_1           0x080001af   Thumb Code     0  libshutdown2.o(.ARM.Collect$$libshutdown$$0000000C)
    __rt_entry                               0x080001b1   Thumb Code     0  __rtentry.o(.ARM.Collect$$rtentry$$00000000)
    __rt_entry_presh_1                       0x080001b1   Thumb Code     0  __rtentry2.o(.ARM.Collect$$rtentry$$00000002)
    __rt_entry_sh                            0x080001b1   Thumb Code     0  __rtentry4.o(.ARM.Collect$$rtentry$$00000004)
    __rt_entry_li                            0x080001b7   Thumb Code     0  __rtentry2.o(.ARM.Collect$$rtentry$$0000000A)
    __rt_entry_postsh_1                      0x080001b7   Thumb Code     0  __rtentry2.o(.ARM.Collect$$rtentry$$00000009)
    __rt_entry_main                          0x080001bb   Thumb Code     0  __rtentry2.o(.ARM.Collect$$rtentry$$0000000D)
    __rt_entry_postli_1                      0x080001bb   Thumb Code     0  __rtentry2.o(.ARM.Collect$$rtentry$$0000000C)
    __rt_exit                                0x080001c3   Thumb Code     0  rtexit.o(.ARM.Collect$$rtexit$$00000000)
    __rt_exit_ls                             0x080001c5   Thumb Code     0  rtexit2.o(.ARM.Collect$$rtexit$$00000003)
    __rt_exit_prels_1                        0x080001c5   Thumb Code     0  rtexit2.o(.ARM.Collect$$rtexit$$00000002)
    __rt_exit_exit                           0x080001c9   Thumb Code     0  rtexit2.o(.ARM.Collect$$rtexit$$00000004)
    Reset_Handler                            0x080001d1   Thumb Code     8  startup_gd32f30x_hd.o(.text)
    ADC0_1_IRQHandler                        0x080001eb   Thumb Code     0  startup_gd32f30x_hd.o(.text)
    ADC2_IRQHandler                          0x080001eb   Thumb Code     0  startup_gd32f30x_hd.o(.text)
    CAN0_EWMC_IRQHandler                     0x080001eb   Thumb Code     0  startup_gd32f30x_hd.o(.text)
    CAN0_RX1_IRQHandler                      0x080001eb   Thumb Code     0  startup_gd32f30x_hd.o(.text)
    DMA0_Channel0_IRQHandler                 0x080001eb   Thumb Code     0  startup_gd32f30x_hd.o(.text)
    DMA0_Channel2_IRQHandler                 0x080001eb   Thumb Code     0  startup_gd32f30x_hd.o(.text)
    DMA0_Channel4_IRQHandler                 0x080001eb   Thumb Code     0  startup_gd32f30x_hd.o(.text)
    DMA0_Channel5_IRQHandler                 0x080001eb   Thumb Code     0  startup_gd32f30x_hd.o(.text)
    DMA0_Channel6_IRQHandler                 0x080001eb   Thumb Code     0  startup_gd32f30x_hd.o(.text)
    DMA1_Channel0_IRQHandler                 0x080001eb   Thumb Code     0  startup_gd32f30x_hd.o(.text)
    DMA1_Channel1_IRQHandler                 0x080001eb   Thumb Code     0  startup_gd32f30x_hd.o(.text)
    DMA1_Channel2_IRQHandler                 0x080001eb   Thumb Code     0  startup_gd32f30x_hd.o(.text)
    DMA1_Channel3_4_IRQHandler               0x080001eb   Thumb Code     0  startup_gd32f30x_hd.o(.text)
    EXMC_IRQHandler                          0x080001eb   Thumb Code     0  startup_gd32f30x_hd.o(.text)
    EXTI0_IRQHandler                         0x080001eb   Thumb Code     0  startup_gd32f30x_hd.o(.text)
    EXTI10_15_IRQHandler                     0x080001eb   Thumb Code     0  startup_gd32f30x_hd.o(.text)
    EXTI1_IRQHandler                         0x080001eb   Thumb Code     0  startup_gd32f30x_hd.o(.text)
    EXTI2_IRQHandler                         0x080001eb   Thumb Code     0  startup_gd32f30x_hd.o(.text)
    EXTI3_IRQHandler                         0x080001eb   Thumb Code     0  startup_gd32f30x_hd.o(.text)
    EXTI4_IRQHandler                         0x080001eb   Thumb Code     0  startup_gd32f30x_hd.o(.text)
    EXTI5_9_IRQHandler                       0x080001eb   Thumb Code     0  startup_gd32f30x_hd.o(.text)
    FMC_IRQHandler                           0x080001eb   Thumb Code     0  startup_gd32f30x_hd.o(.text)
    I2C0_ER_IRQHandler                       0x080001eb   Thumb Code     0  startup_gd32f30x_hd.o(.text)
    I2C0_EV_IRQHandler                       0x080001eb   Thumb Code     0  startup_gd32f30x_hd.o(.text)
    I2C1_ER_IRQHandler                       0x080001eb   Thumb Code     0  startup_gd32f30x_hd.o(.text)
    I2C1_EV_IRQHandler                       0x080001eb   Thumb Code     0  startup_gd32f30x_hd.o(.text)
    LVD_IRQHandler                           0x080001eb   Thumb Code     0  startup_gd32f30x_hd.o(.text)
    RCU_CTC_IRQHandler                       0x080001eb   Thumb Code     0  startup_gd32f30x_hd.o(.text)
    RTC_Alarm_IRQHandler                     0x080001eb   Thumb Code     0  startup_gd32f30x_hd.o(.text)
    RTC_IRQHandler                           0x080001eb   Thumb Code     0  startup_gd32f30x_hd.o(.text)
    SDIO_IRQHandler                          0x080001eb   Thumb Code     0  startup_gd32f30x_hd.o(.text)
    SPI0_IRQHandler                          0x080001eb   Thumb Code     0  startup_gd32f30x_hd.o(.text)
    SPI1_IRQHandler                          0x080001eb   Thumb Code     0  startup_gd32f30x_hd.o(.text)
    SPI2_IRQHandler                          0x080001eb   Thumb Code     0  startup_gd32f30x_hd.o(.text)
    TAMPER_IRQHandler                        0x080001eb   Thumb Code     0  startup_gd32f30x_hd.o(.text)
    TIMER0_BRK_IRQHandler                    0x080001eb   Thumb Code     0  startup_gd32f30x_hd.o(.text)
    TIMER0_Channel_IRQHandler                0x080001eb   Thumb Code     0  startup_gd32f30x_hd.o(.text)
    TIMER0_TRG_CMT_IRQHandler                0x080001eb   Thumb Code     0  startup_gd32f30x_hd.o(.text)
    TIMER0_UP_IRQHandler                     0x080001eb   Thumb Code     0  startup_gd32f30x_hd.o(.text)
    TIMER1_IRQHandler                        0x080001eb   Thumb Code     0  startup_gd32f30x_hd.o(.text)
    TIMER2_IRQHandler                        0x080001eb   Thumb Code     0  startup_gd32f30x_hd.o(.text)
    TIMER3_IRQHandler                        0x080001eb   Thumb Code     0  startup_gd32f30x_hd.o(.text)
    TIMER5_IRQHandler                        0x080001eb   Thumb Code     0  startup_gd32f30x_hd.o(.text)
    TIMER6_IRQHandler                        0x080001eb   Thumb Code     0  startup_gd32f30x_hd.o(.text)
    TIMER7_BRK_IRQHandler                    0x080001eb   Thumb Code     0  startup_gd32f30x_hd.o(.text)
    TIMER7_TRG_CMT_IRQHandler                0x080001eb   Thumb Code     0  startup_gd32f30x_hd.o(.text)
    TIMER7_UP_IRQHandler                     0x080001eb   Thumb Code     0  startup_gd32f30x_hd.o(.text)
    UART3_IRQHandler                         0x080001eb   Thumb Code     0  startup_gd32f30x_hd.o(.text)
    UART4_IRQHandler                         0x080001eb   Thumb Code     0  startup_gd32f30x_hd.o(.text)
    USART0_IRQHandler                        0x080001eb   Thumb Code     0  startup_gd32f30x_hd.o(.text)
    USART1_IRQHandler                        0x080001eb   Thumb Code     0  startup_gd32f30x_hd.o(.text)
    USART2_IRQHandler                        0x080001eb   Thumb Code     0  startup_gd32f30x_hd.o(.text)
    USBD_HP_CAN0_TX_IRQHandler               0x080001eb   Thumb Code     0  startup_gd32f30x_hd.o(.text)
    USBD_LP_CAN0_RX0_IRQHandler              0x080001eb   Thumb Code     0  startup_gd32f30x_hd.o(.text)
    USBD_WKUP_IRQHandler                     0x080001eb   Thumb Code     0  startup_gd32f30x_hd.o(.text)
    WWDGT_IRQHandler                         0x080001eb   Thumb Code     0  startup_gd32f30x_hd.o(.text)
    __user_initial_stackheap                 0x080001ed   Thumb Code    10  startup_gd32f30x_hd.o(.text)
    __aeabi_lasr                             0x08000211   Thumb Code     0  llsshr.o(.text)
    _ll_sshift_r                             0x08000211   Thumb Code    38  llsshr.o(.text)
    __aeabi_ldivmod                          0x08000237   Thumb Code     0  llsdiv.o(.text)
    _ll_sdiv                                 0x08000237   Thumb Code    72  llsdiv.o(.text)
    __use_two_region_memory                  0x0800027f   Thumb Code     2  heapauxi.o(.text)
    __rt_heap_escrow$2region                 0x08000281   Thumb Code     2  heapauxi.o(.text)
    __rt_heap_expand$2region                 0x08000283   Thumb Code     2  heapauxi.o(.text)
    __aeabi_uldivmod                         0x08000285   Thumb Code     0  lludivv7m.o(.text)
    _ll_udiv                                 0x08000285   Thumb Code   238  lludivv7m.o(.text)
    __user_setup_stackheap                   0x08000373   Thumb Code    74  sys_stackheap_outer.o(.text)
    exit                                     0x080003bd   Thumb Code    18  exit.o(.text)
    __user_libspace                          0x080003d1   Thumb Code     8  libspace.o(.text)
    __user_perproc_libspace                  0x080003d1   Thumb Code     0  libspace.o(.text)
    __user_perthread_libspace                0x080003d1   Thumb Code     0  libspace.o(.text)
    _sys_exit                                0x080003d9   Thumb Code     8  sys_exit.o(.text)
    __I$use$semihosting                      0x080003e5   Thumb Code     0  use_no_semi.o(.text)
    __use_no_semihosting_swi                 0x080003e5   Thumb Code     2  use_no_semi.o(.text)
    __semihosting_library_function           0x080003e7   Thumb Code     0  indicate_semi.o(.text)
    ANO_DT_Send_Status                       0x080003e9   Thumb Code   202  uart_dma.o(i.ANO_DT_Send_Status)
    BusFault_Handler                         0x080004b9   Thumb Code     2  gd32f30x_it.o(i.BusFault_Handler)
    DMA0_Channel1_IRQHandler                 0x080004bd   Thumb Code   130  uart_dma.o(i.DMA0_Channel1_IRQHandler)
    DMA0_Channel3_IRQHandler                 0x0800054d   Thumb Code   134  uart_dma.o(i.DMA0_Channel3_IRQHandler)
    DMAbufInit                               0x080005e1   Thumb Code    52  uart_dma.o(i.DMAbufInit)
    DebugMon_Handler                         0x08000619   Thumb Code     2  gd32f30x_it.o(i.DebugMon_Handler)
    HardFault_Handler                        0x0800061b   Thumb Code     2  gd32f30x_it.o(i.HardFault_Handler)
    InvSqrt                                  0x0800061d   Thumb Code    80  mymath.o(i.InvSqrt)
    MemManage_Handler                        0x08000671   Thumb Code     2  gd32f30x_it.o(i.MemManage_Handler)
    NMI_Handler                              0x08000673   Thumb Code     2  gd32f30x_it.o(i.NMI_Handler)
    PWM_PPM_inInitial                        0x08000675   Thumb Code     6  pwm_ppm_capture.o(i.PWM_PPM_inInitial)
    PendSV_Handler                           0x08000681   Thumb Code     2  gd32f30x_it.o(i.PendSV_Handler)
    SPI2_Init                                0x08000685   Thumb Code   148  spi.o(i.SPI2_Init)
    SVC_Handler                              0x0800072d   Thumb Code     2  gd32f30x_it.o(i.SVC_Handler)
    SysTick_Handler                          0x0800072f   Thumb Code     4  gd32f30x_it.o(i.SysTick_Handler)
    SystemInit                               0x08000735   Thumb Code   238  system_gd32f30x.o(i.SystemInit)
    TIMER4_IRQHandler                        0x08000831   Thumb Code    52  focdriver.o(i.TIMER4_IRQHandler)
    TIMER7_Channel_IRQHandler                0x08000871   Thumb Code   176  pwm_ppm_capture.o(i.TIMER7_Channel_IRQHandler)
    TLE5012B_initialise                      0x0800092d   Thumb Code     4  tle5012b.o(i.TLE5012B_initialise)
    TimerxPrescalerOverflowCal               0x08000931   Thumb Code    52  pwmout.o(i.TimerxPrescalerOverflowCal)
    Timerx_Init                              0x08000969   Thumb Code   148  timer.o(i.Timerx_Init)
    UAprintf                                 0x08000a09   Thumb Code    20  uart_dma.o(i.UAprintf)
    UCprintf                                 0x08000a1d   Thumb Code    20  uart_dma.o(i.UCprintf)
    UartA_Available                          0x08000a31   Thumb Code    42  uart_dma.o(i.UartA_Available)
    UartA_DmaInitial                         0x08000a65   Thumb Code   222  uart_dma.o(i.UartA_DmaInitial)
    UartA_read                               0x08000b55   Thumb Code    28  uart_dma.o(i.UartA_read)
    UartA_write                              0x08000b75   Thumb Code   198  uart_dma.o(i.UartA_write)
    UartC_Available                          0x08000c49   Thumb Code    42  uart_dma.o(i.UartC_Available)
    UartC_DmaInitial                         0x08000c7d   Thumb Code   222  uart_dma.o(i.UartC_DmaInitial)
    UartC_read                               0x08000d6d   Thumb Code    28  uart_dma.o(i.UartC_read)
    UartC_write                              0x08000d8d   Thumb Code   196  uart_dma.o(i.UartC_write)
    Update_SystemTick                        0x08000e5d   Thumb Code    10  systick.o(i.Update_SystemTick)
    UsageFault_Handler                       0x08000e6d   Thumb Code     2  gd32f30x_it.o(i.UsageFault_Handler)
    delay_1ms                                0x08000e71   Thumb Code    66  systick.o(i.delay_1ms)
    dma_channel_disable                      0x08000eb9   Thumb Code    34  gd32f30x_dma.o(i.dma_channel_disable)
    dma_channel_enable                       0x08000edb   Thumb Code    34  gd32f30x_dma.o(i.dma_channel_enable)
    dma_circulation_disable                  0x08000efd   Thumb Code    34  gd32f30x_dma.o(i.dma_circulation_disable)
    dma_circulation_enable                   0x08000f1f   Thumb Code    34  gd32f30x_dma.o(i.dma_circulation_enable)
    dma_deinit                               0x08000f41   Thumb Code    58  gd32f30x_dma.o(i.dma_deinit)
    dma_init                                 0x08000f7b   Thumb Code   122  gd32f30x_dma.o(i.dma_init)
    dma_interrupt_enable                     0x08000ff5   Thumb Code    32  gd32f30x_dma.o(i.dma_interrupt_enable)
    dma_interrupt_flag_clear                 0x08001015   Thumb Code    14  gd32f30x_dma.o(i.dma_interrupt_flag_clear)
    dma_interrupt_flag_get                   0x08001023   Thumb Code    74  gd32f30x_dma.o(i.dma_interrupt_flag_get)
    dma_memory_to_memory_disable             0x0800106d   Thumb Code    34  gd32f30x_dma.o(i.dma_memory_to_memory_disable)
    dma_transfer_number_get                  0x0800108f   Thumb Code    28  gd32f30x_dma.o(i.dma_transfer_number_get)
    f32cos                                   0x080010ad   Thumb Code   180  mymath.o(i.f32cos)
    f32sin                                   0x08001181   Thumb Code   172  mymath.o(i.f32sin)
    fast_atan2                               0x08001249   Thumb Code   192  mymath.o(i.fast_atan2)
    fmc_bank0_ready_wait                     0x0800131d   Thumb Code    56  gd32f30x_fmc.o(i.fmc_bank0_ready_wait)
    fmc_bank1_ready_wait                     0x08001359   Thumb Code    56  gd32f30x_fmc.o(i.fmc_bank1_ready_wait)
    fmc_flag_clear                           0x08001395   Thumb Code    28  gd32f30x_fmc.o(i.fmc_flag_clear)
    fmc_lock                                 0x080013b1   Thumb Code    32  gd32f30x_fmc.o(i.fmc_lock)
    fmc_page_erase                           0x080013d9   Thumb Code   142  gd32f30x_fmc.o(i.fmc_page_erase)
    fmc_program_Bytes                        0x08001475   Thumb Code   120  flash_para.o(i.fmc_program_Bytes)
    fmc_unlock                               0x080014ed   Thumb Code    44  gd32f30x_fmc.o(i.fmc_unlock)
    fmc_word_program                         0x08001529   Thumb Code   118  gd32f30x_fmc.o(i.fmc_word_program)
    foc_initialise                           0x080015ad   Thumb Code   134  focdriver.o(i.foc_initialise)
    ftoa_engine                              0x08001649   Thumb Code   418  uart_dma.o(i.ftoa_engine)
    gSVPWM_F4_DQ_speed2PostionA              0x080017f5   Thumb Code  1434  focdriver.o(i.gSVPWM_F4_DQ_speed2PostionA)
    gSVPWM_F4_DQ_speed2PostionB              0x08001d95   Thumb Code  1372  focdriver.o(i.gSVPWM_F4_DQ_speed2PostionB)
    gpio_init                                0x080022f1   Thumb Code   160  gd32f30x_gpio.o(i.gpio_init)
    main                                     0x08002391   Thumb Code   466  main.o(i.main)
    micros                                   0x080025cd   Thumb Code    42  systick.o(i.micros)
    morotrAWrite                             0x08002601   Thumb Code    30  pwmout.o(i.morotrAWrite)
    morotrBWrite                             0x08002621   Thumb Code    34  pwmout.o(i.morotrBWrite)
    nvic_irq_enable                          0x08002649   Thumb Code   180  gd32f30x_misc.o(i.nvic_irq_enable)
    nvic_priority_group_set                  0x08002705   Thumb Code    14  gd32f30x_misc.o(i.nvic_priority_group_set)
    parameter_checkANDset                    0x08002719   Thumb Code   190  flash_para.o(i.parameter_checkANDset)
    print_vprintf                            0x080027fd   Thumb Code  1852  uart_dma.o(i.print_vprintf)
    rcu_clock_freq_get                       0x08002f39   Thumb Code   258  gd32f30x_rcu.o(i.rcu_clock_freq_get)
    rcu_periph_clock_enable                  0x0800305d   Thumb Code    28  gd32f30x_rcu.o(i.rcu_periph_clock_enable)
    rcu_periph_reset_disable                 0x08003079   Thumb Code    30  gd32f30x_rcu.o(i.rcu_periph_reset_disable)
    rcu_periph_reset_enable                  0x08003097   Thumb Code    28  gd32f30x_rcu.o(i.rcu_periph_reset_enable)
    spi_enable                               0x080030b3   Thumb Code    10  gd32f30x_spi.o(i.spi_enable)
    spi_init                                 0x080030bd   Thumb Code    46  gd32f30x_spi.o(i.spi_init)
    synchronTim123                           0x080030ed   Thumb Code   742  pwmout.o(i.synchronTim123)
    systick_config                           0x080033e9   Thumb Code    54  systick.o(i.systick_config)
    timer_auto_reload_shadow_enable          0x0800342d   Thumb Code    10  gd32f30x_timer.o(i.timer_auto_reload_shadow_enable)
    timer_captur_configuration               0x08003439   Thumb Code   172  pwm_ppm_capture.o(i.timer_captur_configuration)
    timer_channel_input_capture_prescaler_config 0x080034ed   Thumb Code    80  gd32f30x_timer.o(i.timer_channel_input_capture_prescaler_config)
    timer_channel_output_config              0x0800353d   Thumb Code   472  gd32f30x_timer.o(i.timer_channel_output_config)
    timer_channel_output_mode_config         0x0800371d   Thumb Code    80  gd32f30x_timer.o(i.timer_channel_output_mode_config)
    timer_channel_output_pulse_value_config  0x0800376d   Thumb Code    32  gd32f30x_timer.o(i.timer_channel_output_pulse_value_config)
    timer_channel_output_shadow_config       0x0800378d   Thumb Code    80  gd32f30x_timer.o(i.timer_channel_output_shadow_config)
    timer_deinit                             0x080037dd   Thumb Code   222  gd32f30x_timer.o(i.timer_deinit)
    timer_enable                             0x080038c1   Thumb Code    10  gd32f30x_timer.o(i.timer_enable)
    timer_init                               0x080038cd   Thumb Code   170  gd32f30x_timer.o(i.timer_init)
    timer_input_capture_config               0x08003981   Thumb Code   328  gd32f30x_timer.o(i.timer_input_capture_config)
    timer_input_trigger_source_select        0x08003ac9   Thumb Code    16  gd32f30x_timer.o(i.timer_input_trigger_source_select)
    timer_interrupt_enable                   0x08003ad9   Thumb Code     8  gd32f30x_timer.o(i.timer_interrupt_enable)
    timer_interrupt_flag_clear               0x08003ae1   Thumb Code    10  gd32f30x_timer.o(i.timer_interrupt_flag_clear)
    timer_interrupt_flag_get                 0x08003aeb   Thumb Code    18  gd32f30x_timer.o(i.timer_interrupt_flag_get)
    timer_master_output_trigger_source_select 0x08003afd   Thumb Code    16  gd32f30x_timer.o(i.timer_master_output_trigger_source_select)
    timer_master_slave_mode_config           0x08003b0d   Thumb Code    28  gd32f30x_timer.o(i.timer_master_slave_mode_config)
    timer_slave_mode_select                  0x08003b29   Thumb Code    16  gd32f30x_timer.o(i.timer_slave_mode_select)
    timer_update_event_enable                0x08003b39   Thumb Code    10  gd32f30x_timer.o(i.timer_update_event_enable)
    ultoa_invert                             0x08003b43   Thumb Code   160  uart_dma.o(i.ultoa_invert)
    usartAC_config                           0x08003be5   Thumb Code   192  uart_dma.o(i.usartAC_config)
    usart_baudrate_set                       0x08003cad   Thumb Code    88  gd32f30x_usart.o(i.usart_baudrate_set)
    usart_dma_receive_config                 0x08003d09   Thumb Code    12  gd32f30x_usart.o(i.usart_dma_receive_config)
    usart_dma_transmit_config                0x08003d15   Thumb Code    12  gd32f30x_usart.o(i.usart_dma_transmit_config)
    usart_enable                             0x08003d21   Thumb Code    10  gd32f30x_usart.o(i.usart_enable)
    usart_parity_config                      0x08003d2b   Thumb Code    16  gd32f30x_usart.o(i.usart_parity_config)
    usart_receive_config                     0x08003d3b   Thumb Code    12  gd32f30x_usart.o(i.usart_receive_config)
    usart_stop_bit_set                       0x08003d47   Thumb Code    16  gd32f30x_usart.o(i.usart_stop_bit_set)
    usart_transmit_config                    0x08003d57   Thumb Code    12  gd32f30x_usart.o(i.usart_transmit_config)
    usart_word_length_set                    0x08003d63   Thumb Code    16  gd32f30x_usart.o(i.usart_word_length_set)
    __aeabi_d2f                              0x08003d75   Thumb Code     0  d2f.o(x$fpl$d2f)
    _d2f                                     0x08003d75   Thumb Code    98  d2f.o(x$fpl$d2f)
    __fpl_dnaninf                            0x08003dd7   Thumb Code   156  dnaninf.o(x$fpl$dnaninf)
    __fpl_dretinf                            0x08003e73   Thumb Code    12  dretinf.o(x$fpl$dretinf)
    __aeabi_f2d                              0x08003e81   Thumb Code     0  f2d.o(x$fpl$f2d)
    _f2d                                     0x08003e81   Thumb Code    86  f2d.o(x$fpl$f2d)
    __fpl_fnaninf                            0x08003ed7   Thumb Code   140  fnaninf.o(x$fpl$fnaninf)
    _fp_init                                 0x08003f63   Thumb Code    10  fpinit.o(x$fpl$fpinit)
    __fplib_config_fpu_vfp                   0x08003f6b   Thumb Code     0  fpinit.o(x$fpl$fpinit)
    __fplib_config_pureend_doubles           0x08003f6b   Thumb Code     0  fpinit.o(x$fpl$fpinit)
    __fpl_fretinf                            0x08003f6d   Thumb Code    10  fretinf.o(x$fpl$fretinf)
    __I$use$fp                               0x08003f76   Number         0  usenofp.o(x$fpl$usenofp)
    Region$$Table$$Base                      0x08004018   Number         0  anon$$obj.o(Region$$Table)
    Region$$Table$$Limit                     0x08004038   Number         0  anon$$obj.o(Region$$Table)
    tmp                                      0x20000000   Data           4  main.o(.data)
    tmp2                                     0x20000008   Data           4  main.o(.data)
    systemTickMs                             0x20000010   Data           4  systick.o(.data)
    SystemCoreClock                          0x20000014   Data           4  system_gd32f30x.o(.data)
    PWM1Value                                0x2000001a   Data           2  pwm_ppm_capture.o(.data)
    PWM2Value                                0x2000001c   Data           2  pwm_ppm_capture.o(.data)
    Frequs                                   0x20000024   Data           4  focdriver.o(.data)
    PageNum                                  0x2000006c   Data           4  flash_para.o(.data)
    Uart1DMAbuf                              0x20000070   Data          20  uart_dma.o(.bss)
    Uart2DMAbuf                              0x20000084   Data          20  uart_dma.o(.bss)
    DMA_CH1_Tx_InitStruc                     0x20000098   Data          28  uart_dma.o(.bss)
    DMA_CH2_Tx_InitStruc                     0x200000b4   Data          28  uart_dma.o(.bss)
    Com1RX                                   0x200000d0   Data        1024  uart_dma.o(.bss)
    Com1TX                                   0x200004d0   Data        1024  uart_dma.o(.bss)
    Com2RX                                   0x200008d0   Data        1024  uart_dma.o(.bss)
    Com2TX                                   0x20000cd0   Data        1024  uart_dma.o(.bss)
    motors                                   0x200010d0   Data         153  focdriver.o(.bss)
    Tle5012b_para                            0x20001169   Data          86  flash_para.o(.bss)
    __libspace_start                         0x200011c0   Data          96  libspace.o(.bss)
    __temporary_stack_top$libspace           0x20001220   Data           0  libspace.o(.bss)



==============================================================================

Memory Map of the image

  Image Entry point : 0x08000131

  Load Region LR_IROM1 (Base: 0x08000000, Size: 0x000040a8, Max: 0x00080000, ABSOLUTE)

    Execution Region ER_IROM1 (Base: 0x08000000, Size: 0x00004038, Max: 0x00080000, ABSOLUTE)

    Base Addr    Size         Type   Attr      Idx    E Section Name        Object

    0x08000000   0x00000130   Data   RO         4382    RESET               startup_gd32f30x_hd.o
    0x08000130   0x00000008   Code   RO         5022  * !!!main             c_w.l(__main.o)
    0x08000138   0x00000034   Code   RO         5204    !!!scatter          c_w.l(__scatter.o)
    0x0800016c   0x0000001a   Code   RO         5206    !!handler_copy      c_w.l(__scatter_copy.o)
    0x08000186   0x00000002   PAD
    0x08000188   0x0000001c   Code   RO         5208    !!handler_zi        c_w.l(__scatter_zi.o)
    0x080001a4   0x00000002   Code   RO         5070    .ARM.Collect$$libinit$$00000000  c_w.l(libinit.o)
    0x080001a6   0x00000004   Code   RO         5080    .ARM.Collect$$libinit$$00000001  c_w.l(libinit2.o)
    0x080001aa   0x00000000   Code   RO         5083    .ARM.Collect$$libinit$$00000004  c_w.l(libinit2.o)
    0x080001aa   0x00000000   Code   RO         5086    .ARM.Collect$$libinit$$0000000A  c_w.l(libinit2.o)
    0x080001aa   0x00000000   Code   RO         5088    .ARM.Collect$$libinit$$0000000C  c_w.l(libinit2.o)
    0x080001aa   0x00000000   Code   RO         5090    .ARM.Collect$$libinit$$0000000E  c_w.l(libinit2.o)
    0x080001aa   0x00000000   Code   RO         5093    .ARM.Collect$$libinit$$00000011  c_w.l(libinit2.o)
    0x080001aa   0x00000000   Code   RO         5095    .ARM.Collect$$libinit$$00000013  c_w.l(libinit2.o)
    0x080001aa   0x00000000   Code   RO         5097    .ARM.Collect$$libinit$$00000015  c_w.l(libinit2.o)
    0x080001aa   0x00000000   Code   RO         5099    .ARM.Collect$$libinit$$00000017  c_w.l(libinit2.o)
    0x080001aa   0x00000000   Code   RO         5101    .ARM.Collect$$libinit$$00000019  c_w.l(libinit2.o)
    0x080001aa   0x00000000   Code   RO         5103    .ARM.Collect$$libinit$$0000001B  c_w.l(libinit2.o)
    0x080001aa   0x00000000   Code   RO         5105    .ARM.Collect$$libinit$$0000001D  c_w.l(libinit2.o)
    0x080001aa   0x00000000   Code   RO         5107    .ARM.Collect$$libinit$$0000001F  c_w.l(libinit2.o)
    0x080001aa   0x00000000   Code   RO         5109    .ARM.Collect$$libinit$$00000021  c_w.l(libinit2.o)
    0x080001aa   0x00000000   Code   RO         5111    .ARM.Collect$$libinit$$00000023  c_w.l(libinit2.o)
    0x080001aa   0x00000000   Code   RO         5113    .ARM.Collect$$libinit$$00000025  c_w.l(libinit2.o)
    0x080001aa   0x00000000   Code   RO         5117    .ARM.Collect$$libinit$$0000002C  c_w.l(libinit2.o)
    0x080001aa   0x00000000   Code   RO         5119    .ARM.Collect$$libinit$$0000002E  c_w.l(libinit2.o)
    0x080001aa   0x00000000   Code   RO         5121    .ARM.Collect$$libinit$$00000030  c_w.l(libinit2.o)
    0x080001aa   0x00000000   Code   RO         5123    .ARM.Collect$$libinit$$00000032  c_w.l(libinit2.o)
    0x080001aa   0x00000002   Code   RO         5124    .ARM.Collect$$libinit$$00000033  c_w.l(libinit2.o)
    0x080001ac   0x00000002   Code   RO         5154    .ARM.Collect$$libshutdown$$00000000  c_w.l(libshutdown.o)
    0x080001ae   0x00000000   Code   RO         5171    .ARM.Collect$$libshutdown$$00000002  c_w.l(libshutdown2.o)
    0x080001ae   0x00000000   Code   RO         5173    .ARM.Collect$$libshutdown$$00000004  c_w.l(libshutdown2.o)
    0x080001ae   0x00000000   Code   RO         5176    .ARM.Collect$$libshutdown$$00000007  c_w.l(libshutdown2.o)
    0x080001ae   0x00000000   Code   RO         5179    .ARM.Collect$$libshutdown$$0000000A  c_w.l(libshutdown2.o)
    0x080001ae   0x00000000   Code   RO         5181    .ARM.Collect$$libshutdown$$0000000C  c_w.l(libshutdown2.o)
    0x080001ae   0x00000000   Code   RO         5184    .ARM.Collect$$libshutdown$$0000000F  c_w.l(libshutdown2.o)
    0x080001ae   0x00000002   Code   RO         5185    .ARM.Collect$$libshutdown$$00000010  c_w.l(libshutdown2.o)
    0x080001b0   0x00000000   Code   RO         5028    .ARM.Collect$$rtentry$$00000000  c_w.l(__rtentry.o)
    0x080001b0   0x00000000   Code   RO         5041    .ARM.Collect$$rtentry$$00000002  c_w.l(__rtentry2.o)
    0x080001b0   0x00000006   Code   RO         5053    .ARM.Collect$$rtentry$$00000004  c_w.l(__rtentry4.o)
    0x080001b6   0x00000000   Code   RO         5043    .ARM.Collect$$rtentry$$00000009  c_w.l(__rtentry2.o)
    0x080001b6   0x00000004   Code   RO         5044    .ARM.Collect$$rtentry$$0000000A  c_w.l(__rtentry2.o)
    0x080001ba   0x00000000   Code   RO         5046    .ARM.Collect$$rtentry$$0000000C  c_w.l(__rtentry2.o)
    0x080001ba   0x00000008   Code   RO         5047    .ARM.Collect$$rtentry$$0000000D  c_w.l(__rtentry2.o)
    0x080001c2   0x00000002   Code   RO         5074    .ARM.Collect$$rtexit$$00000000  c_w.l(rtexit.o)
    0x080001c4   0x00000000   Code   RO         5126    .ARM.Collect$$rtexit$$00000002  c_w.l(rtexit2.o)
    0x080001c4   0x00000004   Code   RO         5127    .ARM.Collect$$rtexit$$00000003  c_w.l(rtexit2.o)
    0x080001c8   0x00000006   Code   RO         5128    .ARM.Collect$$rtexit$$00000004  c_w.l(rtexit2.o)
    0x080001ce   0x00000002   PAD
    0x080001d0   0x00000040   Code   RO         4383    .text               startup_gd32f30x_hd.o
    0x08000210   0x00000026   Code   RO         5016    .text               c_w.l(llsshr.o)
    0x08000236   0x00000048   Code   RO         5018    .text               c_w.l(llsdiv.o)
    0x0800027e   0x00000006   Code   RO         5020    .text               c_w.l(heapauxi.o)
    0x08000284   0x000000ee   Code   RO         5029    .text               c_w.l(lludivv7m.o)
    0x08000372   0x0000004a   Code   RO         5059    .text               c_w.l(sys_stackheap_outer.o)
    0x080003bc   0x00000012   Code   RO         5063    .text               c_w.l(exit.o)
    0x080003ce   0x00000002   PAD
    0x080003d0   0x00000008   Code   RO         5071    .text               c_w.l(libspace.o)
    0x080003d8   0x0000000c   Code   RO         5142    .text               c_w.l(sys_exit.o)
    0x080003e4   0x00000002   Code   RO         5159    .text               c_w.l(use_no_semi.o)
    0x080003e6   0x00000000   Code   RO         5161    .text               c_w.l(indicate_semi.o)
    0x080003e6   0x00000002   PAD
    0x080003e8   0x000000d0   Code   RO         4479    i.ANO_DT_Send_Status  uart_dma.o
    0x080004b8   0x00000002   Code   RO            3    i.BusFault_Handler  gd32f30x_it.o
    0x080004ba   0x00000002   PAD
    0x080004bc   0x00000090   Code   RO         4480    i.DMA0_Channel1_IRQHandler  uart_dma.o
    0x0800054c   0x00000094   Code   RO         4481    i.DMA0_Channel3_IRQHandler  uart_dma.o
    0x080005e0   0x00000038   Code   RO         4482    i.DMAbufInit        uart_dma.o
    0x08000618   0x00000002   Code   RO            4    i.DebugMon_Handler  gd32f30x_it.o
    0x0800061a   0x00000002   Code   RO            5    i.HardFault_Handler  gd32f30x_it.o
    0x0800061c   0x00000054   Code   RO         4785    i.InvSqrt           mymath.o
    0x08000670   0x00000002   Code   RO            6    i.MemManage_Handler  gd32f30x_it.o
    0x08000672   0x00000002   Code   RO            7    i.NMI_Handler       gd32f30x_it.o
    0x08000674   0x0000000c   Code   RO         4721    i.PWM_PPM_inInitial  pwm_ppm_capture.o
    0x08000680   0x00000002   Code   RO            8    i.PendSV_Handler    gd32f30x_it.o
    0x08000682   0x00000002   PAD
    0x08000684   0x000000a8   Code   RO         4694    i.SPI2_Init         spi.o
    0x0800072c   0x00000002   Code   RO            9    i.SVC_Handler       gd32f30x_it.o
    0x0800072e   0x00000004   Code   RO           10    i.SysTick_Handler   gd32f30x_it.o
    0x08000732   0x00000002   PAD
    0x08000734   0x000000fc   Code   RO          365    i.SystemInit        system_gd32f30x.o
    0x08000830   0x00000040   Code   RO         4884    i.TIMER4_IRQHandler  focdriver.o
    0x08000870   0x000000bc   Code   RO         4722    i.TIMER7_Channel_IRQHandler  pwm_ppm_capture.o
    0x0800092c   0x00000004   Code   RO         4863    i.TLE5012B_initialise  tle5012b.o
    0x08000930   0x00000038   Code   RO         4645    i.TimerxPrescalerOverflowCal  pwmout.o
    0x08000968   0x000000a0   Code   RO         4765    i.Timerx_Init       timer.o
    0x08000a08   0x00000014   Code   RO         4483    i.UAprintf          uart_dma.o
    0x08000a1c   0x00000014   Code   RO         4484    i.UCprintf          uart_dma.o
    0x08000a30   0x00000034   Code   RO         4591    i.UartA_Available   uart_dma.o
    0x08000a64   0x000000f0   Code   RO         4485    i.UartA_DmaInitial  uart_dma.o
    0x08000b54   0x00000020   Code   RO         4573    i.UartA_read        uart_dma.o
    0x08000b74   0x000000d4   Code   RO         4609    i.UartA_write       uart_dma.o
    0x08000c48   0x00000034   Code   RO         4603    i.UartC_Available   uart_dma.o
    0x08000c7c   0x000000f0   Code   RO         4486    i.UartC_DmaInitial  uart_dma.o
    0x08000d6c   0x00000020   Code   RO         4585    i.UartC_read        uart_dma.o
    0x08000d8c   0x000000d0   Code   RO         4620    i.UartC_write       uart_dma.o
    0x08000e5c   0x00000010   Code   RO          340    i.Update_SystemTick  systick.o
    0x08000e6c   0x00000002   Code   RO           11    i.UsageFault_Handler  gd32f30x_it.o
    0x08000e6e   0x00000002   PAD
    0x08000e70   0x00000048   Code   RO          310    i.delay_1ms         systick.o
    0x08000eb8   0x00000022   Code   RO         1439    i.dma_channel_disable  gd32f30x_dma.o
    0x08000eda   0x00000022   Code   RO         1440    i.dma_channel_enable  gd32f30x_dma.o
    0x08000efc   0x00000022   Code   RO         1441    i.dma_circulation_disable  gd32f30x_dma.o
    0x08000f1e   0x00000022   Code   RO         1442    i.dma_circulation_enable  gd32f30x_dma.o
    0x08000f40   0x0000003a   Code   RO         1443    i.dma_deinit        gd32f30x_dma.o
    0x08000f7a   0x0000007a   Code   RO         1446    i.dma_init          gd32f30x_dma.o
    0x08000ff4   0x00000020   Code   RO         1448    i.dma_interrupt_enable  gd32f30x_dma.o
    0x08001014   0x0000000e   Code   RO         1449    i.dma_interrupt_flag_clear  gd32f30x_dma.o
    0x08001022   0x0000004a   Code   RO         1450    i.dma_interrupt_flag_get  gd32f30x_dma.o
    0x0800106c   0x00000022   Code   RO         1454    i.dma_memory_to_memory_disable  gd32f30x_dma.o
    0x0800108e   0x0000001c   Code   RO         1465    i.dma_transfer_number_get  gd32f30x_dma.o
    0x080010aa   0x00000002   PAD
    0x080010ac   0x000000d4   Code   RO         4787    i.f32cos            mymath.o
    0x08001180   0x000000c8   Code   RO         4788    i.f32sin            mymath.o
    0x08001248   0x000000d4   Code   RO         4789    i.fast_atan2        mymath.o
    0x0800131c   0x0000003c   Code   RO         1887    i.fmc_bank0_ready_wait  gd32f30x_fmc.o
    0x08001358   0x0000003c   Code   RO         1892    i.fmc_bank1_ready_wait  gd32f30x_fmc.o
    0x08001394   0x0000001c   Code   RO         1895    i.fmc_flag_clear    gd32f30x_fmc.o
    0x080013b0   0x00000028   Code   RO         1902    i.fmc_lock          gd32f30x_fmc.o
    0x080013d8   0x0000009c   Code   RO         1904    i.fmc_page_erase    gd32f30x_fmc.o
    0x08001474   0x00000078   Code   RO         4961    i.fmc_program_Bytes  flash_para.o
    0x080014ec   0x0000003c   Code   RO         1905    i.fmc_unlock        gd32f30x_fmc.o
    0x08001528   0x00000084   Code   RO         1906    i.fmc_word_program  gd32f30x_fmc.o
    0x080015ac   0x0000009c   Code   RO         4886    i.foc_initialise    focdriver.o
    0x08001648   0x000001ac   Code   RO         4488    i.ftoa_engine       uart_dma.o
    0x080017f4   0x000005a0   Code   RO         4887    i.gSVPWM_F4_DQ_speed2PostionA  focdriver.o
    0x08001d94   0x0000055c   Code   RO         4888    i.gSVPWM_F4_DQ_speed2PostionB  focdriver.o
    0x080022f0   0x000000a0   Code   RO         2171    i.gpio_init         gd32f30x_gpio.o
    0x08002390   0x0000023c   Code   RO          201    i.main              main.o
    0x080025cc   0x00000034   Code   RO          346    i.micros            systick.o
    0x08002600   0x0000001e   Code   RO         4646    i.morotrAWrite      pwmout.o
    0x0800261e   0x00000002   PAD
    0x08002620   0x00000028   Code   RO         4647    i.morotrBWrite      pwmout.o
    0x08002648   0x000000bc   Code   RO         2489    i.nvic_irq_enable   gd32f30x_misc.o
    0x08002704   0x00000014   Code   RO         2490    i.nvic_priority_group_set  gd32f30x_misc.o
    0x08002718   0x000000e4   Code   RO         4963    i.parameter_checkANDset  flash_para.o
    0x080027fc   0x0000073c   Code   RO         4489    i.print_vprintf     uart_dma.o
    0x08002f38   0x00000124   Code   RO         2687    i.rcu_clock_freq_get  gd32f30x_rcu.o
    0x0800305c   0x0000001c   Code   RO         2705    i.rcu_periph_clock_enable  gd32f30x_rcu.o
    0x08003078   0x0000001e   Code   RO         2708    i.rcu_periph_reset_disable  gd32f30x_rcu.o
    0x08003096   0x0000001c   Code   RO         2709    i.rcu_periph_reset_enable  gd32f30x_rcu.o
    0x080030b2   0x0000000a   Code   RO         3331    i.spi_enable        gd32f30x_spi.o
    0x080030bc   0x0000002e   Code   RO         3340    i.spi_init          gd32f30x_spi.o
    0x080030ea   0x00000002   PAD
    0x080030ec   0x000002fc   Code   RO         4649    i.synchronTim123    pwmout.o
    0x080033e8   0x00000044   Code   RO          312    i.systick_config    systick.o
    0x0800342c   0x0000000a   Code   RO         3568    i.timer_auto_reload_shadow_enable  gd32f30x_timer.o
    0x08003436   0x00000002   PAD
    0x08003438   0x000000b4   Code   RO         4723    i.timer_captur_configuration  pwm_ppm_capture.o
    0x080034ec   0x00000050   Code   RO         3582    i.timer_channel_input_capture_prescaler_config  gd32f30x_timer.o
    0x0800353c   0x000001e0   Code   RO         3585    i.timer_channel_output_config  gd32f30x_timer.o
    0x0800371c   0x00000050   Code   RO         3587    i.timer_channel_output_mode_config  gd32f30x_timer.o
    0x0800376c   0x00000020   Code   RO         3589    i.timer_channel_output_pulse_value_config  gd32f30x_timer.o
    0x0800378c   0x00000050   Code   RO         3590    i.timer_channel_output_shadow_config  gd32f30x_timer.o
    0x080037dc   0x000000e4   Code   RO         3598    i.timer_deinit      gd32f30x_timer.o
    0x080038c0   0x0000000a   Code   RO         3603    i.timer_enable      gd32f30x_timer.o
    0x080038ca   0x00000002   PAD
    0x080038cc   0x000000b4   Code   RO         3613    i.timer_init        gd32f30x_timer.o
    0x08003980   0x00000148   Code   RO         3614    i.timer_input_capture_config  gd32f30x_timer.o
    0x08003ac8   0x00000010   Code   RO         3616    i.timer_input_trigger_source_select  gd32f30x_timer.o
    0x08003ad8   0x00000008   Code   RO         3620    i.timer_interrupt_enable  gd32f30x_timer.o
    0x08003ae0   0x0000000a   Code   RO         3621    i.timer_interrupt_flag_clear  gd32f30x_timer.o
    0x08003aea   0x00000012   Code   RO         3622    i.timer_interrupt_flag_get  gd32f30x_timer.o
    0x08003afc   0x00000010   Code   RO         3623    i.timer_master_output_trigger_source_select  gd32f30x_timer.o
    0x08003b0c   0x0000001c   Code   RO         3624    i.timer_master_slave_mode_config  gd32f30x_timer.o
    0x08003b28   0x00000010   Code   RO         3632    i.timer_slave_mode_select  gd32f30x_timer.o
    0x08003b38   0x0000000a   Code   RO         3635    i.timer_update_event_enable  gd32f30x_timer.o
    0x08003b42   0x000000a0   Code   RO         4490    i.ultoa_invert      uart_dma.o
    0x08003be2   0x00000002   PAD
    0x08003be4   0x000000c8   Code   RO         4491    i.usartAC_config    uart_dma.o
    0x08003cac   0x0000005c   Code   RO         4010    i.usart_baudrate_set  gd32f30x_usart.o
    0x08003d08   0x0000000c   Code   RO         4017    i.usart_dma_receive_config  gd32f30x_usart.o
    0x08003d14   0x0000000c   Code   RO         4018    i.usart_dma_transmit_config  gd32f30x_usart.o
    0x08003d20   0x0000000a   Code   RO         4019    i.usart_enable      gd32f30x_usart.o
    0x08003d2a   0x00000010   Code   RO         4041    i.usart_parity_config  gd32f30x_usart.o
    0x08003d3a   0x0000000c   Code   RO         4043    i.usart_receive_config  gd32f30x_usart.o
    0x08003d46   0x00000010   Code   RO         4053    i.usart_stop_bit_set  gd32f30x_usart.o
    0x08003d56   0x0000000c   Code   RO         4057    i.usart_transmit_config  gd32f30x_usart.o
    0x08003d62   0x00000010   Code   RO         4058    i.usart_word_length_set  gd32f30x_usart.o
    0x08003d72   0x00000002   PAD
    0x08003d74   0x00000062   Code   RO         5024    x$fpl$d2f           fz_wm.l(d2f.o)
    0x08003dd6   0x0000009c   Code   RO         5031    x$fpl$dnaninf       fz_wm.l(dnaninf.o)
    0x08003e72   0x0000000c   Code   RO         5033    x$fpl$dretinf       fz_wm.l(dretinf.o)
    0x08003e7e   0x00000002   PAD
    0x08003e80   0x00000056   Code   RO         5026    x$fpl$f2d           fz_wm.l(f2d.o)
    0x08003ed6   0x0000008c   Code   RO         5035    x$fpl$fnaninf       fz_wm.l(fnaninf.o)
    0x08003f62   0x0000000a   Code   RO         5140    x$fpl$fpinit        fz_wm.l(fpinit.o)
    0x08003f6c   0x0000000a   Code   RO         5037    x$fpl$fretinf       fz_wm.l(fretinf.o)
    0x08003f76   0x00000000   Code   RO         5039    x$fpl$usenofp       fz_wm.l(usenofp.o)
    0x08003f76   0x00000002   PAD
    0x08003f78   0x000000a0   Data   RO         4494    .constdata          uart_dma.o
    0x08004018   0x00000020   Data   RO         5202    Region$$Table       anon$$obj.o


    Execution Region RW_IRAM1 (Base: 0x20000000, Size: 0x00005220, Max: 0x00010000, ABSOLUTE)

    Base Addr    Size         Type   Attr      Idx    E Section Name        Object

    0x20000000   0x0000000c   Data   RW          203    .data               main.o
    0x2000000c   0x00000008   Data   RW          313    .data               systick.o
    0x20000014   0x00000004   Data   RW          366    .data               system_gd32f30x.o
    0x20000018   0x0000000a   Data   RW         4725    .data               pwm_ppm_capture.o
    0x20000022   0x00000002   PAD
    0x20000024   0x00000048   Data   RW         4892    .data               focdriver.o
    0x2000006c   0x00000004   Data   RW         4967    .data               flash_para.o
    0x20000070   0x00001060   Zero   RW         4493    .bss                uart_dma.o
    0x200010d0   0x00000099   Zero   RW         4891    .bss                focdriver.o
    0x20001169   0x00000056   Zero   RW         4966    .bss                flash_para.o
    0x200011bf   0x00000001   PAD
    0x200011c0   0x00000060   Zero   RW         5072    .bss                c_w.l(libspace.o)
    0x20001220   0x00002000   Zero   RW         4381    HEAP                startup_gd32f30x_hd.o
    0x20003220   0x00002000   Zero   RW         4380    STACK               startup_gd32f30x_hd.o


==============================================================================

Image component sizes


      Code (inc. data)   RO Data    RW Data    ZI Data      Debug   Object Name

       348         38          0          4         86       3795   flash_para.o
      3032        240          0         72        153       5753   focdriver.o
       498          0          0          0          0      13782   gd32f30x_dma.o
       536         60          0          0          0      11740   gd32f30x_fmc.o
       160          0          0          0          0       1068   gd32f30x_gpio.o
        20          0          0          0          0      37470   gd32f30x_it.o
       208         14          0          0          0       2300   gd32f30x_misc.o
       378         34          0          0          0      20656   gd32f30x_rcu.o
        56          0          0          0          0       7816   gd32f30x_spi.o
      1630         24          0          0          0      29735   gd32f30x_timer.o
       198          4          0          0          0       6081   gd32f30x_usart.o
       572        106          0         12          0       7836   main.o
       708         84          0          0          0       2849   mymath.o
       380         26          0         10          0       3151   pwm_ppm_capture.o
       890         32          0          0          0       3632   pwmout.o
       168         20          0          0          0        604   spi.o
        64         26        304          0      16384        952   startup_gd32f30x_hd.o
       252         14          0          4          0       1859   system_gd32f30x.o
       208         36          0          8          0      29404   systick.o
       160         12          0          0          0        886   timer.o
         4          0          0          0          0        490   tle5012b.o
      4304        158        160          0       4192      23613   uart_dma.o

    ----------------------------------------------------------------------
     14796        928        496        112      20816     215472   Object Totals
         0          0         32          0          0          0   (incl. Generated)
        22          0          0          2          1          0   (incl. Padding)

    ----------------------------------------------------------------------

      Code (inc. data)   RO Data    RW Data    ZI Data      Debug   Library Member Name

         8          0          0          0          0         68   __main.o
         0          0          0          0          0          0   __rtentry.o
        12          0          0          0          0          0   __rtentry2.o
         6          0          0          0          0          0   __rtentry4.o
        52          8          0          0          0          0   __scatter.o
        26          0          0          0          0          0   __scatter_copy.o
        28          0          0          0          0          0   __scatter_zi.o
        18          0          0          0          0         80   exit.o
         6          0          0          0          0        152   heapauxi.o
         0          0          0          0          0          0   indicate_semi.o
         2          0          0          0          0          0   libinit.o
         6          0          0          0          0          0   libinit2.o
         2          0          0          0          0          0   libshutdown.o
         2          0          0          0          0          0   libshutdown2.o
         8          4          0          0         96         68   libspace.o
        72          0          0          0          0         76   llsdiv.o
        38          0          0          0          0         68   llsshr.o
       238          0          0          0          0        100   lludivv7m.o
         2          0          0          0          0          0   rtexit.o
        10          0          0          0          0          0   rtexit2.o
        12          4          0          0          0         68   sys_exit.o
        74          0          0          0          0         80   sys_stackheap_outer.o
         2          0          0          0          0         68   use_no_semi.o
        98          4          0          0          0        140   d2f.o
       156          4          0          0          0        140   dnaninf.o
        12          0          0          0          0        116   dretinf.o
        86          4          0          0          0        132   f2d.o
       140          4          0          0          0        132   fnaninf.o
        10          0          0          0          0        116   fpinit.o
        10          0          0          0          0        116   fretinf.o
         0          0          0          0          0          0   usenofp.o

    ----------------------------------------------------------------------
      1148         32          0          0         96       1720   Library Totals
        12          0          0          0          0          0   (incl. Padding)

    ----------------------------------------------------------------------

      Code (inc. data)   RO Data    RW Data    ZI Data      Debug   Library Name

       624         16          0          0         96        828   c_w.l
       512         16          0          0          0        892   fz_wm.l

    ----------------------------------------------------------------------
      1148         32          0          0         96       1720   Library Totals

    ----------------------------------------------------------------------

==============================================================================


      Code (inc. data)   RO Data    RW Data    ZI Data      Debug   

     15944        960        496        112      20912     206480   Grand Totals
     15944        960        496        112      20912     206480   ELF Image Totals
     15944        960        496        112          0          0   ROM Totals

==============================================================================

    Total RO  Size (Code + RO Data)                16440 (  16.05kB)
    Total RW  Size (RW Data + ZI Data)             21024 (  20.53kB)
    Total ROM Size (Code + RO Data + RW Data)      16552 (  16.16kB)

==============================================================================

