Component: ARM Compiler 5.06 update 1 (build 61) Tool: armlink [4d35a8]

==============================================================================

Section Cross References

    gd32f30x_it.o(i.SysTick_Handler) refers to main.o(i.led_spark) for led_spark
    gd32f30x_it.o(i.SysTick_Handler) refers to systick.o(i.delay_decrement) for delay_decrement
    main.o(i.fputc) refers to uart_dma.o(i.UartC_write) for UartC_write
    main.o(i.led_spark) refers to gd32f303e_eval.o(i.gd_eval_led_on) for gd_eval_led_on
    main.o(i.led_spark) refers to gd32f303e_eval.o(i.gd_eval_led_off) for gd_eval_led_off
    main.o(i.led_spark) refers to main.o(.data) for timingdelaylocal
    main.o(i.main) refers to systick.o(i.systick_config) for systick_config
    main.o(i.main) refers to main.o(i.nvic_config) for nvic_config
    main.o(i.main) refers to gd32f303e_eval.o(i.gd_eval_led_init) for gd_eval_led_init
    main.o(i.main) refers to uart_dma.o(i.UartC_DmaInitial) for UartC_DmaInitial
    main.o(i.main) refers to uart_dma.o(i.UartA_DmaInitial) for UartA_DmaInitial
    main.o(i.main) refers to gd32f303e_eval.o(i.gd_eval_led_on) for gd_eval_led_on
    main.o(i.main) refers to systick.o(i.delay_1ms) for delay_1ms
    main.o(i.main) refers to gd32f303e_eval.o(i.gd_eval_led_off) for gd_eval_led_off
    main.o(i.main) refers to uart_dma.o(i.UartC_Available) for UartC_Available
    main.o(i.main) refers to uart_dma.o(i.UartA_Available) for UartA_Available
    main.o(i.main) refers to uart_dma.o(i.UartC_read) for UartC_read
    main.o(i.main) refers to uart_dma.o(i.UartA_read) for UartA_read
    main.o(i.main) refers to f2d.o(.text) for __aeabi_f2d
    main.o(i.main) refers to uart_dma.o(i.UCprintf) for UCprintf
    main.o(i.main) refers to uart_dma.o(i.UAprintf) for UAprintf
    main.o(i.nvic_config) refers to gd32f30x_misc.o(i.nvic_irq_enable) for nvic_irq_enable
    systick.o(i.delay_1ms) refers to systick.o(.data) for delay
    systick.o(i.delay_decrement) refers to systick.o(.data) for delay
    systick.o(i.systick_config) refers to systick.o(i.NVIC_SetPriority) for NVIC_SetPriority
    systick.o(i.systick_config) refers to system_gd32f30x.o(.data) for SystemCoreClock
    system_gd32f30x.o(i.SystemCoreClockUpdate) refers to system_gd32f30x.o(.data) for SystemCoreClock
    system_gd32f30x.o(i.SystemInit) refers to system_gd32f30x.o(i.system_clock_config) for system_clock_config
    system_gd32f30x.o(i.system_clock_config) refers to system_gd32f30x.o(i.system_clock_120m_hxtal) for system_clock_120m_hxtal
    gd32f30x_adc.o(i.adc_deinit) refers to gd32f30x_rcu.o(i.rcu_periph_reset_enable) for rcu_periph_reset_enable
    gd32f30x_adc.o(i.adc_deinit) refers to gd32f30x_rcu.o(i.rcu_periph_reset_disable) for rcu_periph_reset_disable
    gd32f30x_bkp.o(i.bkp_deinit) refers to gd32f30x_rcu.o(i.rcu_bkp_reset_enable) for rcu_bkp_reset_enable
    gd32f30x_bkp.o(i.bkp_deinit) refers to gd32f30x_rcu.o(i.rcu_bkp_reset_disable) for rcu_bkp_reset_disable
    gd32f30x_can.o(i.can_debug_freeze_disable) refers to gd32f30x_dbg.o(i.dbg_periph_enable) for dbg_periph_enable
    gd32f30x_can.o(i.can_debug_freeze_enable) refers to gd32f30x_dbg.o(i.dbg_periph_enable) for dbg_periph_enable
    gd32f30x_can.o(i.can_deinit) refers to gd32f30x_rcu.o(i.rcu_periph_reset_enable) for rcu_periph_reset_enable
    gd32f30x_can.o(i.can_deinit) refers to gd32f30x_rcu.o(i.rcu_periph_reset_disable) for rcu_periph_reset_disable
    gd32f30x_ctc.o(i.ctc_deinit) refers to gd32f30x_rcu.o(i.rcu_periph_reset_enable) for rcu_periph_reset_enable
    gd32f30x_ctc.o(i.ctc_deinit) refers to gd32f30x_rcu.o(i.rcu_periph_reset_disable) for rcu_periph_reset_disable
    gd32f30x_dac.o(i.dac_deinit) refers to gd32f30x_rcu.o(i.rcu_periph_reset_enable) for rcu_periph_reset_enable
    gd32f30x_dac.o(i.dac_deinit) refers to gd32f30x_rcu.o(i.rcu_periph_reset_disable) for rcu_periph_reset_disable
    gd32f30x_dma.o(i.dma_channel_disable) refers to gd32f30x_dma.o(i.dma_periph_and_channel_check) for dma_periph_and_channel_check
    gd32f30x_dma.o(i.dma_channel_enable) refers to gd32f30x_dma.o(i.dma_periph_and_channel_check) for dma_periph_and_channel_check
    gd32f30x_dma.o(i.dma_circulation_disable) refers to gd32f30x_dma.o(i.dma_periph_and_channel_check) for dma_periph_and_channel_check
    gd32f30x_dma.o(i.dma_circulation_enable) refers to gd32f30x_dma.o(i.dma_periph_and_channel_check) for dma_periph_and_channel_check
    gd32f30x_dma.o(i.dma_deinit) refers to gd32f30x_dma.o(i.dma_periph_and_channel_check) for dma_periph_and_channel_check
    gd32f30x_dma.o(i.dma_init) refers to gd32f30x_dma.o(i.dma_periph_and_channel_check) for dma_periph_and_channel_check
    gd32f30x_dma.o(i.dma_interrupt_disable) refers to gd32f30x_dma.o(i.dma_periph_and_channel_check) for dma_periph_and_channel_check
    gd32f30x_dma.o(i.dma_interrupt_enable) refers to gd32f30x_dma.o(i.dma_periph_and_channel_check) for dma_periph_and_channel_check
[...]
    Removing gd32f30x_can.o(i.can_flag_clear), (26 bytes).
    Removing gd32f30x_can.o(i.can_flag_get), (30 bytes).
    Removing gd32f30x_can.o(i.can_init), (290 bytes).
    Removing gd32f30x_can.o(i.can_interrupt_disable), (8 bytes).
    Removing gd32f30x_can.o(i.can_interrupt_enable), (8 bytes).
    Removing gd32f30x_can.o(i.can_interrupt_flag_clear), (60 bytes).
    Removing gd32f30x_can.o(i.can_interrupt_flag_get), (52 bytes).
    Removing gd32f30x_can.o(i.can_message_receive), (228 bytes).
    Removing gd32f30x_can.o(i.can_message_transmit), (336 bytes).
    Removing gd32f30x_can.o(i.can_receive_error_number_get), (8 bytes).
    Removing gd32f30x_can.o(i.can_receive_message_length_get), (26 bytes).
    Removing gd32f30x_can.o(i.can_struct_para_init), (158 bytes).
    Removing gd32f30x_can.o(i.can_time_trigger_mode_disable), (48 bytes).
    Removing gd32f30x_can.o(i.can_time_trigger_mode_enable), (48 bytes).
    Removing gd32f30x_can.o(i.can_transmission_stop), (80 bytes).
    Removing gd32f30x_can.o(i.can_transmit_error_number_get), (10 bytes).
    Removing gd32f30x_can.o(i.can_transmit_states), (124 bytes).
    Removing gd32f30x_can.o(i.can_wakeup), (48 bytes).
    Removing gd32f30x_can.o(i.can_working_mode_set), (168 bytes).
    Removing gd32f30x_crc.o(.rev16_text), (4 bytes).
    Removing gd32f30x_crc.o(.revsh_text), (4 bytes).
    Removing gd32f30x_crc.o(i.crc_block_data_calculate), (36 bytes).
    Removing gd32f30x_crc.o(i.crc_data_register_read), (12 bytes).
    Removing gd32f30x_crc.o(i.crc_data_register_reset), (20 bytes).
    Removing gd32f30x_crc.o(i.crc_deinit), (24 bytes).
    Removing gd32f30x_crc.o(i.crc_free_data_register_read), (12 bytes).
    Removing gd32f30x_crc.o(i.crc_free_data_register_write), (12 bytes).
    Removing gd32f30x_crc.o(i.crc_single_data_calculate), (16 bytes).
    Removing gd32f30x_ctc.o(.rev16_text), (4 bytes).
    Removing gd32f30x_ctc.o(.revsh_text), (4 bytes).
    Removing gd32f30x_ctc.o(i.ctc_clock_limit_value_config), (28 bytes).
    Removing gd32f30x_ctc.o(i.ctc_counter_capture_value_read), (16 bytes).
    Removing gd32f30x_ctc.o(i.ctc_counter_direction_read), (24 bytes).
    Removing gd32f30x_ctc.o(i.ctc_counter_disable), (20 bytes).
    Removing gd32f30x_ctc.o(i.ctc_counter_enable), (20 bytes).
    Removing gd32f30x_ctc.o(i.ctc_counter_reload_value_config), (28 bytes).
    Removing gd32f30x_ctc.o(i.ctc_counter_reload_value_read), (16 bytes).
    Removing gd32f30x_ctc.o(i.ctc_deinit), (20 bytes).
    Removing gd32f30x_ctc.o(i.ctc_flag_clear), (36 bytes).
    Removing gd32f30x_ctc.o(i.ctc_flag_get), (24 bytes).
    Removing gd32f30x_ctc.o(i.ctc_hardware_trim_mode_config), (28 bytes).
    Removing gd32f30x_ctc.o(i.ctc_interrupt_disable), (16 bytes).
    Removing gd32f30x_ctc.o(i.ctc_interrupt_enable), (16 bytes).
    Removing gd32f30x_ctc.o(i.ctc_interrupt_flag_clear), (36 bytes).
    Removing gd32f30x_ctc.o(i.ctc_interrupt_flag_get), (56 bytes).
    Removing gd32f30x_ctc.o(i.ctc_irc48m_trim_value_config), (28 bytes).
    Removing gd32f30x_ctc.o(i.ctc_irc48m_trim_value_read), (16 bytes).
    Removing gd32f30x_ctc.o(i.ctc_refsource_polarity_config), (28 bytes).
    Removing gd32f30x_ctc.o(i.ctc_refsource_prescaler_config), (28 bytes).
    Removing gd32f30x_ctc.o(i.ctc_refsource_signal_select), (28 bytes).
    Removing gd32f30x_ctc.o(i.ctc_software_refsource_pulse_generate), (20 bytes).
    Removing gd32f30x_dac.o(.rev16_text), (4 bytes).
    Removing gd32f30x_dac.o(.revsh_text), (4 bytes).
    Removing gd32f30x_dac.o(i.dac_concurrent_data_set), (64 bytes).
    Removing gd32f30x_dac.o(i.dac_concurrent_disable), (24 bytes).
    Removing gd32f30x_dac.o(i.dac_concurrent_enable), (24 bytes).
    Removing gd32f30x_dac.o(i.dac_concurrent_output_buffer_disable), (24 bytes).
    Removing gd32f30x_dac.o(i.dac_concurrent_output_buffer_enable), (24 bytes).
    Removing gd32f30x_dac.o(i.dac_concurrent_software_trigger_disable), (20 bytes).
    Removing gd32f30x_dac.o(i.dac_concurrent_software_trigger_enable), (20 bytes).
    Removing gd32f30x_dac.o(i.dac_data_set), (88 bytes).
    Removing gd32f30x_dac.o(i.dac_deinit), (20 bytes).
    Removing gd32f30x_dac.o(i.dac_disable), (36 bytes).
    Removing gd32f30x_dac.o(i.dac_dma_disable), (36 bytes).
    Removing gd32f30x_dac.o(i.dac_dma_enable), (36 bytes).
    Removing gd32f30x_dac.o(i.dac_enable), (36 bytes).
    Removing gd32f30x_dac.o(i.dac_lfsr_noise_config), (52 bytes).
    Removing gd32f30x_dac.o(i.dac_output_buffer_disable), (36 bytes).
    Removing gd32f30x_dac.o(i.dac_output_buffer_enable), (36 bytes).
    Removing gd32f30x_dac.o(i.dac_output_value_get), (28 bytes).
    Removing gd32f30x_dac.o(i.dac_software_trigger_disable), (36 bytes).
    Removing gd32f30x_dac.o(i.dac_software_trigger_enable), (36 bytes).
    Removing gd32f30x_dac.o(i.dac_triangle_noise_config), (52 bytes).
    Removing gd32f30x_dac.o(i.dac_trigger_disable), (36 bytes).
    Removing gd32f30x_dac.o(i.dac_trigger_enable), (36 bytes).
    Removing gd32f30x_dac.o(i.dac_trigger_source_config), (52 bytes).
    Removing gd32f30x_dac.o(i.dac_wave_bit_width_config), (52 bytes).
    Removing gd32f30x_dac.o(i.dac_wave_mode_config), (52 bytes).
    Removing gd32f30x_dbg.o(.rev16_text), (4 bytes).
    Removing gd32f30x_dbg.o(.revsh_text), (4 bytes).
    Removing gd32f30x_dbg.o(i.dbg_deinit), (12 bytes).
    Removing gd32f30x_dbg.o(i.dbg_id_get), (12 bytes).
    Removing gd32f30x_dbg.o(i.dbg_low_power_disable), (16 bytes).
    Removing gd32f30x_dbg.o(i.dbg_low_power_enable), (16 bytes).
    Removing gd32f30x_dbg.o(i.dbg_periph_disable), (32 bytes).
    Removing gd32f30x_dbg.o(i.dbg_periph_enable), (32 bytes).
    Removing gd32f30x_dbg.o(i.dbg_trace_pin_disable), (20 bytes).
    Removing gd32f30x_dbg.o(i.dbg_trace_pin_enable), (20 bytes).
    Removing gd32f30x_dbg.o(i.dbg_trace_pin_mode_set), (28 bytes).
    Removing gd32f30x_dma.o(.rev16_text), (4 bytes).
    Removing gd32f30x_dma.o(.revsh_text), (4 bytes).
    Removing gd32f30x_dma.o(i.dma_flag_clear), (16 bytes).
    Removing gd32f30x_dma.o(i.dma_flag_get), (24 bytes).
    Removing gd32f30x_dma.o(i.dma_interrupt_disable), (50 bytes).
    Removing gd32f30x_dma.o(i.dma_memory_address_config), (36 bytes).
    Removing gd32f30x_dma.o(i.dma_memory_increase_disable), (50 bytes).
    Removing gd32f30x_dma.o(i.dma_memory_increase_enable), (50 bytes).
    Removing gd32f30x_dma.o(i.dma_memory_to_memory_enable), (50 bytes).
    Removing gd32f30x_dma.o(i.dma_memory_width_config), (58 bytes).
    Removing gd32f30x_dma.o(i.dma_periph_address_config), (36 bytes).
    Removing gd32f30x_dma.o(i.dma_periph_increase_disable), (50 bytes).
    Removing gd32f30x_dma.o(i.dma_periph_increase_enable), (50 bytes).
    Removing gd32f30x_dma.o(i.dma_periph_width_config), (58 bytes).
    Removing gd32f30x_dma.o(i.dma_priority_config), (58 bytes).
    Removing gd32f30x_dma.o(i.dma_struct_para_init), (22 bytes).
    Removing gd32f30x_dma.o(i.dma_transfer_direction_config), (84 bytes).
    Removing gd32f30x_dma.o(i.dma_transfer_number_config), (38 bytes).
    Removing gd32f30x_enet.o(.rev16_text), (4 bytes).
    Removing gd32f30x_enet.o(.revsh_text), (4 bytes).
    Removing gd32f30x_exmc.o(.rev16_text), (4 bytes).
    Removing gd32f30x_exmc.o(.revsh_text), (4 bytes).
    Removing gd32f30x_exmc.o(i.exmc_ecc_get), (12 bytes).
    Removing gd32f30x_exmc.o(i.exmc_flag_clear), (20 bytes).
    Removing gd32f30x_exmc.o(i.exmc_flag_get), (28 bytes).
    Removing gd32f30x_exmc.o(i.exmc_interrupt_disable), (20 bytes).
    Removing gd32f30x_exmc.o(i.exmc_interrupt_enable), (20 bytes).
    Removing gd32f30x_exmc.o(i.exmc_interrupt_flag_clear), (22 bytes).
    Removing gd32f30x_exmc.o(i.exmc_interrupt_flag_get), (38 bytes).
    Removing gd32f30x_exmc.o(i.exmc_nand_deinit), (42 bytes).
    Removing gd32f30x_exmc.o(i.exmc_nand_disable), (22 bytes).
    Removing gd32f30x_exmc.o(i.exmc_nand_ecc_config), (48 bytes).
    Removing gd32f30x_exmc.o(i.exmc_nand_enable), (22 bytes).
    Removing gd32f30x_exmc.o(i.exmc_nand_init), (174 bytes).
    Removing gd32f30x_exmc.o(i.exmc_nand_struct_para_init), (54 bytes).
    Removing gd32f30x_exmc.o(i.exmc_norsram_deinit), (52 bytes).
    Removing gd32f30x_exmc.o(i.exmc_norsram_disable), (22 bytes).
    Removing gd32f30x_exmc.o(i.exmc_norsram_enable), (22 bytes).
    Removing gd32f30x_exmc.o(i.exmc_norsram_init), (284 bytes).
    Removing gd32f30x_exmc.o(i.exmc_norsram_page_size_config), (40 bytes).
    Removing gd32f30x_exmc.o(i.exmc_norsram_struct_para_init), (106 bytes).
    Removing gd32f30x_exmc.o(i.exmc_pccard_deinit), (40 bytes).
    Removing gd32f30x_exmc.o(i.exmc_pccard_disable), (24 bytes).
    Removing gd32f30x_exmc.o(i.exmc_pccard_enable), (24 bytes).
    Removing gd32f30x_exmc.o(i.exmc_pccard_init), (192 bytes).
    Removing gd32f30x_exmc.o(i.exmc_pccard_struct_para_init), (60 bytes).
    Removing gd32f30x_exti.o(.rev16_text), (4 bytes).
    Removing gd32f30x_exti.o(.revsh_text), (4 bytes).
    Removing gd32f30x_exti.o(i.exti_deinit), (28 bytes).
    Removing gd32f30x_exti.o(i.exti_event_disable), (16 bytes).
    Removing gd32f30x_exti.o(i.exti_event_enable), (16 bytes).
    Removing gd32f30x_exti.o(i.exti_flag_clear), (12 bytes).
    Removing gd32f30x_exti.o(i.exti_flag_get), (24 bytes).
    Removing gd32f30x_exti.o(i.exti_init), (184 bytes).
    Removing gd32f30x_exti.o(i.exti_interrupt_disable), (16 bytes).
    Removing gd32f30x_exti.o(i.exti_interrupt_enable), (16 bytes).
    Removing gd32f30x_exti.o(i.exti_interrupt_flag_clear), (12 bytes).
    Removing gd32f30x_exti.o(i.exti_interrupt_flag_get), (36 bytes).
    Removing gd32f30x_exti.o(i.exti_software_interrupt_disable), (16 bytes).
    Removing gd32f30x_exti.o(i.exti_software_interrupt_enable), (16 bytes).
    Removing gd32f30x_fmc.o(.rev16_text), (4 bytes).
    Removing gd32f30x_fmc.o(.revsh_text), (4 bytes).
    Removing gd32f30x_fmc.o(i.fmc_bank0_erase), (68 bytes).
    Removing gd32f30x_fmc.o(i.fmc_bank0_lock), (20 bytes).
    Removing gd32f30x_fmc.o(i.fmc_bank0_ready_wait), (34 bytes).
    Removing gd32f30x_fmc.o(i.fmc_bank0_state_get), (48 bytes).
    Removing gd32f30x_fmc.o(i.fmc_bank0_unlock), (36 bytes).
    Removing gd32f30x_fmc.o(i.fmc_bank1_erase), (68 bytes).
    Removing gd32f30x_fmc.o(i.fmc_bank1_lock), (20 bytes).
    Removing gd32f30x_fmc.o(i.fmc_bank1_ready_wait), (34 bytes).
    Removing gd32f30x_fmc.o(i.fmc_bank1_state_get), (48 bytes).
    Removing gd32f30x_fmc.o(i.fmc_bank1_unlock), (36 bytes).
    Removing gd32f30x_fmc.o(i.fmc_flag_clear), (32 bytes).
    Removing gd32f30x_fmc.o(i.fmc_flag_get), (36 bytes).
    Removing gd32f30x_fmc.o(i.fmc_halfword_program), (192 bytes).
    Removing gd32f30x_fmc.o(i.fmc_interrupt_disable), (32 bytes).
    Removing gd32f30x_fmc.o(i.fmc_interrupt_enable), (32 bytes).
    Removing gd32f30x_fmc.o(i.fmc_interrupt_flag_clear), (32 bytes).
    Removing gd32f30x_fmc.o(i.fmc_interrupt_flag_get), (108 bytes).
    Removing gd32f30x_fmc.o(i.fmc_lock), (44 bytes).
    Removing gd32f30x_fmc.o(i.fmc_mass_erase), (196 bytes).
    Removing gd32f30x_fmc.o(i.fmc_page_erase), (236 bytes).
    Removing gd32f30x_fmc.o(i.fmc_unlock), (68 bytes).
    Removing gd32f30x_fmc.o(i.fmc_word_program), (192 bytes).
    Removing gd32f30x_fmc.o(i.fmc_word_reprogram), (244 bytes).
    Removing gd32f30x_fmc.o(i.fmc_wscnt_set), (24 bytes).
    Removing gd32f30x_fmc.o(i.ob_data_get), (16 bytes).
    Removing gd32f30x_fmc.o(i.ob_data_program), (68 bytes).
    Removing gd32f30x_fmc.o(i.ob_erase), (140 bytes).
    Removing gd32f30x_fmc.o(i.ob_lock), (20 bytes).
    Removing gd32f30x_fmc.o(i.ob_security_protection_config), (132 bytes).
    Removing gd32f30x_fmc.o(i.ob_spc_get), (24 bytes).
    Removing gd32f30x_fmc.o(i.ob_unlock), (36 bytes).
    Removing gd32f30x_fmc.o(i.ob_user_get), (16 bytes).
    Removing gd32f30x_fmc.o(i.ob_user_write), (96 bytes).
    Removing gd32f30x_fmc.o(i.ob_write_protection_enable), (168 bytes).
    Removing gd32f30x_fmc.o(i.ob_write_protection_get), (12 bytes).
    Removing gd32f30x_fwdgt.o(.rev16_text), (4 bytes).
    Removing gd32f30x_fwdgt.o(.revsh_text), (4 bytes).
    Removing gd32f30x_fwdgt.o(i.fwdgt_config), (104 bytes).
    Removing gd32f30x_fwdgt.o(i.fwdgt_counter_reload), (16 bytes).
    Removing gd32f30x_fwdgt.o(i.fwdgt_enable), (16 bytes).
    Removing gd32f30x_fwdgt.o(i.fwdgt_flag_get), (24 bytes).
    Removing gd32f30x_fwdgt.o(i.fwdgt_write_disable), (12 bytes).
    Removing gd32f30x_fwdgt.o(i.fwdgt_write_enable), (16 bytes).
    Removing gd32f30x_gpio.o(.rev16_text), (4 bytes).
    Removing gd32f30x_gpio.o(.revsh_text), (4 bytes).
    Removing gd32f30x_gpio.o(i.gpio_afio_deinit), (20 bytes).
    Removing gd32f30x_gpio.o(i.gpio_bit_reset), (4 bytes).
    Removing gd32f30x_gpio.o(i.gpio_bit_set), (4 bytes).
    Removing gd32f30x_gpio.o(i.gpio_bit_write), (10 bytes).
    Removing gd32f30x_gpio.o(i.gpio_compensation_config), (24 bytes).
    Removing gd32f30x_gpio.o(i.gpio_compensation_flag_get), (24 bytes).
    Removing gd32f30x_gpio.o(i.gpio_deinit), (196 bytes).
    Removing gd32f30x_gpio.o(i.gpio_event_output_config), (28 bytes).
    Removing gd32f30x_gpio.o(i.gpio_event_output_disable), (20 bytes).
    Removing gd32f30x_gpio.o(i.gpio_event_output_enable), (20 bytes).
    Removing gd32f30x_gpio.o(i.gpio_exti_source_select), (152 bytes).
    Removing gd32f30x_gpio.o(i.gpio_input_bit_get), (16 bytes).
    Removing gd32f30x_gpio.o(i.gpio_input_port_get), (8 bytes).
    Removing gd32f30x_gpio.o(i.gpio_output_bit_get), (16 bytes).
    Removing gd32f30x_gpio.o(i.gpio_output_port_get), (8 bytes).
    Removing gd32f30x_gpio.o(i.gpio_pin_lock), (18 bytes).
    Removing gd32f30x_gpio.o(i.gpio_pin_remap_config), (144 bytes).
    Removing gd32f30x_gpio.o(i.gpio_port_write), (4 bytes).
    Removing gd32f30x_i2c.o(.rev16_text), (4 bytes).
    Removing gd32f30x_i2c.o(.revsh_text), (4 bytes).
    Removing gd32f30x_i2c.o(i.i2c_ack_config), (24 bytes).
    Removing gd32f30x_i2c.o(i.i2c_ackpos_config), (22 bytes).
    Removing gd32f30x_i2c.o(i.i2c_clock_config), (312 bytes).
    Removing gd32f30x_i2c.o(i.i2c_data_receive), (8 bytes).
    Removing gd32f30x_i2c.o(i.i2c_data_transmit), (6 bytes).
    Removing gd32f30x_i2c.o(i.i2c_deinit), (64 bytes).
    Removing gd32f30x_i2c.o(i.i2c_disable), (10 bytes).
    Removing gd32f30x_i2c.o(i.i2c_dma_enable), (16 bytes).
    Removing gd32f30x_i2c.o(i.i2c_dma_last_transfer_config), (16 bytes).
    Removing gd32f30x_i2c.o(i.i2c_dualaddr_enable), (24 bytes).
    Removing gd32f30x_i2c.o(i.i2c_enable), (10 bytes).
    Removing gd32f30x_i2c.o(i.i2c_flag_clear), (40 bytes).
    Removing gd32f30x_i2c.o(i.i2c_flag_get), (30 bytes).
    Removing gd32f30x_i2c.o(i.i2c_interrupt_disable), (26 bytes).
    Removing gd32f30x_i2c.o(i.i2c_interrupt_enable), (26 bytes).
    Removing gd32f30x_i2c.o(i.i2c_interrupt_flag_clear), (44 bytes).
    Removing gd32f30x_i2c.o(i.i2c_interrupt_flag_get), (92 bytes).
    Removing gd32f30x_i2c.o(i.i2c_master_addressing), (20 bytes).
    Removing gd32f30x_i2c.o(i.i2c_mode_addr_config), (28 bytes).
    Removing gd32f30x_i2c.o(i.i2c_pec_enable), (16 bytes).
    Removing gd32f30x_i2c.o(i.i2c_pec_transfer_enable), (16 bytes).
    Removing gd32f30x_i2c.o(i.i2c_pec_value_get), (10 bytes).
    Removing gd32f30x_i2c.o(i.i2c_slave_response_to_gcall_config), (16 bytes).
    Removing gd32f30x_i2c.o(i.i2c_smbus_arp_enable), (16 bytes).
    Removing gd32f30x_i2c.o(i.i2c_smbus_issue_alert), (16 bytes).
    Removing gd32f30x_i2c.o(i.i2c_smbus_type_config), (24 bytes).
    Removing gd32f30x_i2c.o(i.i2c_software_reset_config), (16 bytes).
    Removing gd32f30x_i2c.o(i.i2c_start_on_bus), (10 bytes).
    Removing gd32f30x_i2c.o(i.i2c_stop_on_bus), (10 bytes).
    Removing gd32f30x_i2c.o(i.i2c_stretch_scl_low_config), (16 bytes).
    Removing gd32f30x_misc.o(.rev16_text), (4 bytes).
    Removing gd32f30x_misc.o(.revsh_text), (4 bytes).
    Removing gd32f30x_misc.o(i.nvic_irq_disable), (24 bytes).
    Removing gd32f30x_misc.o(i.nvic_vector_table_set), (20 bytes).
    Removing gd32f30x_misc.o(i.system_lowpower_reset), (16 bytes).
    Removing gd32f30x_misc.o(i.system_lowpower_set), (16 bytes).
    Removing gd32f30x_misc.o(i.systick_clksource_set), (40 bytes).
    Removing gd32f30x_pmu.o(.rev16_text), (4 bytes).
    Removing gd32f30x_pmu.o(.revsh_text), (4 bytes).
    Removing gd32f30x_pmu.o(i.pmu_backup_write_disable), (20 bytes).
    Removing gd32f30x_pmu.o(i.pmu_backup_write_enable), (20 bytes).
    Removing gd32f30x_pmu.o(i.pmu_deinit), (20 bytes).
    Removing gd32f30x_pmu.o(i.pmu_flag_clear), (48 bytes).
    Removing gd32f30x_pmu.o(i.pmu_flag_get), (24 bytes).
    Removing gd32f30x_pmu.o(i.pmu_highdriver_mode_disable), (20 bytes).
    Removing gd32f30x_pmu.o(i.pmu_highdriver_mode_enable), (20 bytes).
    Removing gd32f30x_pmu.o(i.pmu_highdriver_switch_select), (44 bytes).
    Removing gd32f30x_pmu.o(i.pmu_ldo_output_select), (28 bytes).
    Removing gd32f30x_pmu.o(i.pmu_lowdriver_mode_disable), (20 bytes).
    Removing gd32f30x_pmu.o(i.pmu_lowdriver_mode_enable), (20 bytes).
    Removing gd32f30x_pmu.o(i.pmu_lowpower_driver_config), (28 bytes).
    Removing gd32f30x_pmu.o(i.pmu_lvd_disable), (20 bytes).
    Removing gd32f30x_pmu.o(i.pmu_lvd_select), (48 bytes).
    Removing gd32f30x_pmu.o(i.pmu_normalpower_driver_config), (28 bytes).
    Removing gd32f30x_pmu.o(i.pmu_to_deepsleepmode), (68 bytes).
    Removing gd32f30x_pmu.o(i.pmu_to_sleepmode), (28 bytes).
    Removing gd32f30x_pmu.o(i.pmu_to_standbymode), (52 bytes).
    Removing gd32f30x_pmu.o(i.pmu_wakeup_pin_disable), (20 bytes).
    Removing gd32f30x_pmu.o(i.pmu_wakeup_pin_enable), (20 bytes).
    Removing gd32f30x_rcu.o(.rev16_text), (4 bytes).
    Removing gd32f30x_rcu.o(.revsh_text), (4 bytes).
    Removing gd32f30x_rcu.o(i.rcu_adc_clock_config), (108 bytes).
    Removing gd32f30x_rcu.o(i.rcu_ahb_clock_config), (24 bytes).
    Removing gd32f30x_rcu.o(i.rcu_all_reset_flag_clear), (20 bytes).
    Removing gd32f30x_rcu.o(i.rcu_apb1_clock_config), (24 bytes).
    Removing gd32f30x_rcu.o(i.rcu_apb2_clock_config), (24 bytes).
    Removing gd32f30x_rcu.o(i.rcu_bkp_reset_disable), (20 bytes).
    Removing gd32f30x_rcu.o(i.rcu_bkp_reset_enable), (20 bytes).
    Removing gd32f30x_rcu.o(i.rcu_ck48m_clock_config), (28 bytes).
    Removing gd32f30x_rcu.o(i.rcu_ckout0_config), (24 bytes).
    Removing gd32f30x_rcu.o(i.rcu_deepsleep_voltage_set), (16 bytes).
    Removing gd32f30x_rcu.o(i.rcu_deinit), (84 bytes).
    Removing gd32f30x_rcu.o(i.rcu_flag_get), (36 bytes).
    Removing gd32f30x_rcu.o(i.rcu_hxtal_clock_monitor_disable), (20 bytes).
    Removing gd32f30x_rcu.o(i.rcu_hxtal_clock_monitor_enable), (20 bytes).
    Removing gd32f30x_rcu.o(i.rcu_interrupt_disable), (32 bytes).
    Removing gd32f30x_rcu.o(i.rcu_interrupt_enable), (32 bytes).
    Removing gd32f30x_rcu.o(i.rcu_interrupt_flag_clear), (32 bytes).
    Removing gd32f30x_rcu.o(i.rcu_interrupt_flag_get), (36 bytes).
    Removing gd32f30x_rcu.o(i.rcu_irc8m_adjust_value_set), (28 bytes).
    Removing gd32f30x_rcu.o(i.rcu_lxtal_drive_capability_config), (24 bytes).
    Removing gd32f30x_rcu.o(i.rcu_osci_bypass_mode_disable), (100 bytes).
    Removing gd32f30x_rcu.o(i.rcu_osci_bypass_mode_enable), (100 bytes).
    Removing gd32f30x_rcu.o(i.rcu_osci_off), (32 bytes).
    Removing gd32f30x_rcu.o(i.rcu_osci_on), (32 bytes).
    Removing gd32f30x_rcu.o(i.rcu_osci_stab_wait), (272 bytes).
    Removing gd32f30x_rcu.o(i.rcu_periph_clock_disable), (32 bytes).
    Removing gd32f30x_rcu.o(i.rcu_periph_clock_sleep_disable), (32 bytes).
    Removing gd32f30x_rcu.o(i.rcu_periph_clock_sleep_enable), (32 bytes).
    Removing gd32f30x_rcu.o(i.rcu_periph_reset_disable), (32 bytes).
    Removing gd32f30x_rcu.o(i.rcu_periph_reset_enable), (32 bytes).
    Removing gd32f30x_rcu.o(i.rcu_pll_config), (32 bytes).
    Removing gd32f30x_rcu.o(i.rcu_pllpresel_config), (24 bytes).
    Removing gd32f30x_rcu.o(i.rcu_predv0_config), (32 bytes).
    Removing gd32f30x_rcu.o(i.rcu_rtc_clock_config), (24 bytes).
    Removing gd32f30x_rcu.o(i.rcu_system_clock_source_config), (24 bytes).
    Removing gd32f30x_rcu.o(i.rcu_system_clock_source_get), (16 bytes).
    Removing gd32f30x_rcu.o(i.rcu_usb_clock_config), (24 bytes).
    Removing gd32f30x_rtc.o(.rev16_text), (4 bytes).
    Removing gd32f30x_rtc.o(.revsh_text), (4 bytes).
    Removing gd32f30x_rtc.o(i.rtc_alarm_config), (32 bytes).
    Removing gd32f30x_rtc.o(i.rtc_configuration_mode_enter), (20 bytes).
    Removing gd32f30x_rtc.o(i.rtc_configuration_mode_exit), (20 bytes).
    Removing gd32f30x_rtc.o(i.rtc_counter_get), (20 bytes).
    Removing gd32f30x_rtc.o(i.rtc_counter_set), (32 bytes).
    Removing gd32f30x_rtc.o(i.rtc_divider_get), (24 bytes).
    Removing gd32f30x_rtc.o(i.rtc_flag_clear), (16 bytes).
    Removing gd32f30x_rtc.o(i.rtc_flag_get), (24 bytes).
    Removing gd32f30x_rtc.o(i.rtc_interrupt_disable), (16 bytes).
    Removing gd32f30x_rtc.o(i.rtc_interrupt_enable), (16 bytes).
    Removing gd32f30x_rtc.o(i.rtc_lwoff_wait), (20 bytes).
    Removing gd32f30x_rtc.o(i.rtc_prescaler_set), (32 bytes).
    Removing gd32f30x_rtc.o(i.rtc_register_sync_wait), (32 bytes).
    Removing gd32f30x_sdio.o(.rev16_text), (4 bytes).
    Removing gd32f30x_sdio.o(.revsh_text), (4 bytes).
    Removing gd32f30x_sdio.o(i.sdio_bus_mode_set), (28 bytes).
    Removing gd32f30x_sdio.o(i.sdio_ceata_command_completion_disable), (20 bytes).
    Removing gd32f30x_sdio.o(i.sdio_ceata_command_completion_enable), (20 bytes).
    Removing gd32f30x_sdio.o(i.sdio_ceata_command_disable), (20 bytes).
    Removing gd32f30x_sdio.o(i.sdio_ceata_command_enable), (20 bytes).
    Removing gd32f30x_sdio.o(i.sdio_ceata_interrupt_disable), (20 bytes).
    Removing gd32f30x_sdio.o(i.sdio_ceata_interrupt_enable), (20 bytes).
    Removing gd32f30x_sdio.o(i.sdio_clock_config), (52 bytes).
    Removing gd32f30x_sdio.o(i.sdio_clock_disable), (20 bytes).
    Removing gd32f30x_sdio.o(i.sdio_clock_enable), (20 bytes).
    Removing gd32f30x_sdio.o(i.sdio_command_index_get), (12 bytes).
    Removing gd32f30x_sdio.o(i.sdio_command_response_config), (44 bytes).
    Removing gd32f30x_sdio.o(i.sdio_csm_disable), (20 bytes).
    Removing gd32f30x_sdio.o(i.sdio_csm_enable), (20 bytes).
    Removing gd32f30x_sdio.o(i.sdio_data_config), (52 bytes).
    Removing gd32f30x_sdio.o(i.sdio_data_counter_get), (12 bytes).
    Removing gd32f30x_sdio.o(i.sdio_data_read), (12 bytes).
    Removing gd32f30x_sdio.o(i.sdio_data_transfer_config), (28 bytes).
    Removing gd32f30x_sdio.o(i.sdio_data_write), (12 bytes).
    Removing gd32f30x_sdio.o(i.sdio_deinit), (28 bytes).
    Removing gd32f30x_sdio.o(i.sdio_dma_disable), (20 bytes).
    Removing gd32f30x_sdio.o(i.sdio_dma_enable), (20 bytes).
    Removing gd32f30x_sdio.o(i.sdio_dsm_disable), (20 bytes).
    Removing gd32f30x_sdio.o(i.sdio_dsm_enable), (20 bytes).
    Removing gd32f30x_sdio.o(i.sdio_fifo_counter_get), (12 bytes).
    Removing gd32f30x_sdio.o(i.sdio_flag_clear), (12 bytes).
    Removing gd32f30x_sdio.o(i.sdio_flag_get), (24 bytes).
    Removing gd32f30x_sdio.o(i.sdio_hardware_clock_disable), (20 bytes).
    Removing gd32f30x_sdio.o(i.sdio_hardware_clock_enable), (20 bytes).
    Removing gd32f30x_sdio.o(i.sdio_interrupt_disable), (16 bytes).
    Removing gd32f30x_sdio.o(i.sdio_interrupt_enable), (16 bytes).
    Removing gd32f30x_sdio.o(i.sdio_interrupt_flag_clear), (12 bytes).
    Removing gd32f30x_sdio.o(i.sdio_interrupt_flag_get), (24 bytes).
    Removing gd32f30x_sdio.o(i.sdio_operation_disable), (20 bytes).
    Removing gd32f30x_sdio.o(i.sdio_operation_enable), (20 bytes).
    Removing gd32f30x_sdio.o(i.sdio_power_state_get), (12 bytes).
    Removing gd32f30x_sdio.o(i.sdio_power_state_set), (12 bytes).
    Removing gd32f30x_sdio.o(i.sdio_readwait_disable), (20 bytes).
    Removing gd32f30x_sdio.o(i.sdio_readwait_enable), (20 bytes).
    Removing gd32f30x_sdio.o(i.sdio_readwait_type_set), (40 bytes).
    Removing gd32f30x_sdio.o(i.sdio_response_get), (56 bytes).
    Removing gd32f30x_sdio.o(i.sdio_stop_readwait_disable), (20 bytes).
    Removing gd32f30x_sdio.o(i.sdio_stop_readwait_enable), (20 bytes).
    Removing gd32f30x_sdio.o(i.sdio_suspend_disable), (20 bytes).
    Removing gd32f30x_sdio.o(i.sdio_suspend_enable), (20 bytes).
    Removing gd32f30x_sdio.o(i.sdio_wait_type_set), (28 bytes).
    Removing gd32f30x_spi.o(.rev16_text), (4 bytes).
    Removing gd32f30x_spi.o(.revsh_text), (4 bytes).
    Removing gd32f30x_spi.o(i.i2s_disable), (10 bytes).
    Removing gd32f30x_spi.o(i.i2s_enable), (10 bytes).
    Removing gd32f30x_spi.o(i.i2s_init), (28 bytes).
    Removing gd32f30x_spi.o(i.i2s_psc_config), (164 bytes).
    Removing gd32f30x_spi.o(i.qspi_disable), (14 bytes).
    Removing gd32f30x_spi.o(i.qspi_enable), (14 bytes).
    Removing gd32f30x_spi.o(i.qspi_io23_output_disable), (14 bytes).
    Removing gd32f30x_spi.o(i.qspi_io23_output_enable), (14 bytes).
    Removing gd32f30x_spi.o(i.qspi_read_enable), (14 bytes).
    Removing gd32f30x_spi.o(i.qspi_write_enable), (14 bytes).
    Removing gd32f30x_spi.o(i.spi_bidirectional_transfer_config), (26 bytes).
    Removing gd32f30x_spi.o(i.spi_crc_error_clear), (10 bytes).
    Removing gd32f30x_spi.o(i.spi_crc_get), (16 bytes).
    Removing gd32f30x_spi.o(i.spi_crc_next), (10 bytes).
    Removing gd32f30x_spi.o(i.spi_crc_off), (10 bytes).
    Removing gd32f30x_spi.o(i.spi_crc_on), (10 bytes).
    Removing gd32f30x_spi.o(i.spi_crc_polynomial_get), (8 bytes).
    Removing gd32f30x_spi.o(i.spi_crc_polynomial_set), (12 bytes).
    Removing gd32f30x_spi.o(i.spi_disable), (10 bytes).
    Removing gd32f30x_spi.o(i.spi_dma_disable), (22 bytes).
    Removing gd32f30x_spi.o(i.spi_dma_enable), (22 bytes).
    Removing gd32f30x_spi.o(i.spi_enable), (10 bytes).
    Removing gd32f30x_spi.o(i.spi_i2s_data_frame_format_config), (16 bytes).
    Removing gd32f30x_spi.o(i.spi_i2s_data_receive), (8 bytes).
    Removing gd32f30x_spi.o(i.spi_i2s_data_transmit), (4 bytes).
    Removing gd32f30x_spi.o(i.spi_i2s_deinit), (88 bytes).
    Removing gd32f30x_spi.o(i.spi_i2s_flag_get), (16 bytes).
    Removing gd32f30x_spi.o(i.spi_i2s_interrupt_disable), (48 bytes).
    Removing gd32f30x_spi.o(i.spi_i2s_interrupt_enable), (48 bytes).
    Removing gd32f30x_spi.o(i.spi_i2s_interrupt_flag_get), (112 bytes).
    Removing gd32f30x_spi.o(i.spi_init), (50 bytes).
    Removing gd32f30x_spi.o(i.spi_nss_internal_high), (10 bytes).
    Removing gd32f30x_spi.o(i.spi_nss_internal_low), (10 bytes).
    Removing gd32f30x_spi.o(i.spi_nss_output_disable), (10 bytes).
    Removing gd32f30x_spi.o(i.spi_nss_output_enable), (10 bytes).
    Removing gd32f30x_spi.o(i.spi_nssp_mode_disable), (10 bytes).
    Removing gd32f30x_spi.o(i.spi_nssp_mode_enable), (10 bytes).
    Removing gd32f30x_spi.o(i.spi_struct_para_init), (18 bytes).
    Removing gd32f30x_spi.o(i.spi_ti_mode_disable), (10 bytes).
    Removing gd32f30x_spi.o(i.spi_ti_mode_enable), (10 bytes).
    Removing gd32f30x_timer.o(.rev16_text), (4 bytes).
    Removing gd32f30x_timer.o(.revsh_text), (4 bytes).
    Removing gd32f30x_timer.o(i.timer_auto_reload_shadow_disable), (10 bytes).
    Removing gd32f30x_timer.o(i.timer_auto_reload_shadow_enable), (10 bytes).
    Removing gd32f30x_timer.o(i.timer_automatic_output_disable), (10 bytes).
    Removing gd32f30x_timer.o(i.timer_automatic_output_enable), (10 bytes).
    Removing gd32f30x_timer.o(i.timer_autoreload_value_config), (4 bytes).
    Removing gd32f30x_timer.o(i.timer_break_config), (30 bytes).
    Removing gd32f30x_timer.o(i.timer_break_disable), (10 bytes).
    Removing gd32f30x_timer.o(i.timer_break_enable), (10 bytes).
    Removing gd32f30x_timer.o(i.timer_break_struct_para_init), (18 bytes).
    Removing gd32f30x_timer.o(i.timer_channel_capture_value_register_read), (42 bytes).
    Removing gd32f30x_timer.o(i.timer_channel_complementary_output_polarity_config), (70 bytes).
    Removing gd32f30x_timer.o(i.timer_channel_complementary_output_state_config), (70 bytes).
    Removing gd32f30x_timer.o(i.timer_channel_control_shadow_config), (24 bytes).
    Removing gd32f30x_timer.o(i.timer_channel_control_shadow_update_config), (26 bytes).
    Removing gd32f30x_timer.o(i.timer_channel_dma_request_source_select), (26 bytes).
    Removing gd32f30x_timer.o(i.timer_channel_input_capture_prescaler_config), (90 bytes).
    Removing gd32f30x_timer.o(i.timer_channel_input_struct_para_init), (16 bytes).
    Removing gd32f30x_timer.o(i.timer_channel_output_clear_config), (90 bytes).
    Removing gd32f30x_timer.o(i.timer_channel_output_config), (492 bytes).
    Removing gd32f30x_timer.o(i.timer_channel_output_fast_config), (90 bytes).
    Removing gd32f30x_timer.o(i.timer_channel_output_mode_config), (90 bytes).
    Removing gd32f30x_timer.o(i.timer_channel_output_polarity_config), (92 bytes).
    Removing gd32f30x_timer.o(i.timer_channel_output_pulse_value_config), (38 bytes).
    Removing gd32f30x_timer.o(i.timer_channel_output_shadow_config), (90 bytes).
    Removing gd32f30x_timer.o(i.timer_channel_output_state_config), (92 bytes).
    Removing gd32f30x_timer.o(i.timer_channel_output_struct_para_init), (16 bytes).
    Removing gd32f30x_timer.o(i.timer_counter_alignment), (16 bytes).
    Removing gd32f30x_timer.o(i.timer_counter_down_direction), (10 bytes).
    Removing gd32f30x_timer.o(i.timer_counter_read), (8 bytes).
    Removing gd32f30x_timer.o(i.timer_counter_up_direction), (10 bytes).
    Removing gd32f30x_timer.o(i.timer_counter_value_config), (4 bytes).
    Removing gd32f30x_timer.o(i.timer_deinit), (220 bytes).
    Removing gd32f30x_timer.o(i.timer_disable), (10 bytes).
    Removing gd32f30x_timer.o(i.timer_dma_disable), (8 bytes).
    Removing gd32f30x_timer.o(i.timer_dma_enable), (8 bytes).
    Removing gd32f30x_timer.o(i.timer_dma_transfer_config), (24 bytes).
    Removing gd32f30x_timer.o(i.timer_enable), (10 bytes).
    Removing gd32f30x_timer.o(i.timer_event_software_generate), (8 bytes).
    Removing gd32f30x_timer.o(i.timer_external_clock_mode0_config), (40 bytes).
    Removing gd32f30x_timer.o(i.timer_external_clock_mode1_config), (32 bytes).
    Removing gd32f30x_timer.o(i.timer_external_clock_mode1_disable), (10 bytes).
    Removing gd32f30x_timer.o(i.timer_external_trigger_as_external_clock_config), (164 bytes).
    Removing gd32f30x_timer.o(i.timer_external_trigger_config), (30 bytes).
    Removing gd32f30x_timer.o(i.timer_flag_clear), (8 bytes).
    Removing gd32f30x_timer.o(i.timer_flag_get), (16 bytes).
    Removing gd32f30x_timer.o(i.timer_hall_mode_config), (26 bytes).
    Removing gd32f30x_timer.o(i.timer_init), (152 bytes).
    Removing gd32f30x_timer.o(i.timer_input_capture_config), (326 bytes).
    Removing gd32f30x_timer.o(i.timer_input_pwm_capture_config), (356 bytes).
    Removing gd32f30x_timer.o(i.timer_input_trigger_source_select), (16 bytes).
    Removing gd32f30x_timer.o(i.timer_internal_clock_config), (10 bytes).
    Removing gd32f30x_timer.o(i.timer_internal_trigger_as_external_clock_config), (32 bytes).
    Removing gd32f30x_timer.o(i.timer_interrupt_disable), (8 bytes).
    Removing gd32f30x_timer.o(i.timer_interrupt_enable), (8 bytes).
    Removing gd32f30x_timer.o(i.timer_interrupt_flag_clear), (8 bytes).
    Removing gd32f30x_timer.o(i.timer_interrupt_flag_get), (24 bytes).
    Removing gd32f30x_timer.o(i.timer_master_output_trigger_source_select), (16 bytes).
    Removing gd32f30x_timer.o(i.timer_master_slave_mode_config), (26 bytes).
    Removing gd32f30x_timer.o(i.timer_output_value_selection_config), (34 bytes).
    Removing gd32f30x_timer.o(i.timer_prescaler_config), (14 bytes).
    Removing gd32f30x_timer.o(i.timer_prescaler_read), (10 bytes).
    Removing gd32f30x_timer.o(i.timer_primary_output_config), (24 bytes).
    Removing gd32f30x_timer.o(i.timer_quadrature_decoder_mode_config), (64 bytes).
    Removing gd32f30x_timer.o(i.timer_repetition_value_config), (4 bytes).
    Removing gd32f30x_timer.o(i.timer_single_pulse_mode_config), (26 bytes).
    Removing gd32f30x_timer.o(i.timer_slave_mode_select), (16 bytes).
    Removing gd32f30x_timer.o(i.timer_struct_para_init), (22 bytes).
    Removing gd32f30x_timer.o(i.timer_update_event_disable), (10 bytes).
    Removing gd32f30x_timer.o(i.timer_update_event_enable), (10 bytes).
    Removing gd32f30x_timer.o(i.timer_update_source_config), (26 bytes).
    Removing gd32f30x_timer.o(i.timer_write_chxval_register_config), (34 bytes).
    Removing gd32f30x_usart.o(.rev16_text), (4 bytes).
    Removing gd32f30x_usart.o(.revsh_text), (4 bytes).
    Removing gd32f30x_usart.o(i.usart_address_config), (20 bytes).
    Removing gd32f30x_usart.o(i.usart_block_length_config), (28 bytes).
    Removing gd32f30x_usart.o(i.usart_data_first_config), (20 bytes).
    Removing gd32f30x_usart.o(i.usart_data_receive), (10 bytes).
    Removing gd32f30x_usart.o(i.usart_data_transmit), (8 bytes).
    Removing gd32f30x_usart.o(i.usart_deinit), (144 bytes).
    Removing gd32f30x_usart.o(i.usart_disable), (10 bytes).
    Removing gd32f30x_usart.o(i.usart_flag_clear), (26 bytes).
    Removing gd32f30x_usart.o(i.usart_flag_get), (30 bytes).
    Removing gd32f30x_usart.o(i.usart_guard_time_config), (24 bytes).
    Removing gd32f30x_usart.o(i.usart_halfduplex_disable), (10 bytes).
    Removing gd32f30x_usart.o(i.usart_halfduplex_enable), (10 bytes).
    Removing gd32f30x_usart.o(i.usart_hardware_flow_cts_config), (16 bytes).
    Removing gd32f30x_usart.o(i.usart_hardware_flow_rts_config), (16 bytes).
    Removing gd32f30x_usart.o(i.usart_interrupt_disable), (26 bytes).
    Removing gd32f30x_usart.o(i.usart_interrupt_enable), (26 bytes).
    Removing gd32f30x_usart.o(i.usart_interrupt_flag_clear), (26 bytes).
    Removing gd32f30x_usart.o(i.usart_interrupt_flag_get), (56 bytes).
    Removing gd32f30x_usart.o(i.usart_invert_config), (104 bytes).
    Removing gd32f30x_usart.o(i.usart_irda_lowpower_config), (20 bytes).
    Removing gd32f30x_usart.o(i.usart_irda_mode_disable), (10 bytes).
    Removing gd32f30x_usart.o(i.usart_irda_mode_enable), (10 bytes).
    Removing gd32f30x_usart.o(i.usart_lin_break_detection_length_config), (20 bytes).
    Removing gd32f30x_usart.o(i.usart_lin_mode_disable), (10 bytes).
    Removing gd32f30x_usart.o(i.usart_lin_mode_enable), (10 bytes).
    Removing gd32f30x_usart.o(i.usart_mute_mode_disable), (10 bytes).
    Removing gd32f30x_usart.o(i.usart_mute_mode_enable), (10 bytes).
    Removing gd32f30x_usart.o(i.usart_mute_mode_wakeup_config), (16 bytes).
    Removing gd32f30x_usart.o(i.usart_prescaler_config), (16 bytes).
    Removing gd32f30x_usart.o(i.usart_receiver_timeout_disable), (14 bytes).
    Removing gd32f30x_usart.o(i.usart_receiver_timeout_enable), (14 bytes).
    Removing gd32f30x_usart.o(i.usart_receiver_timeout_threshold_config), (20 bytes).
    Removing gd32f30x_usart.o(i.usart_send_break), (10 bytes).
    Removing gd32f30x_usart.o(i.usart_smartcard_autoretry_config), (26 bytes).
    Removing gd32f30x_usart.o(i.usart_smartcard_mode_disable), (10 bytes).
    Removing gd32f30x_usart.o(i.usart_smartcard_mode_enable), (10 bytes).
    Removing gd32f30x_usart.o(i.usart_smartcard_mode_nack_disable), (10 bytes).
    Removing gd32f30x_usart.o(i.usart_smartcard_mode_nack_enable), (10 bytes).
    Removing gd32f30x_usart.o(i.usart_synchronous_clock_config), (34 bytes).
    Removing gd32f30x_usart.o(i.usart_synchronous_clock_disable), (10 bytes).
    Removing gd32f30x_usart.o(i.usart_synchronous_clock_enable), (10 bytes).
    Removing gd32f30x_wwdgt.o(.rev16_text), (4 bytes).
    Removing gd32f30x_wwdgt.o(.revsh_text), (4 bytes).
    Removing gd32f30x_wwdgt.o(i.wwdgt_config), (56 bytes).
    Removing gd32f30x_wwdgt.o(i.wwdgt_counter_update), (28 bytes).
    Removing gd32f30x_wwdgt.o(i.wwdgt_deinit), (20 bytes).
    Removing gd32f30x_wwdgt.o(i.wwdgt_enable), (20 bytes).
    Removing gd32f30x_wwdgt.o(i.wwdgt_flag_clear), (20 bytes).
    Removing gd32f30x_wwdgt.o(i.wwdgt_flag_get), (24 bytes).
    Removing gd32f30x_wwdgt.o(i.wwdgt_interrupt_enable), (20 bytes).
    Removing startup_gd32f30x_hd.o(HEAP), (8192 bytes).
    Removing gd32f303e_eval.o(.rev16_text), (4 bytes).
    Removing gd32f303e_eval.o(.revsh_text), (4 bytes).
    Removing gd32f303e_eval.o(i.gd_eval_com_init), (152 bytes).
    Removing gd32f303e_eval.o(i.gd_eval_key_init), (128 bytes).
    Removing gd32f303e_eval.o(i.gd_eval_key_state_get), (32 bytes).
    Removing gd32f303e_eval.o(i.gd_eval_led_toggle), (56 bytes).
    Removing uart_dma.o(.rev16_text), (4 bytes).
    Removing uart_dma.o(.revsh_text), (4 bytes).
    Removing uart_dma.o(i.UartB_Available), (4 bytes).
    Removing uart_dma.o(.data), (1 bytes).
    Removing uart_dma.o(i.UartB_read), (4 bytes).

635 unused section(s) (total 31155 bytes) removed from the image.

==============================================================================

Image Symbol Table

    Local Symbols

    Symbol Name                              Value     Ov Type        Size  Object(Section)

    ../clib/microlib/division.c              0x00000000   Number         0  ldiv.o ABSOLUTE
    ../clib/microlib/division.c              0x00000000   Number         0  uldiv.o ABSOLUTE
    ../clib/microlib/init/entry.s            0x00000000   Number         0  entry11a.o ABSOLUTE
    ../clib/microlib/init/entry.s            0x00000000   Number         0  entry2.o ABSOLUTE
    ../clib/microlib/init/entry.s            0x00000000   Number         0  entry10b.o ABSOLUTE
    ../clib/microlib/init/entry.s            0x00000000   Number         0  entry.o ABSOLUTE
    ../clib/microlib/init/entry.s            0x00000000   Number         0  entry10a.o ABSOLUTE
    ../clib/microlib/init/entry.s            0x00000000   Number         0  entry9b.o ABSOLUTE
    ../clib/microlib/init/entry.s            0x00000000   Number         0  entry9a.o ABSOLUTE
    ../clib/microlib/init/entry.s            0x00000000   Number         0  entry8b.o ABSOLUTE
    ../clib/microlib/init/entry.s            0x00000000   Number         0  entry8a.o ABSOLUTE
    ../clib/microlib/init/entry.s            0x00000000   Number         0  entry7b.o ABSOLUTE
    ../clib/microlib/init/entry.s            0x00000000   Number         0  entry7a.o ABSOLUTE
    ../clib/microlib/init/entry.s            0x00000000   Number         0  entry5.o ABSOLUTE
    ../clib/microlib/init/entry.s            0x00000000   Number         0  entry11b.o ABSOLUTE
    ../clib/microlib/longlong.c              0x00000000   Number         0  llsshr.o ABSOLUTE
    ../clib/microlib/longlong.c              0x00000000   Number         0  llshl.o ABSOLUTE
    ../clib/microlib/longlong.c              0x00000000   Number         0  llushr.o ABSOLUTE
    ../clib/microlib/stubs.s                 0x00000000   Number         0  iusefp.o ABSOLUTE
    ../fplib/microlib/d2f.c                  0x00000000   Number         0  d2f.o ABSOLUTE
    ../fplib/microlib/f2d.c                  0x00000000   Number         0  f2d.o ABSOLUTE
    ../fplib/microlib/fpepilogue.c           0x00000000   Number         0  fepilogue.o ABSOLUTE
    ../mathlib/fabs.c                        0x00000000   Number         0  fabs.o ABSOLUTE
    ..\..\Firmware\CMSIS\GD\GD32F30x\Source\ARM\startup_gd32f30x_hd.s 0x00000000   Number         0  startup_gd32f30x_hd.o ABSOLUTE
    ..\..\Firmware\CMSIS\GD\GD32F30x\Source\system_gd32f30x.c 0x00000000   Number         0  system_gd32f30x.o ABSOLUTE
    ..\..\Firmware\GD32F30x_standard_peripheral\Source\gd32f30x_adc.c 0x00000000   Number         0  gd32f30x_adc.o ABSOLUTE
    ..\..\Firmware\GD32F30x_standard_peripheral\Source\gd32f30x_bkp.c 0x00000000   Number         0  gd32f30x_bkp.o ABSOLUTE
    ..\..\Firmware\GD32F30x_standard_peripheral\Source\gd32f30x_can.c 0x00000000   Number         0  gd32f30x_can.o ABSOLUTE
    ..\..\Firmware\GD32F30x_standard_peripheral\Source\gd32f30x_crc.c 0x00000000   Number         0  gd32f30x_crc.o ABSOLUTE
    ..\..\Firmware\GD32F30x_standard_peripheral\Source\gd32f30x_ctc.c 0x00000000   Number         0  gd32f30x_ctc.o ABSOLUTE
    ..\..\Firmware\GD32F30x_standard_peripheral\Source\gd32f30x_dac.c 0x00000000   Number         0  gd32f30x_dac.o ABSOLUTE
    ..\..\Firmware\GD32F30x_standard_peripheral\Source\gd32f30x_dbg.c 0x00000000   Number         0  gd32f30x_dbg.o ABSOLUTE
    ..\..\Firmware\GD32F30x_standard_peripheral\Source\gd32f30x_dma.c 0x00000000   Number         0  gd32f30x_dma.o ABSOLUTE
    ..\..\Firmware\GD32F30x_standard_peripheral\Source\gd32f30x_enet.c 0x00000000   Number         0  gd32f30x_enet.o ABSOLUTE
    ..\..\Firmware\GD32F30x_standard_peripheral\Source\gd32f30x_exmc.c 0x00000000   Number         0  gd32f30x_exmc.o ABSOLUTE
    ..\..\Firmware\GD32F30x_standard_peripheral\Source\gd32f30x_exti.c 0x00000000   Number         0  gd32f30x_exti.o ABSOLUTE
    ..\..\Firmware\GD32F30x_standard_peripheral\Source\gd32f30x_fmc.c 0x00000000   Number         0  gd32f30x_fmc.o ABSOLUTE
    ..\..\Firmware\GD32F30x_standard_peripheral\Source\gd32f30x_fwdgt.c 0x00000000   Number         0  gd32f30x_fwdgt.o ABSOLUTE
    ..\..\Firmware\GD32F30x_standard_peripheral\Source\gd32f30x_gpio.c 0x00000000   Number         0  gd32f30x_gpio.o ABSOLUTE
    ..\..\Firmware\GD32F30x_standard_peripheral\Source\gd32f30x_i2c.c 0x00000000   Number         0  gd32f30x_i2c.o ABSOLUTE
    ..\..\Firmware\GD32F30x_standard_peripheral\Source\gd32f30x_misc.c 0x00000000   Number         0  gd32f30x_misc.o ABSOLUTE
    ..\..\Firmware\GD32F30x_standard_peripheral\Source\gd32f30x_pmu.c 0x00000000   Number         0  gd32f30x_pmu.o ABSOLUTE
    ..\..\Firmware\GD32F30x_standard_peripheral\Source\gd32f30x_rcu.c 0x00000000   Number         0  gd32f30x_rcu.o ABSOLUTE
    ..\..\Firmware\GD32F30x_standard_peripheral\Source\gd32f30x_rtc.c 0x00000000   Number         0  gd32f30x_rtc.o ABSOLUTE
    ..\..\Firmware\GD32F30x_standard_peripheral\Source\gd32f30x_sdio.c 0x00000000   Number         0  gd32f30x_sdio.o ABSOLUTE
    ..\..\Firmware\GD32F30x_standard_peripheral\Source\gd32f30x_spi.c 0x00000000   Number         0  gd32f30x_spi.o ABSOLUTE
    ..\..\Firmware\GD32F30x_standard_peripheral\Source\gd32f30x_timer.c 0x00000000   Number         0  gd32f30x_timer.o ABSOLUTE
    ..\..\Firmware\GD32F30x_standard_peripheral\Source\gd32f30x_usart.c 0x00000000   Number         0  gd32f30x_usart.o ABSOLUTE
    ..\..\Firmware\GD32F30x_standard_peripheral\Source\gd32f30x_wwdgt.c 0x00000000   Number         0  gd32f30x_wwdgt.o ABSOLUTE
    ..\..\Utilities\gd32f303e_eval.c         0x00000000   Number         0  gd32f303e_eval.o ABSOLUTE
    ..\..\hardware\ADC_DMA\ADC_DMA.c         0x00000000   Number         0  adc_dma.o ABSOLUTE
    ..\..\hardware\UART_DMA\UART_DMA.c       0x00000000   Number         0  uart_dma.o ABSOLUTE
    ..\\..\\Firmware\\CMSIS\\GD\\GD32F30x\\Source\\system_gd32f30x.c 0x00000000   Number         0  system_gd32f30x.o ABSOLUTE
    ..\\..\\Firmware\\GD32F30x_standard_peripheral\\Source\\gd32f30x_adc.c 0x00000000   Number         0  gd32f30x_adc.o ABSOLUTE
    ..\\..\\Firmware\\GD32F30x_standard_peripheral\\Source\\gd32f30x_bkp.c 0x00000000   Number         0  gd32f30x_bkp.o ABSOLUTE
    ..\\..\\Firmware\\GD32F30x_standard_peripheral\\Source\\gd32f30x_can.c 0x00000000   Number         0  gd32f30x_can.o ABSOLUTE
    ..\\..\\Firmware\\GD32F30x_standard_peripheral\\Source\\gd32f30x_crc.c 0x00000000   Number         0  gd32f30x_crc.o ABSOLUTE
    ..\\..\\Firmware\\GD32F30x_standard_peripheral\\Source\\gd32f30x_ctc.c 0x00000000   Number         0  gd32f30x_ctc.o ABSOLUTE
    ..\\..\\Firmware\\GD32F30x_standard_peripheral\\Source\\gd32f30x_dac.c 0x00000000   Number         0  gd32f30x_dac.o ABSOLUTE
    ..\\..\\Firmware\\GD32F30x_standard_peripheral\\Source\\gd32f30x_dbg.c 0x00000000   Number         0  gd32f30x_dbg.o ABSOLUTE
    ..\\..\\Firmware\\GD32F30x_standard_peripheral\\Source\\gd32f30x_dma.c 0x00000000   Number         0  gd32f30x_dma.o ABSOLUTE
    ..\\..\\Firmware\\GD32F30x_standard_peripheral\\Source\\gd32f30x_enet.c 0x00000000   Number         0  gd32f30x_enet.o ABSOLUTE
    ..\\..\\Firmware\\GD32F30x_standard_peripheral\\Source\\gd32f30x_exmc.c 0x00000000   Number         0  gd32f30x_exmc.o ABSOLUTE
    ..\\..\\Firmware\\GD32F30x_standard_peripheral\\Source\\gd32f30x_exti.c 0x00000000   Number         0  gd32f30x_exti.o ABSOLUTE
    ..\\..\\Firmware\\GD32F30x_standard_peripheral\\Source\\gd32f30x_fmc.c 0x00000000   Number         0  gd32f30x_fmc.o ABSOLUTE
    ..\\..\\Firmware\\GD32F30x_standard_peripheral\\Source\\gd32f30x_fwdgt.c 0x00000000   Number         0  gd32f30x_fwdgt.o ABSOLUTE
    ..\\..\\Firmware\\GD32F30x_standard_peripheral\\Source\\gd32f30x_gpio.c 0x00000000   Number         0  gd32f30x_gpio.o ABSOLUTE
    ..\\..\\Firmware\\GD32F30x_standard_peripheral\\Source\\gd32f30x_i2c.c 0x00000000   Number         0  gd32f30x_i2c.o ABSOLUTE
    ..\\..\\Firmware\\GD32F30x_standard_peripheral\\Source\\gd32f30x_misc.c 0x00000000   Number         0  gd32f30x_misc.o ABSOLUTE
    ..\\..\\Firmware\\GD32F30x_standard_peripheral\\Source\\gd32f30x_pmu.c 0x00000000   Number         0  gd32f30x_pmu.o ABSOLUTE
    ..\\..\\Firmware\\GD32F30x_standard_peripheral\\Source\\gd32f30x_rcu.c 0x00000000   Number         0  gd32f30x_rcu.o ABSOLUTE
    ..\\..\\Firmware\\GD32F30x_standard_peripheral\\Source\\gd32f30x_rtc.c 0x00000000   Number         0  gd32f30x_rtc.o ABSOLUTE
    ..\\..\\Firmware\\GD32F30x_standard_peripheral\\Source\\gd32f30x_sdio.c 0x00000000   Number         0  gd32f30x_sdio.o ABSOLUTE
    ..\\..\\Firmware\\GD32F30x_standard_peripheral\\Source\\gd32f30x_spi.c 0x00000000   Number         0  gd32f30x_spi.o ABSOLUTE
    ..\\..\\Firmware\\GD32F30x_standard_peripheral\\Source\\gd32f30x_timer.c 0x00000000   Number         0  gd32f30x_timer.o ABSOLUTE
    ..\\..\\Firmware\\GD32F30x_standard_peripheral\\Source\\gd32f30x_usart.c 0x00000000   Number         0  gd32f30x_usart.o ABSOLUTE
    ..\\..\\Firmware\\GD32F30x_standard_peripheral\\Source\\gd32f30x_wwdgt.c 0x00000000   Number         0  gd32f30x_wwdgt.o ABSOLUTE
    ..\\..\\Utilities\\gd32f303e_eval.c      0x00000000   Number         0  gd32f303e_eval.o ABSOLUTE
    ..\\..\\hardware\\UART_DMA\\UART_DMA.c   0x00000000   Number         0  uart_dma.o ABSOLUTE
    ..\\gd32f30x_it.c                        0x00000000   Number         0  gd32f30x_it.o ABSOLUTE
    ..\\main.c                               0x00000000   Number         0  main.o ABSOLUTE
    ..\\systick.c                            0x00000000   Number         0  systick.o ABSOLUTE
    ..\gd32f30x_it.c                         0x00000000   Number         0  gd32f30x_it.o ABSOLUTE
    ..\main.c                                0x00000000   Number         0  main.o ABSOLUTE
    ..\systick.c                             0x00000000   Number         0  systick.o ABSOLUTE
    dc.s                                     0x00000000   Number         0  dc.o ABSOLUTE
    handlers.s                               0x00000000   Number         0  handlers.o ABSOLUTE
    init.s                                   0x00000000   Number         0  init.o ABSOLUTE
    RESET                                    0x08000000   Section      304  startup_gd32f30x_hd.o(RESET)
    .ARM.Collect$$$$00000000                 0x08000130   Section        0  entry.o(.ARM.Collect$$$$00000000)
    .ARM.Collect$$$$00000001                 0x08000130   Section        4  entry2.o(.ARM.Collect$$$$00000001)
    .ARM.Collect$$$$00000004                 0x08000134   Section        4  entry5.o(.ARM.Collect$$$$00000004)
    .ARM.Collect$$$$00000008                 0x08000138   Section        0  entry7b.o(.ARM.Collect$$$$00000008)
    .ARM.Collect$$$$0000000A                 0x08000138   Section        0  entry8b.o(.ARM.Collect$$$$0000000A)
    .ARM.Collect$$$$0000000B                 0x08000138   Section        8  entry9a.o(.ARM.Collect$$$$0000000B)
    .ARM.Collect$$$$0000000D                 0x08000140   Section        0  entry10a.o(.ARM.Collect$$$$0000000D)
    .ARM.Collect$$$$0000000F                 0x08000140   Section        0  entry11a.o(.ARM.Collect$$$$0000000F)
    .ARM.Collect$$$$00002712                 0x08000140   Section        4  entry2.o(.ARM.Collect$$$$00002712)
    __lit__00000000                          0x08000140   Data           4  entry2.o(.ARM.Collect$$$$00002712)
    .text                                    0x08000144   Section       36  startup_gd32f30x_hd.o(.text)
    $v0                                      0x08000144   Number         0  startup_gd32f30x_hd.o(.text)
    .text                                    0x08000168   Section        0  ldiv.o(.text)
    .text                                    0x080001ca   Section        0  llsshr.o(.text)
    .text                                    0x080001ee   Section        0  f2d.o(.text)
    .text                                    0x08000214   Section        0  d2f.o(.text)
    .text                                    0x0800024c   Section        0  uldiv.o(.text)
    .text                                    0x080002ae   Section        0  fepilogue.o(.text)
    .text                                    0x080002ae   Section        0  iusefp.o(.text)
    .text                                    0x0800031c   Section       36  init.o(.text)
    .text                                    0x08000340   Section        0  llshl.o(.text)
    .text                                    0x0800035e   Section        0  llushr.o(.text)
    i.BusFault_Handler                       0x0800037e   Section        0  gd32f30x_it.o(i.BusFault_Handler)
    i.DMA0_Channel1_IRQHandler               0x08000384   Section        0  uart_dma.o(i.DMA0_Channel1_IRQHandler)
    i.DMA0_Channel3_IRQHandler               0x08000414   Section        0  uart_dma.o(i.DMA0_Channel3_IRQHandler)
    i.DMA_SendEn                             0x080004bc   Section        0  uart_dma.o(i.DMA_SendEn)
    i.DMAbufInit                             0x080004f0   Section        0  uart_dma.o(i.DMAbufInit)
    i.DebugMon_Handler                       0x08000538   Section        0  gd32f30x_it.o(i.DebugMon_Handler)
    i.HardFault_Handler                      0x0800053a   Section        0  gd32f30x_it.o(i.HardFault_Handler)
    i.MemManage_Handler                      0x0800053e   Section        0  gd32f30x_it.o(i.MemManage_Handler)
    i.NMI_Handler                            0x08000542   Section        0  gd32f30x_it.o(i.NMI_Handler)
    i.NVIC_SetPriority                       0x08000544   Section        0  systick.o(i.NVIC_SetPriority)
    NVIC_SetPriority                         0x08000545   Thumb Code    32  systick.o(i.NVIC_SetPriority)
    i.PendSV_Handler                         0x0800056c   Section        0  gd32f30x_it.o(i.PendSV_Handler)
    i.SVC_Handler                            0x0800056e   Section        0  gd32f30x_it.o(i.SVC_Handler)
    i.SysTick_Handler                        0x08000570   Section        0  gd32f30x_it.o(i.SysTick_Handler)
    i.SystemInit                             0x0800057c   Section        0  system_gd32f30x.o(i.SystemInit)
    i.UAprintf                               0x080005cc   Section        0  uart_dma.o(i.UAprintf)
    i.UCprintf                               0x080005e8   Section        0  uart_dma.o(i.UCprintf)
    i.UartA_Available                        0x08000604   Section        0  uart_dma.o(i.UartA_Available)
    i.UartA_DmaInitial                       0x08000648   Section        0  uart_dma.o(i.UartA_DmaInitial)
    i.UartA_read                             0x08000744   Section        0  uart_dma.o(i.UartA_read)
    i.UartA_write                            0x08000770   Section        0  uart_dma.o(i.UartA_write)
    i.UartB_write                            0x08000828   Section        0  uart_dma.o(i.UartB_write)
    i.UartC_Available                        0x0800082c   Section        0  uart_dma.o(i.UartC_Available)
    i.UartC_DmaInitial                       0x08000870   Section        0  uart_dma.o(i.UartC_DmaInitial)
    i.UartC_read                             0x0800096c   Section        0  uart_dma.o(i.UartC_read)
    i.UartC_write                            0x08000998   Section        0  uart_dma.o(i.UartC_write)
    i.UsageFault_Handler                     0x08000a50   Section        0  gd32f30x_it.o(i.UsageFault_Handler)
    i.__scatterload_copy                     0x08000a54   Section       14  handlers.o(i.__scatterload_copy)
    i.__scatterload_null                     0x08000a62   Section        2  handlers.o(i.__scatterload_null)
    i.__scatterload_zeroinit                 0x08000a64   Section       14  handlers.o(i.__scatterload_zeroinit)
    i.con_strnlen                            0x08000a72   Section        0  uart_dma.o(i.con_strnlen)
    i.delay_1ms                              0x08000a8c   Section        0  systick.o(i.delay_1ms)
    i.delay_decrement                        0x08000aa0   Section        0  systick.o(i.delay_decrement)
    i.dma_channel_disable                    0x08000ab8   Section        0  gd32f30x_dma.o(i.dma_channel_disable)
    i.dma_channel_enable                     0x08000aea   Section        0  gd32f30x_dma.o(i.dma_channel_enable)
    i.dma_circulation_disable                0x08000b1c   Section        0  gd32f30x_dma.o(i.dma_circulation_disable)
    i.dma_circulation_enable                 0x08000b4e   Section        0  gd32f30x_dma.o(i.dma_circulation_enable)
    i.dma_deinit                             0x08000b80   Section        0  gd32f30x_dma.o(i.dma_deinit)
    i.dma_init                               0x08000bf0   Section        0  gd32f30x_dma.o(i.dma_init)
    i.dma_interrupt_enable                   0x08000d1e   Section        0  gd32f30x_dma.o(i.dma_interrupt_enable)
    i.dma_interrupt_flag_clear               0x08000d50   Section        0  gd32f30x_dma.o(i.dma_interrupt_flag_clear)
    i.dma_interrupt_flag_get                 0x08000d60   Section        0  gd32f30x_dma.o(i.dma_interrupt_flag_get)
    i.dma_memory_to_memory_disable           0x08000de2   Section        0  gd32f30x_dma.o(i.dma_memory_to_memory_disable)
    i.dma_periph_and_channel_check           0x08000e14   Section        0  gd32f30x_dma.o(i.dma_periph_and_channel_check)
    dma_periph_and_channel_check             0x08000e15   Thumb Code    18  gd32f30x_dma.o(i.dma_periph_and_channel_check)
    i.dma_transfer_number_get                0x08000e2c   Section        0  gd32f30x_dma.o(i.dma_transfer_number_get)
    i.fabs                                   0x08000e4e   Section        0  fabs.o(i.fabs)
    i.ftoa_engine                            0x08000e68   Section        0  uart_dma.o(i.ftoa_engine)
    i.gd_eval_led_init                       0x08001090   Section        0  gd32f303e_eval.o(i.gd_eval_led_init)
    i.gd_eval_led_off                        0x080010d0   Section        0  gd32f303e_eval.o(i.gd_eval_led_off)
    i.gd_eval_led_on                         0x080010e8   Section        0  gd32f303e_eval.o(i.gd_eval_led_on)
    i.gpio_init                              0x08001100   Section        0  gd32f30x_gpio.o(i.gpio_init)
    i.led_spark                              0x080011bc   Section        0  main.o(i.led_spark)
    i.main                                   0x080011f8   Section        0  main.o(i.main)
    i.nvic_config                            0x08001324   Section        0  main.o(i.nvic_config)
    i.nvic_irq_enable                        0x0800133c   Section        0  gd32f30x_misc.o(i.nvic_irq_enable)
    i.nvic_priority_group_set                0x08001400   Section        0  gd32f30x_misc.o(i.nvic_priority_group_set)
    i.print_vprintf                          0x08001414   Section        0  uart_dma.o(i.print_vprintf)
    i.rcu_clock_freq_get                     0x08001c2c   Section        0  gd32f30x_rcu.o(i.rcu_clock_freq_get)
    i.rcu_periph_clock_enable                0x08001d84   Section        0  gd32f30x_rcu.o(i.rcu_periph_clock_enable)
    i.system_clock_120m_hxtal                0x08001da4   Section        0  system_gd32f30x.o(i.system_clock_120m_hxtal)
    system_clock_120m_hxtal                  0x08001da5   Thumb Code   258  system_gd32f30x.o(i.system_clock_120m_hxtal)
    i.system_clock_config                    0x08001eb8   Section        0  system_gd32f30x.o(i.system_clock_config)
    system_clock_config                      0x08001eb9   Thumb Code     8  system_gd32f30x.o(i.system_clock_config)
    i.systick_config                         0x08001ec0   Section        0  systick.o(i.systick_config)
    i.ultoa_invert                           0x08001f10   Section        0  uart_dma.o(i.ultoa_invert)
    i.usartAC_config                         0x08001fd0   Section        0  uart_dma.o(i.usartAC_config)
    i.usart_baudrate_set                     0x08002090   Section        0  gd32f30x_usart.o(i.usart_baudrate_set)
    i.usart_dma_receive_config               0x08002120   Section        0  gd32f30x_usart.o(i.usart_dma_receive_config)
    i.usart_dma_transmit_config              0x08002130   Section        0  gd32f30x_usart.o(i.usart_dma_transmit_config)
    i.usart_enable                           0x08002140   Section        0  gd32f30x_usart.o(i.usart_enable)
    i.usart_parity_config                    0x0800214a   Section        0  gd32f30x_usart.o(i.usart_parity_config)
    i.usart_receive_config                   0x0800215a   Section        0  gd32f30x_usart.o(i.usart_receive_config)
    i.usart_stop_bit_set                     0x0800216a   Section        0  gd32f30x_usart.o(i.usart_stop_bit_set)
    i.usart_transmit_config                  0x0800217a   Section        0  gd32f30x_usart.o(i.usart_transmit_config)
    i.usart_word_length_set                  0x0800218a   Section        0  gd32f30x_usart.o(i.usart_word_length_set)
    i.writeOneByte2Buffer                    0x0800219a   Section        0  uart_dma.o(i.writeOneByte2Buffer)
    .constdata                               0x080021b4   Section      160  uart_dma.o(.constdata)
    exponentTable                            0x080021b4   Data          32  uart_dma.o(.constdata)
    factorTable                              0x080021d4   Data         128  uart_dma.o(.constdata)
    .data                                    0x20000000   Section        4  main.o(.data)
    timingdelaylocal                         0x20000000   Data           4  main.o(.data)
    .data                                    0x20000004   Section        4  systick.o(.data)
    delay                                    0x20000004   Data           4  systick.o(.data)
    .data                                    0x20000008   Section        4  system_gd32f30x.o(.data)
    .data                                    0x2000000c   Section      140  gd32f303e_eval.o(.data)
    GPIO_PORT                                0x2000000c   Data          16  gd32f303e_eval.o(.data)
    GPIO_PIN                                 0x2000001c   Data          16  gd32f303e_eval.o(.data)
    COM_CLK                                  0x2000002c   Data           4  gd32f303e_eval.o(.data)
    COM_TX_PIN                               0x20000030   Data           8  gd32f303e_eval.o(.data)
    COM_RX_PIN                               0x20000038   Data           8  gd32f303e_eval.o(.data)
    COM_GPIO_PORT                            0x20000040   Data           8  gd32f303e_eval.o(.data)
    COM_GPIO_CLK                             0x20000048   Data           4  gd32f303e_eval.o(.data)
    GPIO_CLK                                 0x2000004c   Data           8  gd32f303e_eval.o(.data)
    KEY_PORT                                 0x20000054   Data          16  gd32f303e_eval.o(.data)
    KEY_PIN                                  0x20000064   Data          16  gd32f303e_eval.o(.data)
    KEY_CLK                                  0x20000074   Data           8  gd32f303e_eval.o(.data)
    KEY_EXTI_LINE                            0x2000007c   Data          16  gd32f303e_eval.o(.data)
    KEY_PORT_SOURCE                          0x2000008c   Data           4  gd32f303e_eval.o(.data)
    KEY_PIN_SOURCE                           0x20000090   Data           4  gd32f303e_eval.o(.data)
    KEY_IRQn                                 0x20000094   Data           4  gd32f303e_eval.o(.data)
    .bss                                     0x20000098   Section     4192  uart_dma.o(.bss)
    STACK                                    0x200010f8   Section     8192  startup_gd32f30x_hd.o(STACK)

    Global Symbols

    Symbol Name                              Value     Ov Type        Size  Object(Section)

    BuildAttributes$$THM_ISAv4$E$P$D$K$B$S$7EM$VFPi3$EXTD16$VFPS$VFMA$PE$A:L22UL41UL21$X:L11$S22US41US21$IEEE1$IW$USESV6$~STKCKD$USESV7$~SHL$OTIME$ROPI$IEEEJ$EBA8$MICROLIB$REQ8$PRES8$EABIv2 0x00000000   Number         0  anon$$obj.o ABSOLUTE
    __ARM_use_no_argv                        0x00000000   Number         0  main.o ABSOLUTE
    __cpp_initialize__aeabi_                  - Undefined Weak Reference
    __cxa_finalize                            - Undefined Weak Reference
    __decompress                              - Undefined Weak Reference
    _clock_init                               - Undefined Weak Reference
    _microlib_exit                            - Undefined Weak Reference
    __Vectors_Size                           0x00000130   Number         0  startup_gd32f30x_hd.o ABSOLUTE
    __Vectors                                0x08000000   Data           4  startup_gd32f30x_hd.o(RESET)
    __Vectors_End                            0x08000130   Data           0  startup_gd32f30x_hd.o(RESET)
    __main                                   0x08000131   Thumb Code     0  entry.o(.ARM.Collect$$$$00000000)
    _main_stk                                0x08000131   Thumb Code     0  entry2.o(.ARM.Collect$$$$00000001)
    _main_scatterload                        0x08000135   Thumb Code     0  entry5.o(.ARM.Collect$$$$00000004)
    __main_after_scatterload                 0x08000139   Thumb Code     0  entry5.o(.ARM.Collect$$$$00000004)
    _main_clock                              0x08000139   Thumb Code     0  entry7b.o(.ARM.Collect$$$$00000008)
    _main_cpp_init                           0x08000139   Thumb Code     0  entry8b.o(.ARM.Collect$$$$0000000A)
    _main_init                               0x08000139   Thumb Code     0  entry9a.o(.ARM.Collect$$$$0000000B)
    __rt_final_cpp                           0x08000141   Thumb Code     0  entry10a.o(.ARM.Collect$$$$0000000D)
    __rt_final_exit                          0x08000141   Thumb Code     0  entry11a.o(.ARM.Collect$$$$0000000F)
    Reset_Handler                            0x08000145   Thumb Code     8  startup_gd32f30x_hd.o(.text)
    ADC0_1_IRQHandler                        0x0800015f   Thumb Code     0  startup_gd32f30x_hd.o(.text)
    ADC2_IRQHandler                          0x0800015f   Thumb Code     0  startup_gd32f30x_hd.o(.text)
    CAN0_EWMC_IRQHandler                     0x0800015f   Thumb Code     0  startup_gd32f30x_hd.o(.text)
    CAN0_RX1_IRQHandler                      0x0800015f   Thumb Code     0  startup_gd32f30x_hd.o(.text)
    DMA0_Channel0_IRQHandler                 0x0800015f   Thumb Code     0  startup_gd32f30x_hd.o(.text)
    DMA0_Channel2_IRQHandler                 0x0800015f   Thumb Code     0  startup_gd32f30x_hd.o(.text)
    DMA0_Channel4_IRQHandler                 0x0800015f   Thumb Code     0  startup_gd32f30x_hd.o(.text)
    DMA0_Channel5_IRQHandler                 0x0800015f   Thumb Code     0  startup_gd32f30x_hd.o(.text)
    DMA0_Channel6_IRQHandler                 0x0800015f   Thumb Code     0  startup_gd32f30x_hd.o(.text)
    DMA1_Channel0_IRQHandler                 0x0800015f   Thumb Code     0  startup_gd32f30x_hd.o(.text)
    DMA1_Channel1_IRQHandler                 0x0800015f   Thumb Code     0  startup_gd32f30x_hd.o(.text)
    DMA1_Channel2_IRQHandler                 0x0800015f   Thumb Code     0  startup_gd32f30x_hd.o(.text)
    DMA1_Channel3_4_IRQHandler               0x0800015f   Thumb Code     0  startup_gd32f30x_hd.o(.text)
    EXMC_IRQHandler                          0x0800015f   Thumb Code     0  startup_gd32f30x_hd.o(.text)
    EXTI0_IRQHandler                         0x0800015f   Thumb Code     0  startup_gd32f30x_hd.o(.text)
    EXTI10_15_IRQHandler                     0x0800015f   Thumb Code     0  startup_gd32f30x_hd.o(.text)
    EXTI1_IRQHandler                         0x0800015f   Thumb Code     0  startup_gd32f30x_hd.o(.text)
    EXTI2_IRQHandler                         0x0800015f   Thumb Code     0  startup_gd32f30x_hd.o(.text)
    EXTI3_IRQHandler                         0x0800015f   Thumb Code     0  startup_gd32f30x_hd.o(.text)
    EXTI4_IRQHandler                         0x0800015f   Thumb Code     0  startup_gd32f30x_hd.o(.text)
    EXTI5_9_IRQHandler                       0x0800015f   Thumb Code     0  startup_gd32f30x_hd.o(.text)
    FMC_IRQHandler                           0x0800015f   Thumb Code     0  startup_gd32f30x_hd.o(.text)
    I2C0_ER_IRQHandler                       0x0800015f   Thumb Code     0  startup_gd32f30x_hd.o(.text)
    I2C0_EV_IRQHandler                       0x0800015f   Thumb Code     0  startup_gd32f30x_hd.o(.text)
    I2C1_ER_IRQHandler                       0x0800015f   Thumb Code     0  startup_gd32f30x_hd.o(.text)
    I2C1_EV_IRQHandler                       0x0800015f   Thumb Code     0  startup_gd32f30x_hd.o(.text)
    LVD_IRQHandler                           0x0800015f   Thumb Code     0  startup_gd32f30x_hd.o(.text)
    RCU_CTC_IRQHandler                       0x0800015f   Thumb Code     0  startup_gd32f30x_hd.o(.text)
    RTC_Alarm_IRQHandler                     0x0800015f   Thumb Code     0  startup_gd32f30x_hd.o(.text)
    RTC_IRQHandler                           0x0800015f   Thumb Code     0  startup_gd32f30x_hd.o(.text)
    SDIO_IRQHandler                          0x0800015f   Thumb Code     0  startup_gd32f30x_hd.o(.text)
    SPI0_IRQHandler                          0x0800015f   Thumb Code     0  startup_gd32f30x_hd.o(.text)
    SPI1_IRQHandler                          0x0800015f   Thumb Code     0  startup_gd32f30x_hd.o(.text)
    SPI2_IRQHandler                          0x0800015f   Thumb Code     0  startup_gd32f30x_hd.o(.text)
    TAMPER_IRQHandler                        0x0800015f   Thumb Code     0  startup_gd32f30x_hd.o(.text)
    TIMER0_BRK_IRQHandler                    0x0800015f   Thumb Code     0  startup_gd32f30x_hd.o(.text)
    TIMER0_Channel_IRQHandler                0x0800015f   Thumb Code     0  startup_gd32f30x_hd.o(.text)
    TIMER0_TRG_CMT_IRQHandler                0x0800015f   Thumb Code     0  startup_gd32f30x_hd.o(.text)
    TIMER0_UP_IRQHandler                     0x0800015f   Thumb Code     0  startup_gd32f30x_hd.o(.text)
    TIMER1_IRQHandler                        0x0800015f   Thumb Code     0  startup_gd32f30x_hd.o(.text)
    TIMER2_IRQHandler                        0x0800015f   Thumb Code     0  startup_gd32f30x_hd.o(.text)
    TIMER3_IRQHandler                        0x0800015f   Thumb Code     0  startup_gd32f30x_hd.o(.text)
    TIMER4_IRQHandler                        0x0800015f   Thumb Code     0  startup_gd32f30x_hd.o(.text)
    TIMER5_IRQHandler                        0x0800015f   Thumb Code     0  startup_gd32f30x_hd.o(.text)
    TIMER6_IRQHandler                        0x0800015f   Thumb Code     0  startup_gd32f30x_hd.o(.text)
    TIMER7_BRK_IRQHandler                    0x0800015f   Thumb Code     0  startup_gd32f30x_hd.o(.text)
    TIMER7_Channel_IRQHandler                0x0800015f   Thumb Code     0  startup_gd32f30x_hd.o(.text)
    TIMER7_TRG_CMT_IRQHandler                0x0800015f   Thumb Code     0  startup_gd32f30x_hd.o(.text)
    TIMER7_UP_IRQHandler                     0x0800015f   Thumb Code     0  startup_gd32f30x_hd.o(.text)
    UART3_IRQHandler                         0x0800015f   Thumb Code     0  startup_gd32f30x_hd.o(.text)
    UART4_IRQHandler                         0x0800015f   Thumb Code     0  startup_gd32f30x_hd.o(.text)
    USART0_IRQHandler                        0x0800015f   Thumb Code     0  startup_gd32f30x_hd.o(.text)
    USART1_IRQHandler                        0x0800015f   Thumb Code     0  startup_gd32f30x_hd.o(.text)
    USART2_IRQHandler                        0x0800015f   Thumb Code     0  startup_gd32f30x_hd.o(.text)
    USBD_HP_CAN0_TX_IRQHandler               0x0800015f   Thumb Code     0  startup_gd32f30x_hd.o(.text)
    USBD_LP_CAN0_RX0_IRQHandler              0x0800015f   Thumb Code     0  startup_gd32f30x_hd.o(.text)
    USBD_WKUP_IRQHandler                     0x0800015f   Thumb Code     0  startup_gd32f30x_hd.o(.text)
    WWDGT_IRQHandler                         0x0800015f   Thumb Code     0  startup_gd32f30x_hd.o(.text)
    __aeabi_ldivmod                          0x08000169   Thumb Code    98  ldiv.o(.text)
    __aeabi_lasr                             0x080001cb   Thumb Code    36  llsshr.o(.text)
    _ll_sshift_r                             0x080001cb   Thumb Code     0  llsshr.o(.text)
    __aeabi_f2d                              0x080001ef   Thumb Code    38  f2d.o(.text)
    __aeabi_d2f                              0x08000215   Thumb Code    56  d2f.o(.text)
    __aeabi_uldivmod                         0x0800024d   Thumb Code    98  uldiv.o(.text)
    __I$use$fp                               0x080002af   Thumb Code     0  iusefp.o(.text)
    _float_round                             0x080002af   Thumb Code    18  fepilogue.o(.text)
    _float_epilogue                          0x080002c1   Thumb Code    92  fepilogue.o(.text)
    __scatterload                            0x0800031d   Thumb Code    28  init.o(.text)
    __scatterload_rt2                        0x0800031d   Thumb Code     0  init.o(.text)
    __aeabi_llsl                             0x08000341   Thumb Code    30  llshl.o(.text)
    _ll_shift_l                              0x08000341   Thumb Code     0  llshl.o(.text)
    __aeabi_llsr                             0x0800035f   Thumb Code    32  llushr.o(.text)
    _ll_ushift_r                             0x0800035f   Thumb Code     0  llushr.o(.text)
    BusFault_Handler                         0x0800037f   Thumb Code     4  gd32f30x_it.o(i.BusFault_Handler)
    DMA0_Channel1_IRQHandler                 0x08000385   Thumb Code   130  uart_dma.o(i.DMA0_Channel1_IRQHandler)
    DMA0_Channel3_IRQHandler                 0x08000415   Thumb Code   154  uart_dma.o(i.DMA0_Channel3_IRQHandler)
    DMA_SendEn                               0x080004bd   Thumb Code    52  uart_dma.o(i.DMA_SendEn)
    DMAbufInit                               0x080004f1   Thumb Code    48  uart_dma.o(i.DMAbufInit)
    DebugMon_Handler                         0x08000539   Thumb Code     2  gd32f30x_it.o(i.DebugMon_Handler)
    HardFault_Handler                        0x0800053b   Thumb Code     4  gd32f30x_it.o(i.HardFault_Handler)
    MemManage_Handler                        0x0800053f   Thumb Code     4  gd32f30x_it.o(i.MemManage_Handler)
    NMI_Handler                              0x08000543   Thumb Code     2  gd32f30x_it.o(i.NMI_Handler)
    PendSV_Handler                           0x0800056d   Thumb Code     2  gd32f30x_it.o(i.PendSV_Handler)
    SVC_Handler                              0x0800056f   Thumb Code     2  gd32f30x_it.o(i.SVC_Handler)
    SysTick_Handler                          0x08000571   Thumb Code    12  gd32f30x_it.o(i.SysTick_Handler)
    SystemInit                               0x0800057d   Thumb Code    66  system_gd32f30x.o(i.SystemInit)
    UAprintf                                 0x080005cd   Thumb Code    28  uart_dma.o(i.UAprintf)
    UCprintf                                 0x080005e9   Thumb Code    28  uart_dma.o(i.UCprintf)
    UartA_Available                          0x08000605   Thumb Code    58  uart_dma.o(i.UartA_Available)
    UartA_DmaInitial                         0x08000649   Thumb Code   230  uart_dma.o(i.UartA_DmaInitial)
    UartA_read                               0x08000745   Thumb Code    38  uart_dma.o(i.UartA_read)
    UartA_write                              0x08000771   Thumb Code   172  uart_dma.o(i.UartA_write)
    UartB_write                              0x08000829   Thumb Code     2  uart_dma.o(i.UartB_write)
    UartC_Available                          0x0800082d   Thumb Code    58  uart_dma.o(i.UartC_Available)
    UartC_DmaInitial                         0x08000871   Thumb Code   230  uart_dma.o(i.UartC_DmaInitial)
    UartC_read                               0x0800096d   Thumb Code    38  uart_dma.o(i.UartC_read)
    UartC_write                              0x08000999   Thumb Code   172  uart_dma.o(i.UartC_write)
    UsageFault_Handler                       0x08000a51   Thumb Code     4  gd32f30x_it.o(i.UsageFault_Handler)
    __scatterload_copy                       0x08000a55   Thumb Code    14  handlers.o(i.__scatterload_copy)
    __scatterload_null                       0x08000a63   Thumb Code     2  handlers.o(i.__scatterload_null)
    __scatterload_zeroinit                   0x08000a65   Thumb Code    14  handlers.o(i.__scatterload_zeroinit)
    con_strnlen                              0x08000a73   Thumb Code    26  uart_dma.o(i.con_strnlen)
    delay_1ms                                0x08000a8d   Thumb Code    16  systick.o(i.delay_1ms)
    delay_decrement                          0x08000aa1   Thumb Code    18  systick.o(i.delay_decrement)
    dma_channel_disable                      0x08000ab9   Thumb Code    50  gd32f30x_dma.o(i.dma_channel_disable)
    dma_channel_enable                       0x08000aeb   Thumb Code    50  gd32f30x_dma.o(i.dma_channel_enable)
    dma_circulation_disable                  0x08000b1d   Thumb Code    50  gd32f30x_dma.o(i.dma_circulation_disable)
    dma_circulation_enable                   0x08000b4f   Thumb Code    50  gd32f30x_dma.o(i.dma_circulation_enable)
    dma_deinit                               0x08000b81   Thumb Code   112  gd32f30x_dma.o(i.dma_deinit)
    dma_init                                 0x08000bf1   Thumb Code   302  gd32f30x_dma.o(i.dma_init)
    dma_interrupt_enable                     0x08000d1f   Thumb Code    50  gd32f30x_dma.o(i.dma_interrupt_enable)
    dma_interrupt_flag_clear                 0x08000d51   Thumb Code    16  gd32f30x_dma.o(i.dma_interrupt_flag_clear)
    dma_interrupt_flag_get                   0x08000d61   Thumb Code   130  gd32f30x_dma.o(i.dma_interrupt_flag_get)
    dma_memory_to_memory_disable             0x08000de3   Thumb Code    50  gd32f30x_dma.o(i.dma_memory_to_memory_disable)
    dma_transfer_number_get                  0x08000e2d   Thumb Code    34  gd32f30x_dma.o(i.dma_transfer_number_get)
    fabs                                     0x08000e4f   Thumb Code    24  fabs.o(i.fabs)
    ftoa_engine                              0x08000e69   Thumb Code   540  uart_dma.o(i.ftoa_engine)
    gd_eval_led_init                         0x08001091   Thumb Code    50  gd32f303e_eval.o(i.gd_eval_led_init)
    gd_eval_led_off                          0x080010d1   Thumb Code    16  gd32f303e_eval.o(i.gd_eval_led_off)
    gd_eval_led_on                           0x080010e9   Thumb Code    16  gd32f303e_eval.o(i.gd_eval_led_on)
    gpio_init                                0x08001101   Thumb Code   188  gd32f30x_gpio.o(i.gpio_init)
    led_spark                                0x080011bd   Thumb Code    54  main.o(i.led_spark)
    main                                     0x080011f9   Thumb Code   268  main.o(i.main)
    nvic_config                              0x08001325   Thumb Code    24  main.o(i.nvic_config)
    nvic_irq_enable                          0x0800133d   Thumb Code   186  gd32f30x_misc.o(i.nvic_irq_enable)
    nvic_priority_group_set                  0x08001401   Thumb Code    10  gd32f30x_misc.o(i.nvic_priority_group_set)
    print_vprintf                            0x08001415   Thumb Code  2072  uart_dma.o(i.print_vprintf)
    rcu_clock_freq_get                       0x08001c2d   Thumb Code   310  gd32f30x_rcu.o(i.rcu_clock_freq_get)
    rcu_periph_clock_enable                  0x08001d85   Thumb Code    28  gd32f30x_rcu.o(i.rcu_periph_clock_enable)
    systick_config                           0x08001ec1   Thumb Code    74  systick.o(i.systick_config)
    ultoa_invert                             0x08001f11   Thumb Code   190  uart_dma.o(i.ultoa_invert)
    usartAC_config                           0x08001fd1   Thumb Code   174  uart_dma.o(i.usartAC_config)
    usart_baudrate_set                       0x08002091   Thumb Code   136  gd32f30x_usart.o(i.usart_baudrate_set)
    usart_dma_receive_config                 0x08002121   Thumb Code    16  gd32f30x_usart.o(i.usart_dma_receive_config)
    usart_dma_transmit_config                0x08002131   Thumb Code    16  gd32f30x_usart.o(i.usart_dma_transmit_config)
    usart_enable                             0x08002141   Thumb Code    10  gd32f30x_usart.o(i.usart_enable)
    usart_parity_config                      0x0800214b   Thumb Code    16  gd32f30x_usart.o(i.usart_parity_config)
    usart_receive_config                     0x0800215b   Thumb Code    16  gd32f30x_usart.o(i.usart_receive_config)
    usart_stop_bit_set                       0x0800216b   Thumb Code    16  gd32f30x_usart.o(i.usart_stop_bit_set)
    usart_transmit_config                    0x0800217b   Thumb Code    16  gd32f30x_usart.o(i.usart_transmit_config)
    usart_word_length_set                    0x0800218b   Thumb Code    16  gd32f30x_usart.o(i.usart_word_length_set)
    writeOneByte2Buffer                      0x0800219b   Thumb Code    24  uart_dma.o(i.writeOneByte2Buffer)
    Region$$Table$$Base                      0x08002254   Number         0  anon$$obj.o(Region$$Table)
    Region$$Table$$Limit                     0x08002274   Number         0  anon$$obj.o(Region$$Table)
    SystemCoreClock                          0x20000008   Data           4  system_gd32f30x.o(.data)
    Uart1DMAbuf                              0x20000098   Data          20  uart_dma.o(.bss)
    Uart2DMAbuf                              0x200000ac   Data          20  uart_dma.o(.bss)
    DMA_CH1_Tx_InitStruc                     0x200000c0   Data          28  uart_dma.o(.bss)
    DMA_CH2_Tx_InitStruc                     0x200000dc   Data          28  uart_dma.o(.bss)
    Com1RX                                   0x200000f8   Data        1024  uart_dma.o(.bss)
    Com1TX                                   0x200004f8   Data        1024  uart_dma.o(.bss)
    Com2RX                                   0x200008f8   Data        1024  uart_dma.o(.bss)
    Com2TX                                   0x20000cf8   Data        1024  uart_dma.o(.bss)
    __initial_sp                             0x200030f8   Data           0  startup_gd32f30x_hd.o(STACK)



==============================================================================

Memory Map of the image

  Image Entry point : 0x08000131

  Load Region LR_IROM1 (Base: 0x08000000, Size: 0x0000230c, Max: 0x00080000, ABSOLUTE)

    Execution Region ER_IROM1 (Base: 0x08000000, Size: 0x00002274, Max: 0x00080000, ABSOLUTE)

    Base Addr    Size         Type   Attr      Idx    E Section Name        Object

    0x08000000   0x00000130   Data   RO         4365    RESET               startup_gd32f30x_hd.o
    0x08000130   0x00000000   Code   RO         4601  * .ARM.Collect$$$$00000000  mc_w.l(entry.o)
    0x08000130   0x00000004   Code   RO         4612    .ARM.Collect$$$$00000001  mc_w.l(entry2.o)
    0x08000134   0x00000004   Code   RO         4615    .ARM.Collect$$$$00000004  mc_w.l(entry5.o)
    0x08000138   0x00000000   Code   RO         4617    .ARM.Collect$$$$00000008  mc_w.l(entry7b.o)
    0x08000138   0x00000000   Code   RO         4619    .ARM.Collect$$$$0000000A  mc_w.l(entry8b.o)
    0x08000138   0x00000008   Code   RO         4620    .ARM.Collect$$$$0000000B  mc_w.l(entry9a.o)
    0x08000140   0x00000000   Code   RO         4622    .ARM.Collect$$$$0000000D  mc_w.l(entry10a.o)
    0x08000140   0x00000000   Code   RO         4624    .ARM.Collect$$$$0000000F  mc_w.l(entry11a.o)
    0x08000140   0x00000004   Code   RO         4613    .ARM.Collect$$$$00002712  mc_w.l(entry2.o)
    0x08000144   0x00000024   Code   RO         4366    .text               startup_gd32f30x_hd.o
    0x08000168   0x00000062   Code   RO         4604    .text               mc_w.l(ldiv.o)
    0x080001ca   0x00000024   Code   RO         4606    .text               mc_w.l(llsshr.o)
    0x080001ee   0x00000026   Code   RO         4608    .text               mf_w.l(f2d.o)
    0x08000214   0x00000038   Code   RO         4610    .text               mf_w.l(d2f.o)
    0x0800024c   0x00000062   Code   RO         4626    .text               mc_w.l(uldiv.o)
    0x080002ae   0x00000000   Code   RO         4628    .text               mc_w.l(iusefp.o)
    0x080002ae   0x0000006e   Code   RO         4629    .text               mf_w.l(fepilogue.o)
    0x0800031c   0x00000024   Code   RO         4631    .text               mc_w.l(init.o)
    0x08000340   0x0000001e   Code   RO         4633    .text               mc_w.l(llshl.o)
    0x0800035e   0x00000020   Code   RO         4635    .text               mc_w.l(llushr.o)
    0x0800037e   0x00000004   Code   RO            3    i.BusFault_Handler  gd32f30x_it.o
    0x08000382   0x00000002   PAD
    0x08000384   0x00000090   Code   RO         4433    i.DMA0_Channel1_IRQHandler  uart_dma.o
    0x08000414   0x000000a8   Code   RO         4434    i.DMA0_Channel3_IRQHandler  uart_dma.o
    0x080004bc   0x00000034   Code   RO         4435    i.DMA_SendEn        uart_dma.o
    0x080004f0   0x00000048   Code   RO         4436    i.DMAbufInit        uart_dma.o
    0x08000538   0x00000002   Code   RO            4    i.DebugMon_Handler  gd32f30x_it.o
    0x0800053a   0x00000004   Code   RO            5    i.HardFault_Handler  gd32f30x_it.o
    0x0800053e   0x00000004   Code   RO            6    i.MemManage_Handler  gd32f30x_it.o
    0x08000542   0x00000002   Code   RO            7    i.NMI_Handler       gd32f30x_it.o
    0x08000544   0x00000028   Code   RO          285    i.NVIC_SetPriority  systick.o
    0x0800056c   0x00000002   Code   RO            8    i.PendSV_Handler    gd32f30x_it.o
    0x0800056e   0x00000002   Code   RO            9    i.SVC_Handler       gd32f30x_it.o
    0x08000570   0x0000000c   Code   RO           10    i.SysTick_Handler   gd32f30x_it.o
    0x0800057c   0x00000050   Code   RO          329    i.SystemInit        system_gd32f30x.o
    0x080005cc   0x0000001c   Code   RO         4437    i.UAprintf          uart_dma.o
    0x080005e8   0x0000001c   Code   RO         4438    i.UCprintf          uart_dma.o
    0x08000604   0x00000044   Code   RO         4439    i.UartA_Available   uart_dma.o
    0x08000648   0x000000fc   Code   RO         4440    i.UartA_DmaInitial  uart_dma.o
    0x08000744   0x0000002c   Code   RO         4441    i.UartA_read        uart_dma.o
    0x08000770   0x000000b8   Code   RO         4442    i.UartA_write       uart_dma.o
    0x08000828   0x00000002   Code   RO         4444    i.UartB_write       uart_dma.o
    0x0800082a   0x00000002   PAD
    0x0800082c   0x00000044   Code   RO         4445    i.UartC_Available   uart_dma.o
    0x08000870   0x000000fc   Code   RO         4446    i.UartC_DmaInitial  uart_dma.o
    0x0800096c   0x0000002c   Code   RO         4447    i.UartC_read        uart_dma.o
    0x08000998   0x000000b8   Code   RO         4448    i.UartC_write       uart_dma.o
    0x08000a50   0x00000004   Code   RO           11    i.UsageFault_Handler  gd32f30x_it.o
    0x08000a54   0x0000000e   Code   RO         4639    i.__scatterload_copy  mc_w.l(handlers.o)
    0x08000a62   0x00000002   Code   RO         4640    i.__scatterload_null  mc_w.l(handlers.o)
    0x08000a64   0x0000000e   Code   RO         4641    i.__scatterload_zeroinit  mc_w.l(handlers.o)
    0x08000a72   0x0000001a   Code   RO         4449    i.con_strnlen       uart_dma.o
    0x08000a8c   0x00000014   Code   RO          286    i.delay_1ms         systick.o
    0x08000aa0   0x00000018   Code   RO          287    i.delay_decrement   systick.o
    0x08000ab8   0x00000032   Code   RO         1413    i.dma_channel_disable  gd32f30x_dma.o
    0x08000aea   0x00000032   Code   RO         1414    i.dma_channel_enable  gd32f30x_dma.o
    0x08000b1c   0x00000032   Code   RO         1415    i.dma_circulation_disable  gd32f30x_dma.o
    0x08000b4e   0x00000032   Code   RO         1416    i.dma_circulation_enable  gd32f30x_dma.o
    0x08000b80   0x00000070   Code   RO         1417    i.dma_deinit        gd32f30x_dma.o
    0x08000bf0   0x0000012e   Code   RO         1420    i.dma_init          gd32f30x_dma.o
    0x08000d1e   0x00000032   Code   RO         1422    i.dma_interrupt_enable  gd32f30x_dma.o
    0x08000d50   0x00000010   Code   RO         1423    i.dma_interrupt_flag_clear  gd32f30x_dma.o
    0x08000d60   0x00000082   Code   RO         1424    i.dma_interrupt_flag_get  gd32f30x_dma.o
    0x08000de2   0x00000032   Code   RO         1428    i.dma_memory_to_memory_disable  gd32f30x_dma.o
    0x08000e14   0x00000018   Code   RO         1432    i.dma_periph_and_channel_check  gd32f30x_dma.o
    0x08000e2c   0x00000022   Code   RO         1440    i.dma_transfer_number_get  gd32f30x_dma.o
    0x08000e4e   0x00000018   Code   RO         4597    i.fabs              m_wm.l(fabs.o)
    0x08000e66   0x00000002   PAD
    0x08000e68   0x00000228   Code   RO         4450    i.ftoa_engine       uart_dma.o
    0x08001090   0x00000040   Code   RO         4375    i.gd_eval_led_init  gd32f303e_eval.o
    0x080010d0   0x00000018   Code   RO         4376    i.gd_eval_led_off   gd32f303e_eval.o
    0x080010e8   0x00000018   Code   RO         4377    i.gd_eval_led_on    gd32f303e_eval.o
    0x08001100   0x000000bc   Code   RO         2152    i.gpio_init         gd32f30x_gpio.o
    0x080011bc   0x0000003c   Code   RO          185    i.led_spark         main.o
    0x080011f8   0x0000012c   Code   RO          186    i.main              main.o
    0x08001324   0x00000018   Code   RO          187    i.nvic_config       main.o
    0x0800133c   0x000000c4   Code   RO         2470    i.nvic_irq_enable   gd32f30x_misc.o
    0x08001400   0x00000014   Code   RO         2471    i.nvic_priority_group_set  gd32f30x_misc.o
    0x08001414   0x00000818   Code   RO         4451    i.print_vprintf     uart_dma.o
    0x08001c2c   0x00000158   Code   RO         2668    i.rcu_clock_freq_get  gd32f30x_rcu.o
    0x08001d84   0x00000020   Code   RO         2686    i.rcu_periph_clock_enable  gd32f30x_rcu.o
    0x08001da4   0x00000114   Code   RO          330    i.system_clock_120m_hxtal  system_gd32f30x.o
    0x08001eb8   0x00000008   Code   RO          331    i.system_clock_config  system_gd32f30x.o
    0x08001ec0   0x00000050   Code   RO          288    i.systick_config    systick.o
    0x08001f10   0x000000be   Code   RO         4452    i.ultoa_invert      uart_dma.o
    0x08001fce   0x00000002   PAD
    0x08001fd0   0x000000c0   Code   RO         4453    i.usartAC_config    uart_dma.o
    0x08002090   0x00000090   Code   RO         3993    i.usart_baudrate_set  gd32f30x_usart.o
    0x08002120   0x00000010   Code   RO         4000    i.usart_dma_receive_config  gd32f30x_usart.o
    0x08002130   0x00000010   Code   RO         4001    i.usart_dma_transmit_config  gd32f30x_usart.o
    0x08002140   0x0000000a   Code   RO         4002    i.usart_enable      gd32f30x_usart.o
    0x0800214a   0x00000010   Code   RO         4024    i.usart_parity_config  gd32f30x_usart.o
    0x0800215a   0x00000010   Code   RO         4026    i.usart_receive_config  gd32f30x_usart.o
    0x0800216a   0x00000010   Code   RO         4036    i.usart_stop_bit_set  gd32f30x_usart.o
    0x0800217a   0x00000010   Code   RO         4040    i.usart_transmit_config  gd32f30x_usart.o
    0x0800218a   0x00000010   Code   RO         4041    i.usart_word_length_set  gd32f30x_usart.o
    0x0800219a   0x00000018   Code   RO         4454    i.writeOneByte2Buffer  uart_dma.o
    0x080021b2   0x00000002   PAD
    0x080021b4   0x000000a0   Data   RO         4456    .constdata          uart_dma.o
    0x08002254   0x00000020   Data   RO         4637    Region$$Table       anon$$obj.o


    Execution Region RW_IRAM1 (Base: 0x20000000, Size: 0x000030f8, Max: 0x00010000, ABSOLUTE)

    Base Addr    Size         Type   Attr      Idx    E Section Name        Object

    0x20000000   0x00000004   Data   RW          188    .data               main.o
    0x20000004   0x00000004   Data   RW          289    .data               systick.o
    0x20000008   0x00000004   Data   RW          332    .data               system_gd32f30x.o
    0x2000000c   0x0000008c   Data   RW         4379    .data               gd32f303e_eval.o
    0x20000098   0x00001060   Zero   RW         4455    .bss                uart_dma.o
    0x200010f8   0x00002000   Zero   RW         4363    STACK               startup_gd32f30x_hd.o


==============================================================================

Image component sizes


      Code (inc. data)   RO Data    RW Data    ZI Data      Debug   Object Name

       112         30          0        140          0       2654   gd32f303e_eval.o
       918          6          0          0          0      14070   gd32f30x_dma.o
       188          0          0          0          0        936   gd32f30x_gpio.o
        36          0          0          0          0      35994   gd32f30x_it.o
       216         20          0          0          0       1524   gd32f30x_misc.o
       376         38          0          0          0      19035   gd32f30x_rcu.o
       266          8          0          0          0       6105   gd32f30x_usart.o
       384         38          0          4          0       9845   main.o
        36          8        304          0       8192        900   startup_gd32f30x_hd.o
       364         32          0          4          0       2039   system_gd32f30x.o
       164         24          0          4          0      28938   systick.o
      4646        194        160          0       4192      20110   uart_dma.o

    ----------------------------------------------------------------------
      7714        398        496        152      12384     142150   Object Totals
         0          0         32          0          0          0   (incl. Generated)
         8          0          0          0          0          0   (incl. Padding)

    ----------------------------------------------------------------------

      Code (inc. data)   RO Data    RW Data    ZI Data      Debug   Library Member Name

        24          0          0          0          0        124   fabs.o
         0          0          0          0          0          0   entry.o
         0          0          0          0          0          0   entry10a.o
         0          0          0          0          0          0   entry11a.o
         8          4          0          0          0          0   entry2.o
         4          0          0          0          0          0   entry5.o
         0          0          0          0          0          0   entry7b.o
         0          0          0          0          0          0   entry8b.o
         8          4          0          0          0          0   entry9a.o
        30          0          0          0          0          0   handlers.o
        36          8          0          0          0         68   init.o
         0          0          0          0          0          0   iusefp.o
        98          0          0          0          0         84   ldiv.o
        30          0          0          0          0         68   llshl.o
        36          0          0          0          0         68   llsshr.o
        32          0          0          0          0         68   llushr.o
        98          0          0          0          0         92   uldiv.o
        56          0          0          0          0         88   d2f.o
        38          0          0          0          0         68   f2d.o
       110          0          0          0          0        168   fepilogue.o

    ----------------------------------------------------------------------
       610         16          0          0          0        896   Library Totals
         2          0          0          0          0          0   (incl. Padding)

    ----------------------------------------------------------------------

      Code (inc. data)   RO Data    RW Data    ZI Data      Debug   Library Name

        24          0          0          0          0        124   m_wm.l
       380         16          0          0          0        448   mc_w.l
       204          0          0          0          0        324   mf_w.l

    ----------------------------------------------------------------------
       610         16          0          0          0        896   Library Totals

    ----------------------------------------------------------------------

==============================================================================


      Code (inc. data)   RO Data    RW Data    ZI Data      Debug   

      8324        414        496        152      12384     136490   Grand Totals
      8324        414        496        152      12384     136490   ELF Image Totals
      8324        414        496        152          0          0   ROM Totals

==============================================================================

    Total RO  Size (Code + RO Data)                 8820 (   8.61kB)
    Total RW  Size (RW Data + ZI Data)             12536 (  12.24kB)
    Total ROM Size (Code + RO Data + RW Data)       8972 (   8.76kB)

==============================================================================

